Archive member included to satisfy reference by file (symbol)

contiki-stm32nucleo-spirit1.a(mqtt.o)
                              sensor-demoestesi.co (mqtt_disconnect)
contiki-stm32nucleo-spirit1.a(temperature-sen)
                              sensor-demoestesi.co (temperature_sensor)
contiki-stm32nucleo-spirit1.a(humidity-sensor)
                              sensor-demoestesi.co (humidity_sensor)
contiki-stm32nucleo-spirit1.a(pressure-sensor)
                              sensor-demoestesi.co (pressure_sensor)
contiki-stm32nucleo-spirit1.a(magneto-sensor.)
                              obj_stm32nucleo-spirit1/contiki-spirit1-main.o (magneto_sensor)
contiki-stm32nucleo-spirit1.a(acceleration-se)
                              obj_stm32nucleo-spirit1/contiki-spirit1-main.o (acceleration_sensor)
contiki-stm32nucleo-spirit1.a(gyroscope-senso)
                              obj_stm32nucleo-spirit1/contiki-spirit1-main.o (gyroscope_sensor)
contiki-stm32nucleo-spirit1.a(x_nucleo_iks01a)
                              contiki-stm32nucleo-spirit1.a(temperature-sen) (BSP_HUM_TEMP_Init)
contiki-stm32nucleo-spirit1.a(x_nucleo_iks01a)
                              contiki-stm32nucleo-spirit1.a(acceleration-se) (BSP_IMU_6AXES_Init)
contiki-stm32nucleo-spirit1.a(x_nucleo_iks01a)
                              contiki-stm32nucleo-spirit1.a(magneto-sensor.) (BSP_MAGNETO_Init)
contiki-stm32nucleo-spirit1.a(x_nucleo_iks01a)
                              contiki-stm32nucleo-spirit1.a(pressure-sensor) (BSP_PRESSURE_Init)
contiki-stm32nucleo-spirit1.a(hts221.o)
                              contiki-stm32nucleo-spirit1.a(x_nucleo_iks01a) (Hts221Drv)
contiki-stm32nucleo-spirit1.a(lis3mdl.o)
                              contiki-stm32nucleo-spirit1.a(x_nucleo_iks01a) (LIS3MDLDrv)
contiki-stm32nucleo-spirit1.a(lps25h.o)
                              contiki-stm32nucleo-spirit1.a(x_nucleo_iks01a) (LPS25HDrv)
contiki-stm32nucleo-spirit1.a(lps25hb.o)
                              contiki-stm32nucleo-spirit1.a(x_nucleo_iks01a) (LPS25HBDrv)
contiki-stm32nucleo-spirit1.a(lsm6ds0.o)
                              contiki-stm32nucleo-spirit1.a(x_nucleo_iks01a) (LSM6DS0Drv)
contiki-stm32nucleo-spirit1.a(lsm6ds3.o)
                              contiki-stm32nucleo-spirit1.a(x_nucleo_iks01a) (LSM6DS3Drv)
contiki-stm32nucleo-spirit1.a(button-sensor.o)
                              sensor-demoestesi.co (button_sensor)
contiki-stm32nucleo-spirit1.a(radio-sensor.o)
                              obj_stm32nucleo-spirit1/contiki-spirit1-main.o (radio_sensor)
contiki-stm32nucleo-spirit1.a(spirit1.o)
                              obj_stm32nucleo-spirit1/contiki-spirit1-main.o (spirit_radio_driver)
contiki-stm32nucleo-spirit1.a(node-id.o)
                              obj_stm32nucleo-spirit1/contiki-spirit1-main.o (node_id)
contiki-stm32nucleo-spirit1.a(spirit1_appli.o)
                              contiki-stm32nucleo-spirit1.a(spirit1.o) (rx_timeout)
contiki-stm32nucleo-spirit1.a(stm32l1xx_it.o)
                              obj_stm32nucleo-spirit1/startup_stm32l152xe.o (EXTI9_5_IRQHandler)
contiki-stm32nucleo-spirit1.a(stm32cube_hal_i)
                              contiki-stm32nucleo-spirit1.a(stm32l1xx_it.o) (I2cHandle)
contiki-stm32nucleo-spirit1.a(stm32l1xx_nucle)
                              contiki-stm32nucleo-spirit1.a(button-sensor.o) (BSP_PB_Init)
contiki-stm32nucleo-spirit1.a(radio_gpio.o)
                              contiki-stm32nucleo-spirit1.a(spirit1.o) (RadioGpioInit)
contiki-stm32nucleo-spirit1.a(radio_shield_co)
                              contiki-stm32nucleo-spirit1.a(spirit1_appli.o) (RadioShieldLedInit)
contiki-stm32nucleo-spirit1.a(radio_spi.o)
                              contiki-stm32nucleo-spirit1.a(spirit1.o) (SdkEvalSpiInit)
contiki-stm32nucleo-spirit1.a(SPIRIT1_Util.o)
                              contiki-stm32nucleo-spirit1.a(spirit1_appli.o) (Spirit1InterfaceInit)
contiki-stm32nucleo-spirit1.a(SPIRIT_Commands)
                              contiki-stm32nucleo-spirit1.a(spirit1.o) (SpiritCmdStrobeCommand)
contiki-stm32nucleo-spirit1.a(SPIRIT_General.)
                              contiki-stm32nucleo-spirit1.a(SPIRIT1_Util.o) (SpiritGeneralSetExtRef)
contiki-stm32nucleo-spirit1.a(SPIRIT_Gpio.o)
                              contiki-stm32nucleo-spirit1.a(spirit1.o) (SpiritGpioInit)
contiki-stm32nucleo-spirit1.a(SPIRIT_Irq.o)
                              contiki-stm32nucleo-spirit1.a(spirit1.o) (SpiritIrqDeInit)
contiki-stm32nucleo-spirit1.a(SPIRIT_LinearFi)
                              contiki-stm32nucleo-spirit1.a(spirit1.o) (SpiritLinearFifoReadNumElementsRxFifo)
contiki-stm32nucleo-spirit1.a(SPIRIT_Manageme)
                              contiki-stm32nucleo-spirit1.a(spirit1.o) (SpiritManagementSetFrequencyBase)
contiki-stm32nucleo-spirit1.a(SPIRIT_PktBasic)
                              contiki-stm32nucleo-spirit1.a(spirit1.o) (SpiritPktBasicInit)
contiki-stm32nucleo-spirit1.a(SPIRIT_PktCommo)
[...]
Memory Configuration

Name             Origin             Length             Attributes
FLASH            0x0000000008000000 0x0000000000080000 xr
RAM              0x0000000020000000 0x0000000000014000 xrw
*default*        0x0000000000000000 0xffffffffffffffff

Linker script and memory map

LOAD /usr/lib/gcc/arm-none-eabi/4.9.3/armv7-m/crti.o
LOAD /usr/lib/gcc/arm-none-eabi/4.9.3/armv7-m/crtbegin.o
LOAD /usr/lib/gcc/arm-none-eabi/4.9.3/../../../arm-none-eabi/lib/armv7-m/crt0.o
LOAD /usr/lib/gcc/arm-none-eabi/4.9.3/../../../arm-none-eabi/lib/armv7-m/libm.a
LOAD /home/diego/Documentos/NuevoProyecto/contiki/cpu/arm/stm32l152/lib/smallprintf_thumb2.a
LOAD sensor-demoestesi.co
LOAD obj_stm32nucleo-spirit1/contiki-spirit1-main.o
LOAD obj_stm32nucleo-spirit1/startup_stm32l152xe.o
LOAD obj_stm32nucleo-spirit1/symbols.o
START GROUP
LOAD contiki-stm32nucleo-spirit1.a
END GROUP
LOAD obj_stm32nucleo-spirit1/syscalls.o
LOAD obj_stm32nucleo-spirit1/console.o
LOAD obj_stm32nucleo-spirit1/crt.o
LOAD obj_stm32nucleo-spirit1/uart.o
START GROUP
LOAD /usr/lib/gcc/arm-none-eabi/4.9.3/armv7-m/libgcc.a
LOAD /usr/lib/gcc/arm-none-eabi/4.9.3/../../../arm-none-eabi/lib/armv7-m/libc.a
END GROUP
LOAD /usr/lib/gcc/arm-none-eabi/4.9.3/armv7-m/crtend.o
LOAD /usr/lib/gcc/arm-none-eabi/4.9.3/armv7-m/crtn.o
                0x0000000020014000                _estack = 0x20014000
                0x0000000000000000                _Min_Heap_Size = 0x0
                0x0000000000000000                _Min_Stack_Size = 0x0

.isr_vector     0x0000000008000000      0x13c
                0x0000000008000000                . = ALIGN (0x4)
 *(.isr_vector)
 .isr_vector    0x0000000008000000      0x13c obj_stm32nucleo-spirit1/startup_stm32l152xe.o
                0x0000000008000000                g_pfnVectors
                0x000000000800013c                . = ALIGN (0x4)

.text           0x0000000008000140    0x268b4
                0x0000000008000140                . = ALIGN (0x4)
 *(.text)
 .text          0x0000000008000140       0xa4 /usr/lib/gcc/arm-none-eabi/4.9.3/armv7-m/crtbegin.o
 .text          0x00000000080001e4      0x370 /usr/lib/gcc/arm-none-eabi/4.9.3/armv7-m/libgcc.a(_arm_addsubdf3.o)
                0x00000000080001e4                __aeabi_drsub
                0x00000000080001ec                __aeabi_dsub
                0x00000000080001ec                __subdf3
                0x00000000080001f0                __adddf3
                0x00000000080001f0                __aeabi_dadd
                0x0000000008000468                __aeabi_ui2d
                0x0000000008000468                __floatunsidf
                0x0000000008000488                __floatsidf
                0x0000000008000488                __aeabi_i2d
                0x00000000080004ac                __extendsfdf2
                0x00000000080004ac                __aeabi_f2d
                0x00000000080004e8                __aeabi_ul2d
                0x00000000080004e8                __floatundidf
                0x00000000080004f8                __floatdidf
                0x00000000080004f8                __aeabi_l2d
 .text          0x0000000008000554      0x424 /usr/lib/gcc/arm-none-eabi/4.9.3/armv7-m/libgcc.a(_arm_muldivdf3.o)
                0x0000000008000554                __aeabi_dmul
                0x0000000008000554                __muldf3
                0x00000000080007a8                __aeabi_ddiv
                0x00000000080007a8                __divdf3
 .text          0x0000000008000978      0x110 /usr/lib/gcc/arm-none-eabi/4.9.3/armv7-m/libgcc.a(_arm_cmpdf2.o)
                0x0000000008000978                __gtdf2
                0x0000000008000978                __gedf2
                0x0000000008000980                __ltdf2
                0x0000000008000980                __ledf2
                0x0000000008000988                __cmpdf2
                0x0000000008000988                __eqdf2
                0x0000000008000988                __nedf2
                0x0000000008000a04                __aeabi_cdrcmple
                0x0000000008000a14                __aeabi_cdcmple
                0x0000000008000a14                __aeabi_cdcmpeq
                0x0000000008000a24                __aeabi_dcmpeq
                0x0000000008000a38                __aeabi_dcmplt
                0x0000000008000a4c                __aeabi_dcmple
                0x0000000008000a60                __aeabi_dcmpge
                0x0000000008000a74                __aeabi_dcmpgt
 .text          0x0000000008000a88       0x50 /usr/lib/gcc/arm-none-eabi/4.9.3/armv7-m/libgcc.a(_arm_fixdfsi.o)
                0x0000000008000a88                __fixdfsi
                0x0000000008000a88                __aeabi_d2iz
 .text          0x0000000008000ad8       0x40 /usr/lib/gcc/arm-none-eabi/4.9.3/armv7-m/libgcc.a(_arm_fixunsdfsi.o)
                0x0000000008000ad8                __fixunsdfsi
                0x0000000008000ad8                __aeabi_d2uiz
 .text          0x0000000008000b18       0xa0 /usr/lib/gcc/arm-none-eabi/4.9.3/armv7-m/libgcc.a(_arm_truncdfsf2.o)
                0x0000000008000b18                __aeabi_d2f
                0x0000000008000b18                __truncdfsf2
 .text          0x0000000008000bb8      0x21c /usr/lib/gcc/arm-none-eabi/4.9.3/armv7-m/libgcc.a(_arm_addsubsf3.o)
                0x0000000008000bb8                __aeabi_frsub
                0x0000000008000bc0                __subsf3
                0x0000000008000bc0                __aeabi_fsub
                0x0000000008000bc4                __aeabi_fadd
                0x0000000008000bc4                __addsf3
                0x0000000008000d24                __aeabi_ui2f
                0x0000000008000d24                __floatunsisf
                0x0000000008000d2c                __aeabi_i2f
                0x0000000008000d2c                __floatsisf
                0x0000000008000d48                __floatundisf
                0x0000000008000d48                __aeabi_ul2f
                0x0000000008000d58                __floatdisf
                0x0000000008000d58                __aeabi_l2f
 .text          0x0000000008000dd4      0x2a0 /usr/lib/gcc/arm-none-eabi/4.9.3/armv7-m/libgcc.a(_arm_muldivsf3.o)
                0x0000000008000dd4                __mulsf3
                0x0000000008000dd4                __aeabi_fmul
                0x0000000008000f3c                __divsf3
                0x0000000008000f3c                __aeabi_fdiv
 .text          0x0000000008001074       0xec /usr/lib/gcc/arm-none-eabi/4.9.3/armv7-m/libgcc.a(_arm_cmpsf2.o)
                0x0000000008001074                __gtsf2
                0x0000000008001074                __gesf2
                0x000000000800107c                __lesf2
                0x000000000800107c                __ltsf2
                0x0000000008001084                __nesf2
                0x0000000008001084                __eqsf2
                0x0000000008001084                __cmpsf2
                0x00000000080010e4                __aeabi_cfrcmple
                0x00000000080010ec                __aeabi_cfcmple
                0x00000000080010ec                __aeabi_cfcmpeq
                0x00000000080010fc                __aeabi_fcmpeq
                0x0000000008001110                __aeabi_fcmplt
                0x0000000008001124                __aeabi_fcmple
                0x0000000008001138                __aeabi_fcmpge
                0x000000000800114c                __aeabi_fcmpgt
 .text          0x0000000008001160       0x4c /usr/lib/gcc/arm-none-eabi/4.9.3/armv7-m/libgcc.a(_arm_fixsfsi.o)
                0x0000000008001160                __fixsfsi
                0x0000000008001160                __aeabi_f2iz
 .text          0x00000000080011ac       0x40 /usr/lib/gcc/arm-none-eabi/4.9.3/armv7-m/libgcc.a(_arm_fixunssfsi.o)
                0x00000000080011ac                __aeabi_f2uiz
                0x00000000080011ac                __fixunssfsi
 .text          0x00000000080011ec       0xec /usr/lib/gcc/arm-none-eabi/4.9.3/../../../arm-none-eabi/lib/armv7-m/libc.a(lib_a-memcpy.o)
                0x00000000080011ec                memcpy
 .text          0x00000000080012d8       0x30 /usr/lib/gcc/arm-none-eabi/4.9.3/armv7-m/libgcc.a(_aeabi_uldivmod.o)
                0x00000000080012d8                __aeabi_uldivmod
 .text          0x0000000008001308       0x60 /usr/lib/gcc/arm-none-eabi/4.9.3/armv7-m/libgcc.a(bpabi.o)
                0x0000000008001308                __gnu_ldivmod_helper
                0x0000000008001338                __gnu_uldivmod_helper
 .text          0x0000000008001368        0x4 /usr/lib/gcc/arm-none-eabi/4.9.3/armv7-m/libgcc.a(_dvmd_tls.o)
                0x0000000008001368                __aeabi_ldiv0
                0x0000000008001368                __aeabi_idiv0
 .text          0x000000000800136c      0x2ac /usr/lib/gcc/arm-none-eabi/4.9.3/armv7-m/libgcc.a(_divdi3.o)
                0x000000000800136c                __divdi3
 .text          0x0000000008001618      0x270 /usr/lib/gcc/arm-none-eabi/4.9.3/armv7-m/libgcc.a(_udivdi3.o)
                0x0000000008001618                __udivdi3
 *(.text*)
 .text.publish_led_off
                0x0000000008001888       0x14 sensor-demoestesi.co
 .text.pub_handler
                0x000000000800189c       0x90 sensor-demoestesi.co
 .text.mqtt_event
                0x000000000800192c      0x11c sensor-demoestesi.co
 .text.construct_pub_topic
                0x0000000008001a48       0x48 sensor-demoestesi.co
 .text.construct_sub_topic
                0x0000000008001a90       0x54 sensor-demoestesi.co
 .text.construct_client_id
                0x0000000008001ae4       0x74 sensor-demoestesi.co
 .text.update_config
                0x0000000008001b58       0x60 sensor-demoestesi.co
 .text.init_config
                0x0000000008001bb8       0x5c sensor-demoestesi.co
 .text.subscribe
                0x0000000008001c14       0x40 sensor-demoestesi.co
 .text.publish  0x0000000008001c54       0xcc sensor-demoestesi.co
 .text.connect_to_broker
                0x0000000008001d20       0x34 sensor-demoestesi.co
 .text.print_local_addresses
                0x0000000008001d54       0x74 sensor-demoestesi.co
 .text.state_machine
                0x0000000008001dc8      0x224 sensor-demoestesi.co
 .text.process_thread_mqtt_demo_process
                0x0000000008001fec      0x138 sensor-demoestesi.co
 .text.process_thread_lvl_process
                0x0000000008002124      0x170 sensor-demoestesi.co
 .text.process_thread_buzzer_process
                0x0000000008002294       0x2c sensor-demoestesi.co
 .text.process_thread_temp_process
                0x00000000080022c0      0x134 sensor-demoestesi.co
 .text.process_thread_Humidity_process
                0x00000000080023f4      0x130 sensor-demoestesi.co
 .text.main     0x0000000008002524       0xec obj_stm32nucleo-spirit1/contiki-spirit1-main.o
                0x0000000008002524                main
 .text.set_rime_addr
                0x0000000008002610       0x34 obj_stm32nucleo-spirit1/contiki-spirit1-main.o
 .text.Reset_Handler
                0x0000000008002644       0x48 obj_stm32nucleo-spirit1/startup_stm32l152xe.o
                0x0000000008002644                Reset_Handler
 .text.Default_Handler
                0x000000000800268c        0x2 obj_stm32nucleo-spirit1/startup_stm32l152xe.o
                0x000000000800268c                RTC_Alarm_IRQHandler
                0x000000000800268c                COMP_ACQ_IRQHandler
                0x000000000800268c                TIM10_IRQHandler
                0x000000000800268c                USB_HP_IRQHandler
                0x000000000800268c                TIM6_IRQHandler
                0x000000000800268c                PVD_IRQHandler
                0x000000000800268c                I2C2_EV_IRQHandler
                0x000000000800268c                SPI1_IRQHandler
                0x000000000800268c                USB_FS_WKUP_IRQHandler
                0x000000000800268c                DMA2_Channel2_IRQHandler
                0x000000000800268c                DMA1_Channel4_IRQHandler
                0x000000000800268c                ADC1_IRQHandler
                0x000000000800268c                USART3_IRQHandler
                0x000000000800268c                DMA1_Channel7_IRQHandler
                0x000000000800268c                LCD_IRQHandler
                0x000000000800268c                UART5_IRQHandler
                0x000000000800268c                TIM4_IRQHandler
                0x000000000800268c                DMA2_Channel1_IRQHandler
                0x000000000800268c                I2C1_EV_IRQHandler
                0x000000000800268c                DMA1_Channel6_IRQHandler
                0x000000000800268c                UART4_IRQHandler
                0x000000000800268c                DMA2_Channel4_IRQHandler
                0x000000000800268c                TIM3_IRQHandler
                0x000000000800268c                RCC_IRQHandler
                0x000000000800268c                DMA1_Channel1_IRQHandler
                0x000000000800268c                Default_Handler
                0x000000000800268c                TIM7_IRQHandler
                0x000000000800268c                TIM5_IRQHandler
                0x000000000800268c                TIM9_IRQHandler
                0x000000000800268c                TAMPER_STAMP_IRQHandler
                0x000000000800268c                RTC_WKUP_IRQHandler
                0x000000000800268c                SPI2_IRQHandler
                0x000000000800268c                DMA2_Channel5_IRQHandler
                0x000000000800268c                DMA1_Channel5_IRQHandler
                0x000000000800268c                USB_LP_IRQHandler
                0x000000000800268c                EXTI4_IRQHandler
                0x000000000800268c                DMA1_Channel3_IRQHandler
                0x000000000800268c                COMP_IRQHandler
                0x000000000800268c                DAC_IRQHandler
                0x000000000800268c                TIM11_IRQHandler
                0x000000000800268c                I2C2_ER_IRQHandler
                0x000000000800268c                DMA1_Channel2_IRQHandler
                0x000000000800268c                FLASH_IRQHandler
                0x000000000800268c                USART1_IRQHandler
                0x000000000800268c                SPI3_IRQHandler
                0x000000000800268c                I2C1_ER_IRQHandler
                0x000000000800268c                DMA2_Channel3_IRQHandler
 *fill*         0x000000000800268e        0x2 
 .text.call_event
                0x0000000008002690       0x38 contiki-stm32nucleo-spirit1.a(mqtt.o)
 .text.reset_defaults
                0x00000000080026c8       0x3c contiki-stm32nucleo-spirit1.a(mqtt.o)
 .text.abort_connection
                0x0000000008002704       0x60 contiki-stm32nucleo-spirit1.a(mqtt.o)
 .text.connect_tcp
                0x0000000008002764       0x6c contiki-stm32nucleo-spirit1.a(mqtt.o)
 .text.disconnect_tcp
                0x00000000080027d0       0x40 contiki-stm32nucleo-spirit1.a(mqtt.o)
 .text.send_out_buffer
                0x0000000008002810       0x50 contiki-stm32nucleo-spirit1.a(mqtt.o)
 .text.string_to_mqtt_string
                0x0000000008002860       0x3c contiki-stm32nucleo-spirit1.a(mqtt.o)
 .text.write_byte
                0x000000000800289c       0x44 contiki-stm32nucleo-spirit1.a(mqtt.o)
 .text.write_bytes
                0x00000000080028e0       0x94 contiki-stm32nucleo-spirit1.a(mqtt.o)
 .text.encode_remaining_length
                0x0000000008002974       0x64 contiki-stm32nucleo-spirit1.a(mqtt.o)
 .text.keep_alive_callback
                0x00000000080029d8       0x3c contiki-stm32nucleo-spirit1.a(mqtt.o)
 .text.reset_packet
                0x0000000008002a14       0x20 contiki-stm32nucleo-spirit1.a(mqtt.o)
 .text.connect_pt
                0x0000000008002a34      0x73c contiki-stm32nucleo-spirit1.a(mqtt.o)
 .text.disconnect_pt
                0x0000000008003170       0xd0 contiki-stm32nucleo-spirit1.a(mqtt.o)
 .text.subscribe_pt
                0x0000000008003240      0x2d4 contiki-stm32nucleo-spirit1.a(mqtt.o)
 .text.unsubscribe_pt
                0x0000000008003514      0x29c contiki-stm32nucleo-spirit1.a(mqtt.o)
 .text.publish_pt
                0x00000000080037b0      0x36c contiki-stm32nucleo-spirit1.a(mqtt.o)
 .text.pingreq_pt
                0x0000000008003b1c       0xf8 contiki-stm32nucleo-spirit1.a(mqtt.o)
 .text.handle_connack
                0x0000000008003c14       0x68 contiki-stm32nucleo-spirit1.a(mqtt.o)
 .text.handle_pingresp
                0x0000000008003c7c       0x14 contiki-stm32nucleo-spirit1.a(mqtt.o)
 .text.handle_suback
                0x0000000008003c90       0x50 contiki-stm32nucleo-spirit1.a(mqtt.o)
 .text.handle_unsuback
                0x0000000008003ce0       0x44 contiki-stm32nucleo-spirit1.a(mqtt.o)
 .text.handle_puback
                0x0000000008003d24       0x44 contiki-stm32nucleo-spirit1.a(mqtt.o)
 .text.handle_publish
                0x0000000008003d68       0x48 contiki-stm32nucleo-spirit1.a(mqtt.o)
 .text.parse_publish_vhdr
                0x0000000008003db0      0x16c contiki-stm32nucleo-spirit1.a(mqtt.o)
 .text.tcp_input
                0x0000000008003f1c      0x338 contiki-stm32nucleo-spirit1.a(mqtt.o)
 .text.tcp_event
                0x0000000008004254       0xd4 contiki-stm32nucleo-spirit1.a(mqtt.o)
 .text.process_thread_mqtt_process
                0x0000000008004328      0x6e0 contiki-stm32nucleo-spirit1.a(mqtt.o)
 .text.mqtt_init
                0x0000000008004a08       0xec contiki-stm32nucleo-spirit1.a(mqtt.o)
                0x0000000008004a08                mqtt_init
 .text.mqtt_register
                0x0000000008004af4       0x70 contiki-stm32nucleo-spirit1.a(mqtt.o)
                0x0000000008004af4                mqtt_register
 .text.mqtt_connect
                0x0000000008004b64       0xa8 contiki-stm32nucleo-spirit1.a(mqtt.o)
                0x0000000008004b64                mqtt_connect
 .text.mqtt_disconnect
                0x0000000008004c0c       0x38 contiki-stm32nucleo-spirit1.a(mqtt.o)
                0x0000000008004c0c                mqtt_disconnect
 .text.mqtt_subscribe
                0x0000000008004c44       0x98 contiki-stm32nucleo-spirit1.a(mqtt.o)
                0x0000000008004c44                mqtt_subscribe
 .text.mqtt_publish
                0x0000000008004cdc       0xb0 contiki-stm32nucleo-spirit1.a(mqtt.o)
                0x0000000008004cdc                mqtt_publish
 .text.init     0x0000000008004d8c       0x20 contiki-stm32nucleo-spirit1.a(temperature-sen)
 .text.activate
                0x0000000008004dac       0x18 contiki-stm32nucleo-spirit1.a(temperature-sen)
 .text.deactivate
                0x0000000008004dc4       0x18 contiki-stm32nucleo-spirit1.a(temperature-sen)
 .text.active   0x0000000008004ddc       0x18 contiki-stm32nucleo-spirit1.a(temperature-sen)
 .text.value    0x0000000008004df4       0x38 contiki-stm32nucleo-spirit1.a(temperature-sen)
 .text.configure
                0x0000000008004e2c       0x3c contiki-stm32nucleo-spirit1.a(temperature-sen)
 .text.status   0x0000000008004e68       0x20 contiki-stm32nucleo-spirit1.a(temperature-sen)
 .text.init     0x0000000008004e88       0x20 contiki-stm32nucleo-spirit1.a(humidity-sensor)
 .text.activate
                0x0000000008004ea8       0x18 contiki-stm32nucleo-spirit1.a(humidity-sensor)
 .text.deactivate
                0x0000000008004ec0       0x18 contiki-stm32nucleo-spirit1.a(humidity-sensor)
 .text.active   0x0000000008004ed8       0x18 contiki-stm32nucleo-spirit1.a(humidity-sensor)
 .text.value    0x0000000008004ef0       0x38 contiki-stm32nucleo-spirit1.a(humidity-sensor)
 .text.configure
                0x0000000008004f28       0x3c contiki-stm32nucleo-spirit1.a(humidity-sensor)
 .text.status   0x0000000008004f64       0x20 contiki-stm32nucleo-spirit1.a(humidity-sensor)
 .text.init     0x0000000008004f84       0x14 contiki-stm32nucleo-spirit1.a(pressure-sensor)
 .text.activate
                0x0000000008004f98       0x18 contiki-stm32nucleo-spirit1.a(pressure-sensor)
 .text.deactivate
                0x0000000008004fb0       0x18 contiki-stm32nucleo-spirit1.a(pressure-sensor)
 .text.active   0x0000000008004fc8       0x18 contiki-stm32nucleo-spirit1.a(pressure-sensor)
 .text.value    0x0000000008004fe0       0x38 contiki-stm32nucleo-spirit1.a(pressure-sensor)
 .text.configure
                0x0000000008005018       0x3c contiki-stm32nucleo-spirit1.a(pressure-sensor)
 .text.status   0x0000000008005054       0x20 contiki-stm32nucleo-spirit1.a(pressure-sensor)
 .text.init     0x0000000008005074       0x14 contiki-stm32nucleo-spirit1.a(magneto-sensor.)
 .text.activate
                0x0000000008005088       0x18 contiki-stm32nucleo-spirit1.a(magneto-sensor.)
 .text.deactivate
                0x00000000080050a0       0x18 contiki-stm32nucleo-spirit1.a(magneto-sensor.)
 .text.active   0x00000000080050b8       0x18 contiki-stm32nucleo-spirit1.a(magneto-sensor.)
 .text.value    0x00000000080050d0       0x50 contiki-stm32nucleo-spirit1.a(magneto-sensor.)
 .text.configure
                0x0000000008005120       0x3c contiki-stm32nucleo-spirit1.a(magneto-sensor.)
 .text.status   0x000000000800515c       0x20 contiki-stm32nucleo-spirit1.a(magneto-sensor.)
 .text.init     0x000000000800517c       0x24 contiki-stm32nucleo-spirit1.a(acceleration-se)
 .text.activate
                0x00000000080051a0       0x18 contiki-stm32nucleo-spirit1.a(acceleration-se)
 .text.deactivate
                0x00000000080051b8       0x18 contiki-stm32nucleo-spirit1.a(acceleration-se)
 .text.active   0x00000000080051d0       0x18 contiki-stm32nucleo-spirit1.a(acceleration-se)
 .text.value    0x00000000080051e8       0x50 contiki-stm32nucleo-spirit1.a(acceleration-se)
 .text.configure
                0x0000000008005238       0x3c contiki-stm32nucleo-spirit1.a(acceleration-se)
 .text.status   0x0000000008005274       0x20 contiki-stm32nucleo-spirit1.a(acceleration-se)
 .text.init     0x0000000008005294       0x24 contiki-stm32nucleo-spirit1.a(gyroscope-senso)
 .text.activate
                0x00000000080052b8       0x18 contiki-stm32nucleo-spirit1.a(gyroscope-senso)
 .text.deactivate
                0x00000000080052d0       0x18 contiki-stm32nucleo-spirit1.a(gyroscope-senso)
 .text.active   0x00000000080052e8       0x18 contiki-stm32nucleo-spirit1.a(gyroscope-senso)
 .text.value    0x0000000008005300       0x50 contiki-stm32nucleo-spirit1.a(gyroscope-senso)
 .text.configure
                0x0000000008005350       0x3c contiki-stm32nucleo-spirit1.a(gyroscope-senso)
 .text.status   0x000000000800538c       0x20 contiki-stm32nucleo-spirit1.a(gyroscope-senso)
 .text.BSP_HUM_TEMP_Init
                0x00000000080053ac       0xac contiki-stm32nucleo-spirit1.a(x_nucleo_iks01a)
                0x00000000080053ac                BSP_HUM_TEMP_Init
 .text.BSP_HUM_TEMP_isInitialized
                0x0000000008005458       0x18 contiki-stm32nucleo-spirit1.a(x_nucleo_iks01a)
                0x0000000008005458                BSP_HUM_TEMP_isInitialized
 .text.BSP_HUM_TEMP_GetHumidity
                0x0000000008005470       0x30 contiki-stm32nucleo-spirit1.a(x_nucleo_iks01a)
                0x0000000008005470                BSP_HUM_TEMP_GetHumidity
 .text.BSP_HUM_TEMP_GetTemperature
                0x00000000080054a0       0x30 contiki-stm32nucleo-spirit1.a(x_nucleo_iks01a)
                0x00000000080054a0                BSP_HUM_TEMP_GetTemperature
 .text.BSP_IMU_6AXES_Init
                0x00000000080054d0      0x1f0 contiki-stm32nucleo-spirit1.a(x_nucleo_iks01a)
                0x00000000080054d0                BSP_IMU_6AXES_Init
 .text.BSP_IMU_6AXES_isInitialized
                0x00000000080056c0       0x18 contiki-stm32nucleo-spirit1.a(x_nucleo_iks01a)
                0x00000000080056c0                BSP_IMU_6AXES_isInitialized
 .text.BSP_IMU_6AXES_X_GetAxesRaw
                0x00000000080056d8       0x30 contiki-stm32nucleo-spirit1.a(x_nucleo_iks01a)
                0x00000000080056d8                BSP_IMU_6AXES_X_GetAxesRaw
 .text.BSP_IMU_6AXES_G_GetAxesRaw
                0x0000000008005708       0x30 contiki-stm32nucleo-spirit1.a(x_nucleo_iks01a)
                0x0000000008005708                BSP_IMU_6AXES_G_GetAxesRaw
 .text.BSP_MAGNETO_Init
                0x0000000008005738       0xb8 contiki-stm32nucleo-spirit1.a(x_nucleo_iks01a)
                0x0000000008005738                BSP_MAGNETO_Init
 .text.BSP_MAGNETO_M_GetAxesRaw
                0x00000000080057f0       0x30 contiki-stm32nucleo-spirit1.a(x_nucleo_iks01a)
                0x00000000080057f0                BSP_MAGNETO_M_GetAxesRaw
 .text.BSP_PRESSURE_Init
                0x0000000008005820      0x1c0 contiki-stm32nucleo-spirit1.a(x_nucleo_iks01a)
                0x0000000008005820                BSP_PRESSURE_Init
 .text.BSP_PRESSURE_GetPressure
                0x00000000080059e0       0x30 contiki-stm32nucleo-spirit1.a(x_nucleo_iks01a)
                0x00000000080059e0                BSP_PRESSURE_GetPressure
 .text.HTS221_Calibration
                0x0000000008005a10      0x220 contiki-stm32nucleo-spirit1.a(hts221.o)
 .text.HTS221_Init
                0x0000000008005c30       0x90 contiki-stm32nucleo-spirit1.a(hts221.o)
 .text.HTS221_ReadID
                0x0000000008005cc0       0x28 contiki-stm32nucleo-spirit1.a(hts221.o)
 .text.HTS221_RebootCmd
                0x0000000008005ce8       0x4c contiki-stm32nucleo-spirit1.a(hts221.o)
 .text.HTS221_GetHumidity
                0x0000000008005d34      0x1d4 contiki-stm32nucleo-spirit1.a(hts221.o)
 .text.HTS221_GetTemperature
                0x0000000008005f08      0x19c contiki-stm32nucleo-spirit1.a(hts221.o)
 .text.HTS221_Power_On
                0x00000000080060a4       0x4c contiki-stm32nucleo-spirit1.a(hts221.o)
 .text.HTS221_Power_OFF
                0x00000000080060f0       0x4c contiki-stm32nucleo-spirit1.a(hts221.o)
 .text.LIS3MDL_Init
                0x000000000800613c      0x11c contiki-stm32nucleo-spirit1.a(lis3mdl.o)
 .text.LIS3MDL_Read_M_ID
                0x0000000008006258       0x28 contiki-stm32nucleo-spirit1.a(lis3mdl.o)
 .text.LIS3MDL_M_GetAxesRaw
                0x0000000008006280       0xb0 contiki-stm32nucleo-spirit1.a(lis3mdl.o)
 .text.LIS3MDL_M_GetAxes
                0x0000000008006330      0x104 contiki-stm32nucleo-spirit1.a(lis3mdl.o)
 .text.LPS25H_Init
                0x0000000008006434      0x138 contiki-stm32nucleo-spirit1.a(lps25h.o)
 .text.LPS25H_ReadID
                0x000000000800656c       0x30 contiki-stm32nucleo-spirit1.a(lps25h.o)
 .text.LPS25H_RebootCmd
                0x000000000800659c       0x58 contiki-stm32nucleo-spirit1.a(lps25h.o)
 .text.LPS25H_I2C_ReadRawPressure
                0x00000000080065f4       0x80 contiki-stm32nucleo-spirit1.a(lps25h.o)
 .text.LPS25H_GetPressure
                0x0000000008006674       0x48 contiki-stm32nucleo-spirit1.a(lps25h.o)
 .text.LPS25H_I2C_ReadRawTemperature
                0x00000000080066bc       0x50 contiki-stm32nucleo-spirit1.a(lps25h.o)
 .text.LPS25H_GetTemperature
                0x000000000800670c       0x54 contiki-stm32nucleo-spirit1.a(lps25h.o)
 .text.LPS25H_PowerOn
                0x0000000008006760       0x58 contiki-stm32nucleo-spirit1.a(lps25h.o)
 .text.LPS25H_PowerOff
                0x00000000080067b8       0x58 contiki-stm32nucleo-spirit1.a(lps25h.o)
 .text.LPS25H_SlaveAddrRemap
                0x0000000008006810       0x28 contiki-stm32nucleo-spirit1.a(lps25h.o)
 .text.LPS25HB_Init
                0x0000000008006838      0x138 contiki-stm32nucleo-spirit1.a(lps25hb.o)
 .text.LPS25HB_ReadID
                0x0000000008006970       0x30 contiki-stm32nucleo-spirit1.a(lps25hb.o)
 .text.LPS25HB_RebootCmd
                0x00000000080069a0       0x58 contiki-stm32nucleo-spirit1.a(lps25hb.o)
 .text.LPS25HB_I2C_ReadRawPressure
                0x00000000080069f8       0x80 contiki-stm32nucleo-spirit1.a(lps25hb.o)
 .text.LPS25HB_GetPressure
                0x0000000008006a78       0x48 contiki-stm32nucleo-spirit1.a(lps25hb.o)
 .text.LPS25HB_I2C_ReadRawTemperature
                0x0000000008006ac0       0x50 contiki-stm32nucleo-spirit1.a(lps25hb.o)
 .text.LPS25HB_GetTemperature
                0x0000000008006b10       0x54 contiki-stm32nucleo-spirit1.a(lps25hb.o)
 .text.LPS25HB_PowerOn
                0x0000000008006b64       0x58 contiki-stm32nucleo-spirit1.a(lps25hb.o)
 .text.LPS25HB_PowerOff
                0x0000000008006bbc       0x58 contiki-stm32nucleo-spirit1.a(lps25hb.o)
 .text.LPS25HB_SlaveAddrRemap
                0x0000000008006c14       0x28 contiki-stm32nucleo-spirit1.a(lps25hb.o)
 .text.LSM6DS0_Init
                0x0000000008006c3c       0xb4 contiki-stm32nucleo-spirit1.a(lsm6ds0.o)
 .text.LSM6DS0_Read_XG_ID
                0x0000000008006cf0       0x28 contiki-stm32nucleo-spirit1.a(lsm6ds0.o)
 .text.LSM6DS0_X_GetAxesRaw
                0x0000000008006d18       0xb0 contiki-stm32nucleo-spirit1.a(lsm6ds0.o)
 .text.LSM6DS0_X_GetAxes
                0x0000000008006dc8       0xb4 contiki-stm32nucleo-spirit1.a(lsm6ds0.o)
 .text.LSM6DS0_G_GetAxesRaw
                0x0000000008006e7c       0xb0 contiki-stm32nucleo-spirit1.a(lsm6ds0.o)
 .text.LSM6DS0_X_Set_Axes_Status
                0x0000000008006f2c       0xc8 contiki-stm32nucleo-spirit1.a(lsm6ds0.o)
 .text.LSM6DS0_G_Set_Axes_Status
                0x0000000008006ff4       0xc8 contiki-stm32nucleo-spirit1.a(lsm6ds0.o)
 .text.LSM6DS0_G_GetAxes
                0x00000000080070bc       0xb4 contiki-stm32nucleo-spirit1.a(lsm6ds0.o)
 .text.LSM6DS0_X_Get_ODR
                0x0000000008007170       0xb4 contiki-stm32nucleo-spirit1.a(lsm6ds0.o)
 .text.LSM6DS0_X_Set_ODR
                0x0000000008007224       0xe8 contiki-stm32nucleo-spirit1.a(lsm6ds0.o)
 .text.LSM6DS0_X_GetSensitivity
                0x000000000800730c       0xdc contiki-stm32nucleo-spirit1.a(lsm6ds0.o)
 .text.LSM6DS0_X_Get_FS
                0x00000000080073e8       0xd4 contiki-stm32nucleo-spirit1.a(lsm6ds0.o)
 .text.LSM6DS0_X_Set_FS
                0x00000000080074bc       0xa4 contiki-stm32nucleo-spirit1.a(lsm6ds0.o)
 .text.LSM6DS0_G_Get_ODR
                0x0000000008007560       0xb4 contiki-stm32nucleo-spirit1.a(lsm6ds0.o)
 .text.LSM6DS0_G_Set_ODR
                0x0000000008007614       0xe8 contiki-stm32nucleo-spirit1.a(lsm6ds0.o)
 .text.LSM6DS0_G_GetSensitivity
                0x00000000080076fc       0x70 contiki-stm32nucleo-spirit1.a(lsm6ds0.o)
 .text.LSM6DS0_G_Get_FS
                0x000000000800776c       0x70 contiki-stm32nucleo-spirit1.a(lsm6ds0.o)
 .text.LSM6DS0_G_Set_FS
                0x00000000080077dc       0x94 contiki-stm32nucleo-spirit1.a(lsm6ds0.o)
 .text.LSM6DS3_Init
                0x0000000008007870       0xc4 contiki-stm32nucleo-spirit1.a(lsm6ds3.o)
 .text.LSM6DS3_Read_XG_ID
                0x0000000008007934       0x28 contiki-stm32nucleo-spirit1.a(lsm6ds3.o)
 .text.LSM6DS3_Common_Sensor_Enable
                0x000000000800795c       0xa4 contiki-stm32nucleo-spirit1.a(lsm6ds3.o)
 .text.LSM6DS3_X_GetAxesRaw
                0x0000000008007a00       0xb0 contiki-stm32nucleo-spirit1.a(lsm6ds3.o)
 .text.LSM6DS3_X_GetAxes
                0x0000000008007ab0       0xb4 contiki-stm32nucleo-spirit1.a(lsm6ds3.o)
 .text.LSM6DS3_G_GetAxesRaw
                0x0000000008007b64       0xb0 contiki-stm32nucleo-spirit1.a(lsm6ds3.o)
 .text.LSM6DS3_X_Set_Axes_Status
                0x0000000008007c14       0xc8 contiki-stm32nucleo-spirit1.a(lsm6ds3.o)
 .text.LSM6DS3_G_Set_Axes_Status
                0x0000000008007cdc       0xc8 contiki-stm32nucleo-spirit1.a(lsm6ds3.o)
 .text.LSM6DS3_G_GetAxes
                0x0000000008007da4       0xb4 contiki-stm32nucleo-spirit1.a(lsm6ds3.o)
 .text.LSM6DS3_X_Get_ODR
                0x0000000008007e58      0x100 contiki-stm32nucleo-spirit1.a(lsm6ds3.o)
 .text.LSM6DS3_X_Set_ODR
                0x0000000008007f58      0x140 contiki-stm32nucleo-spirit1.a(lsm6ds3.o)
 .text.LSM6DS3_X_GetSensitivity
                0x0000000008008098       0xac contiki-stm32nucleo-spirit1.a(lsm6ds3.o)
 .text.LSM6DS3_X_Get_FS
                0x0000000008008144       0xa4 contiki-stm32nucleo-spirit1.a(lsm6ds3.o)
 .text.LSM6DS3_X_Set_FS
                0x00000000080081e8       0xa4 contiki-stm32nucleo-spirit1.a(lsm6ds3.o)
 .text.LSM6DS3_G_Get_ODR
                0x000000000800828c       0xe0 contiki-stm32nucleo-spirit1.a(lsm6ds3.o)
 .text.LSM6DS3_G_Set_ODR
                0x000000000800836c      0x114 contiki-stm32nucleo-spirit1.a(lsm6ds3.o)
 .text.LSM6DS3_G_GetSensitivity
                0x0000000008008480       0xe4 contiki-stm32nucleo-spirit1.a(lsm6ds3.o)
 .text.LSM6DS3_G_Get_FS
                0x0000000008008564       0xe4 contiki-stm32nucleo-spirit1.a(lsm6ds3.o)
 .text.LSM6DS3_G_Set_FS
                0x0000000008008648      0x148 contiki-stm32nucleo-spirit1.a(lsm6ds3.o)
 .text.LSM6DS3_Enable_Free_Fall_Detection
                0x0000000008008790      0x16c contiki-stm32nucleo-spirit1.a(lsm6ds3.o)
 .text.LSM6DS3_Disable_Free_Fall_Detection
                0x00000000080088fc       0xa0 contiki-stm32nucleo-spirit1.a(lsm6ds3.o)
 .text.LSM6DS3_Get_Status_Free_Fall_Detection
                0x000000000800899c       0x50 contiki-stm32nucleo-spirit1.a(lsm6ds3.o)
 .text.init     0x00000000080089ec       0x10 contiki-stm32nucleo-spirit1.a(button-sensor.o)
 .text.activate
                0x00000000080089fc       0x18 contiki-stm32nucleo-spirit1.a(button-sensor.o)
 .text.deactivate
                0x0000000008008a14       0x18 contiki-stm32nucleo-spirit1.a(button-sensor.o)
 .text.active   0x0000000008008a2c       0x14 contiki-stm32nucleo-spirit1.a(button-sensor.o)
 .text.value    0x0000000008008a40       0x18 contiki-stm32nucleo-spirit1.a(button-sensor.o)
 .text.configure
                0x0000000008008a58       0x3c contiki-stm32nucleo-spirit1.a(button-sensor.o)
 .text.status   0x0000000008008a94       0x20 contiki-stm32nucleo-spirit1.a(button-sensor.o)
 .text.init     0x0000000008008ab4        0xc contiki-stm32nucleo-spirit1.a(radio-sensor.o)
 .text.activate
                0x0000000008008ac0       0x18 contiki-stm32nucleo-spirit1.a(radio-sensor.o)
 .text.deactivate
                0x0000000008008ad8       0x18 contiki-stm32nucleo-spirit1.a(radio-sensor.o)
 .text.active   0x0000000008008af0       0x18 contiki-stm32nucleo-spirit1.a(radio-sensor.o)
 .text.value    0x0000000008008b08       0x6c contiki-stm32nucleo-spirit1.a(radio-sensor.o)
 .text.configure
                0x0000000008008b74       0x3c contiki-stm32nucleo-spirit1.a(radio-sensor.o)
 .text.status   0x0000000008008bb0       0x20 contiki-stm32nucleo-spirit1.a(radio-sensor.o)
 .text.spirit1_strobe
                0x0000000008008bd0       0x18 contiki-stm32nucleo-spirit1.a(spirit1.o)
 .text.spirit_set_ready_state
                0x0000000008008be8       0x50 contiki-stm32nucleo-spirit1.a(spirit1.o)
                0x0000000008008be8                spirit_set_ready_state
 .text.spirit_radio_init
                0x0000000008008c38      0x180 contiki-stm32nucleo-spirit1.a(spirit1.o)
 .text.spirit_radio_prepare
                0x0000000008008db8       0x64 contiki-stm32nucleo-spirit1.a(spirit1.o)
 .text.spirit_radio_transmit
                0x0000000008008e1c      0x19c contiki-stm32nucleo-spirit1.a(spirit1.o)
 .text.spirit_radio_send
                0x0000000008008fb8       0x34 contiki-stm32nucleo-spirit1.a(spirit1.o)
 .text.spirit_radio_read
                0x0000000008008fec      0x134 contiki-stm32nucleo-spirit1.a(spirit1.o)
 .text.spirit_radio_channel_clear
                0x0000000008009120      0x120 contiki-stm32nucleo-spirit1.a(spirit1.o)
 .text.spirit_radio_receiving_packet
                0x0000000008009240       0x18 contiki-stm32nucleo-spirit1.a(spirit1.o)
 .text.spirit_radio_pending_packet
                0x0000000008009258       0x20 contiki-stm32nucleo-spirit1.a(spirit1.o)
 .text.spirit_radio_off
                0x0000000008009278       0xe0 contiki-stm32nucleo-spirit1.a(spirit1.o)
 .text.spirit_radio_on
                0x0000000008009358       0xfc contiki-stm32nucleo-spirit1.a(spirit1.o)
 .text.process_thread_spirit_radio_process
                0x0000000008009454       0xf4 contiki-stm32nucleo-spirit1.a(spirit1.o)
 .text.spirit1_interrupt_callback
                0x0000000008009548      0x168 contiki-stm32nucleo-spirit1.a(spirit1.o)
                0x0000000008009548                spirit1_interrupt_callback
 .text.node_id_restore
                0x00000000080096b0       0x60 contiki-stm32nucleo-spirit1.a(node-id.o)
                0x00000000080096b0                node_id_restore
 .text.HAL_Spirit1_Init
                0x0000000008009710       0x1c contiki-stm32nucleo-spirit1.a(spirit1_appli.o)
                0x0000000008009710                HAL_Spirit1_Init
 .text.SPIRIT1_Init
                0x000000000800972c       0x5c contiki-stm32nucleo-spirit1.a(spirit1_appli.o)
                0x000000000800972c                SPIRIT1_Init
 .text.BasicProtocolInit
                0x0000000008009788       0x1c contiki-stm32nucleo-spirit1.a(spirit1_appli.o)
                0x0000000008009788                BasicProtocolInit
 .text.HAL_GPIO_EXTI_Callback
                0x00000000080097a4       0x28 contiki-stm32nucleo-spirit1.a(spirit1_appli.o)
                0x00000000080097a4                HAL_GPIO_EXTI_Callback
 .text.NMI_Handler
                0x00000000080097cc        0xc contiki-stm32nucleo-spirit1.a(stm32l1xx_it.o)
                0x00000000080097cc                NMI_Handler
 .text.WWDG_IRQHandler
                0x00000000080097d8        0x8 contiki-stm32nucleo-spirit1.a(stm32l1xx_it.o)
                0x00000000080097d8                WWDG_IRQHandler
 .text.HardFault_Handler
                0x00000000080097e0        0x8 contiki-stm32nucleo-spirit1.a(stm32l1xx_it.o)
                0x00000000080097e0                HardFault_Handler
 .text.MemManage_Handler
                0x00000000080097e8        0x8 contiki-stm32nucleo-spirit1.a(stm32l1xx_it.o)
                0x00000000080097e8                MemManage_Handler
 .text.BusFault_Handler
                0x00000000080097f0        0x8 contiki-stm32nucleo-spirit1.a(stm32l1xx_it.o)
                0x00000000080097f0                BusFault_Handler
 .text.UsageFault_Handler
                0x00000000080097f8        0x8 contiki-stm32nucleo-spirit1.a(stm32l1xx_it.o)
                0x00000000080097f8                UsageFault_Handler
 .text.SVC_Handler
                0x0000000008009800        0xc contiki-stm32nucleo-spirit1.a(stm32l1xx_it.o)
                0x0000000008009800                SVC_Handler
 .text.DebugMon_Handler
                0x000000000800980c        0xc contiki-stm32nucleo-spirit1.a(stm32l1xx_it.o)
                0x000000000800980c                DebugMon_Handler
 .text.PendSV_Handler
                0x0000000008009818        0xc contiki-stm32nucleo-spirit1.a(stm32l1xx_it.o)
                0x0000000008009818                PendSV_Handler
 .text.EXTI0_IRQHandler
                0x0000000008009824       0x1c contiki-stm32nucleo-spirit1.a(stm32l1xx_it.o)
                0x0000000008009824                EXTI0_IRQHandler
 .text.EXTI1_IRQHandler
                0x0000000008009840       0x1c contiki-stm32nucleo-spirit1.a(stm32l1xx_it.o)
                0x0000000008009840                EXTI1_IRQHandler
 .text.EXTI2_IRQHandler
                0x000000000800985c       0x1c contiki-stm32nucleo-spirit1.a(stm32l1xx_it.o)
                0x000000000800985c                EXTI2_IRQHandler
 .text.EXTI3_IRQHandler
                0x0000000008009878       0x1c contiki-stm32nucleo-spirit1.a(stm32l1xx_it.o)
                0x0000000008009878                EXTI3_IRQHandler
 .text.EXTI9_5_IRQHandler
                0x0000000008009894       0x48 contiki-stm32nucleo-spirit1.a(stm32l1xx_it.o)
                0x0000000008009894                EXTI9_5_IRQHandler
 .text.EXTI15_10_IRQHandler
                0x00000000080098dc       0x10 contiki-stm32nucleo-spirit1.a(stm32l1xx_it.o)
                0x00000000080098dc                EXTI15_10_IRQHandler
 .text.USART2_IRQHandler
                0x00000000080098ec       0x9c contiki-stm32nucleo-spirit1.a(stm32l1xx_it.o)
                0x00000000080098ec                USART2_IRQHandler
 .text.stm32cube_hal_init
                0x0000000008009988       0x2c contiki-stm32nucleo-spirit1.a(stm32cube_hal_i)
                0x0000000008009988                stm32cube_hal_init
 .text.RTC_Config
                0x00000000080099b4       0x4c contiki-stm32nucleo-spirit1.a(stm32cube_hal_i)
 .text.RTC_TimeStampConfig
                0x0000000008009a00       0x68 contiki-stm32nucleo-spirit1.a(stm32cube_hal_i)
 .text.SystemClock_Config
                0x0000000008009a68      0x110 contiki-stm32nucleo-spirit1.a(stm32cube_hal_i)
 .text.Error_Handler
                0x0000000008009b78        0x8 contiki-stm32nucleo-spirit1.a(stm32cube_hal_i)
 .text.HAL_RTC_MspInit
                0x0000000008009b80       0x88 contiki-stm32nucleo-spirit1.a(stm32cube_hal_i)
                0x0000000008009b80                HAL_RTC_MspInit
 .text.MX_GPIO_Init
                0x0000000008009c08       0x34 contiki-stm32nucleo-spirit1.a(stm32cube_hal_i)
 .text.BSP_LED_Init
                0x0000000008009c3c       0x90 contiki-stm32nucleo-spirit1.a(stm32l1xx_nucle)
                0x0000000008009c3c                BSP_LED_Init
 .text.BSP_LED_On
                0x0000000008009ccc       0x34 contiki-stm32nucleo-spirit1.a(stm32l1xx_nucle)
                0x0000000008009ccc                BSP_LED_On
 .text.BSP_LED_Off
                0x0000000008009d00       0x34 contiki-stm32nucleo-spirit1.a(stm32l1xx_nucle)
                0x0000000008009d00                BSP_LED_Off
 .text.BSP_PB_Init
                0x0000000008009d34       0xc4 contiki-stm32nucleo-spirit1.a(stm32l1xx_nucle)
                0x0000000008009d34                BSP_PB_Init
 .text.BSP_PB_GetState
                0x0000000008009df8       0x2c contiki-stm32nucleo-spirit1.a(stm32l1xx_nucle)
                0x0000000008009df8                BSP_PB_GetState
 .text.RadioGpioInit
                0x0000000008009e24       0xd8 contiki-stm32nucleo-spirit1.a(radio_gpio.o)
                0x0000000008009e24                RadioGpioInit
 .text.RadioGpioInterruptCmd
                0x0000000008009efc       0x68 contiki-stm32nucleo-spirit1.a(radio_gpio.o)
                0x0000000008009efc                RadioGpioInterruptCmd
 .text.RadioGpioSetLevel
                0x0000000008009f64       0x3c contiki-stm32nucleo-spirit1.a(radio_gpio.o)
                0x0000000008009f64                RadioGpioSetLevel
 .text.SdkEvalEnterShutdown
                0x0000000008009fa0       0x10 contiki-stm32nucleo-spirit1.a(radio_gpio.o)
                0x0000000008009fa0                SdkEvalEnterShutdown
 .text.SdkEvalExitShutdown
                0x0000000008009fb0       0x28 contiki-stm32nucleo-spirit1.a(radio_gpio.o)
                0x0000000008009fb0                SdkEvalExitShutdown
 .text.RadioShieldLedInit
                0x0000000008009fd8       0x48 contiki-stm32nucleo-spirit1.a(radio_shield_co)
                0x0000000008009fd8                RadioShieldLedInit
 .text.SdkEvalSpiInit
                0x000000000800a020       0x74 contiki-stm32nucleo-spirit1.a(radio_spi.o)
                0x000000000800a020                SdkEvalSpiInit
 .text.HAL_SPI_MspInit
                0x000000000800a094       0xd0 contiki-stm32nucleo-spirit1.a(radio_spi.o)
                0x000000000800a094                HAL_SPI_MspInit
 .text.SPI_Write
                0x000000000800a164       0x4c contiki-stm32nucleo-spirit1.a(radio_spi.o)
 .text.SPI_Error
                0x000000000800a1b0       0x14 contiki-stm32nucleo-spirit1.a(radio_spi.o)
 .text.SdkEvalSpiWriteRegisters
                0x000000000800a1c4      0x104 contiki-stm32nucleo-spirit1.a(radio_spi.o)
                0x000000000800a1c4                SdkEvalSpiWriteRegisters
 .text.SdkEvalSpiReadRegisters
                0x000000000800a2c8      0x114 contiki-stm32nucleo-spirit1.a(radio_spi.o)
                0x000000000800a2c8                SdkEvalSpiReadRegisters
 .text.SdkEvalSpiCommandStrobes
                0x000000000800a3dc       0xdc contiki-stm32nucleo-spirit1.a(radio_spi.o)
                0x000000000800a3dc                SdkEvalSpiCommandStrobes
 .text.SdkEvalSpiWriteFifo
                0x000000000800a4b8      0x100 contiki-stm32nucleo-spirit1.a(radio_spi.o)
                0x000000000800a4b8                SdkEvalSpiWriteFifo
 .text.SdkEvalSpiReadFifo
                0x000000000800a5b8      0x10c contiki-stm32nucleo-spirit1.a(radio_spi.o)
                0x000000000800a5b8                SdkEvalSpiReadFifo
 .text.Spirit1InterfaceInit
                0x000000000800a6c4       0x44 contiki-stm32nucleo-spirit1.a(SPIRIT1_Util.o)
                0x000000000800a6c4                Spirit1InterfaceInit
 .text.SpiritManagementIdentificationRFBoard
                0x000000000800a708       0x44 contiki-stm32nucleo-spirit1.a(SPIRIT1_Util.o)
                0x000000000800a708                SpiritManagementIdentificationRFBoard
 .text.SpiritManagementRangeExtInit
                0x000000000800a74c       0xe8 contiki-stm32nucleo-spirit1.a(SPIRIT1_Util.o)
                0x000000000800a74c                SpiritManagementRangeExtInit
 .text.SpiritManagementGetRangeExtender
                0x000000000800a834       0x18 contiki-stm32nucleo-spirit1.a(SPIRIT1_Util.o)
                0x000000000800a834                SpiritManagementGetRangeExtender
 .text.Spirit1GpioIrqInit
                0x000000000800a84c       0x14 contiki-stm32nucleo-spirit1.a(SPIRIT1_Util.o)
                0x000000000800a84c                Spirit1GpioIrqInit
 .text.Spirit1RadioInit
                0x000000000800a860       0x14 contiki-stm32nucleo-spirit1.a(SPIRIT1_Util.o)
                0x000000000800a860                Spirit1RadioInit
 .text.Spirit1SetPower
                0x000000000800a874       0x24 contiki-stm32nucleo-spirit1.a(SPIRIT1_Util.o)
                0x000000000800a874                Spirit1SetPower
 .text.Spirit1PacketConfig
                0x000000000800a898        0xc contiki-stm32nucleo-spirit1.a(SPIRIT1_Util.o)
                0x000000000800a898                Spirit1PacketConfig
 .text.Spirit1SetPayloadlength
                0x000000000800a8a4       0x14 contiki-stm32nucleo-spirit1.a(SPIRIT1_Util.o)
                0x000000000800a8a4                Spirit1SetPayloadlength
 .text.Spirit1SetDestinationAddress
                0x000000000800a8b8       0x14 contiki-stm32nucleo-spirit1.a(SPIRIT1_Util.o)
                0x000000000800a8b8                Spirit1SetDestinationAddress
 .text.Spirit1EnableTxIrq
                0x000000000800a8cc       0x10 contiki-stm32nucleo-spirit1.a(SPIRIT1_Util.o)
                0x000000000800a8cc                Spirit1EnableTxIrq
 .text.Spirit1EnableRxIrq
                0x000000000800a8dc       0x20 contiki-stm32nucleo-spirit1.a(SPIRIT1_Util.o)
                0x000000000800a8dc                Spirit1EnableRxIrq
 .text.Spirit1DisableIrq
                0x000000000800a8fc        0xc contiki-stm32nucleo-spirit1.a(SPIRIT1_Util.o)
                0x000000000800a8fc                Spirit1DisableIrq
 .text.Spirit1SetRxTimeout
                0x000000000800a908       0x3c contiki-stm32nucleo-spirit1.a(SPIRIT1_Util.o)
                0x000000000800a908                Spirit1SetRxTimeout
 .text.Spirit1SetRssiTH
                0x000000000800a944       0x14 contiki-stm32nucleo-spirit1.a(SPIRIT1_Util.o)
                0x000000000800a944                Spirit1SetRssiTH
 .text.Spirit1EnableSQI
                0x000000000800a958       0x14 contiki-stm32nucleo-spirit1.a(SPIRIT1_Util.o)
                0x000000000800a958                Spirit1EnableSQI
 .text.Spirit1StartRx
                0x000000000800a96c       0x10 contiki-stm32nucleo-spirit1.a(SPIRIT1_Util.o)
                0x000000000800a96c                Spirit1StartRx
 .text.Spirit1GetRxPacket
                0x000000000800a97c       0x2c contiki-stm32nucleo-spirit1.a(SPIRIT1_Util.o)
                0x000000000800a97c                Spirit1GetRxPacket
 .text.Spirit1StartTx
                0x000000000800a9a8       0x2c contiki-stm32nucleo-spirit1.a(SPIRIT1_Util.o)
                0x000000000800a9a8                Spirit1StartTx
 .text.Spirit1ClearIRQ
                0x000000000800a9d4        0xc contiki-stm32nucleo-spirit1.a(SPIRIT1_Util.o)
                0x000000000800a9d4                Spirit1ClearIRQ
 .text.SpiritCmdStrobeCommand
                0x000000000800a9e0       0x2c contiki-stm32nucleo-spirit1.a(SPIRIT_Commands)
                0x000000000800a9e0                SpiritCmdStrobeCommand
 .text.SpiritGeneralSetExtRef
                0x000000000800aa0c       0x5c contiki-stm32nucleo-spirit1.a(SPIRIT_General.)
                0x000000000800aa0c                SpiritGeneralSetExtRef
 .text.SpiritGpioInit
                0x000000000800aa68       0x48 contiki-stm32nucleo-spirit1.a(SPIRIT_Gpio.o)
                0x000000000800aa68                SpiritGpioInit
 .text.SpiritIrqDeInit
                0x000000000800aab0       0x60 contiki-stm32nucleo-spirit1.a(SPIRIT_Irq.o)
                0x000000000800aab0                SpiritIrqDeInit
 .text.SpiritIrq
                0x000000000800ab10       0xd0 contiki-stm32nucleo-spirit1.a(SPIRIT_Irq.o)
                0x000000000800ab10                SpiritIrq
 .text.SpiritIrqGetStatus
                0x000000000800abe0       0x60 contiki-stm32nucleo-spirit1.a(SPIRIT_Irq.o)
                0x000000000800abe0                SpiritIrqGetStatus
 .text.SpiritIrqClearStatus
                0x000000000800ac40       0x2c contiki-stm32nucleo-spirit1.a(SPIRIT_Irq.o)
                0x000000000800ac40                SpiritIrqClearStatus
 .text.SpiritLinearFifoReadNumElementsRxFifo
                0x000000000800ac6c       0x38 contiki-stm32nucleo-spirit1.a(SPIRIT_LinearFi)
                0x000000000800ac6c                SpiritLinearFifoReadNumElementsRxFifo
 .text.SpiritManagementSetFrequencyBase
                0x000000000800aca4      0x218 contiki-stm32nucleo-spirit1.a(SPIRIT_Manageme)
                0x000000000800aca4                SpiritManagementSetFrequencyBase
 .text.SpiritManagementWaVcoCalibration
                0x000000000800aebc      0x194 contiki-stm32nucleo-spirit1.a(SPIRIT_Manageme)
                0x000000000800aebc                SpiritManagementWaVcoCalibration
 .text.SpiritManagementWaCmdStrobeTx
                0x000000000800b050       0x74 contiki-stm32nucleo-spirit1.a(SPIRIT_Manageme)
                0x000000000800b050                SpiritManagementWaCmdStrobeTx
 .text.SpiritManagementWaCmdStrobeRx
                0x000000000800b0c4       0x38 contiki-stm32nucleo-spirit1.a(SPIRIT_Manageme)
                0x000000000800b0c4                SpiritManagementWaCmdStrobeRx
 .text.SpiritManagementWaTRxFcMem
                0x000000000800b0fc       0x28 contiki-stm32nucleo-spirit1.a(SPIRIT_Manageme)
                0x000000000800b0fc                SpiritManagementWaTRxFcMem
 .text.SpiritPktBasicInit
                0x000000000800b124      0x1b0 contiki-stm32nucleo-spirit1.a(SPIRIT_PktBasic)
                0x000000000800b124                SpiritPktBasicInit
 .text.SpiritPktBasicAddressesInit
                0x000000000800b2d4       0xd8 contiki-stm32nucleo-spirit1.a(SPIRIT_PktBasic)
                0x000000000800b2d4                SpiritPktBasicAddressesInit
 .text.SpiritPktBasicGetAddressField
                0x000000000800b3ac       0x40 contiki-stm32nucleo-spirit1.a(SPIRIT_PktBasic)
                0x000000000800b3ac                SpiritPktBasicGetAddressField
 .text.SpiritPktBasicSetPayloadLength
                0x000000000800b3ec       0x6c contiki-stm32nucleo-spirit1.a(SPIRIT_PktBasic)
                0x000000000800b3ec                SpiritPktBasicSetPayloadLength
 .text.SpiritPktBasicGetReceivedPktLength
                0x000000000800b458       0x64 contiki-stm32nucleo-spirit1.a(SPIRIT_PktBasic)
                0x000000000800b458                SpiritPktBasicGetReceivedPktLength
 .text.SpiritPktCommonGetControlLength
                0x000000000800b4bc       0x38 contiki-stm32nucleo-spirit1.a(SPIRIT_PktCommo)
                0x000000000800b4bc                SpiritPktCommonGetControlLength
 .text.SpiritPktCommonFilterOnCrc
                0x000000000800b4f4       0x6c contiki-stm32nucleo-spirit1.a(SPIRIT_PktCommo)
                0x000000000800b4f4                SpiritPktCommonFilterOnCrc
 .text.SpiritQiSqiCheck
                0x000000000800b560       0x6c contiki-stm32nucleo-spirit1.a(SPIRIT_Qi.o)
                0x000000000800b560                SpiritQiSqiCheck
 .text.SpiritQiSetSqiThreshold
                0x000000000800b5cc       0x64 contiki-stm32nucleo-spirit1.a(SPIRIT_Qi.o)
                0x000000000800b5cc                SpiritQiSetSqiThreshold
 .text.SpiritQiGetLqi
                0x000000000800b630       0x34 contiki-stm32nucleo-spirit1.a(SPIRIT_Qi.o)
                0x000000000800b630                SpiritQiGetLqi
 .text.SpiritQiGetRssi
                0x000000000800b664       0x30 contiki-stm32nucleo-spirit1.a(SPIRIT_Qi.o)
                0x000000000800b664                SpiritQiGetRssi
 .text.SpiritQiSetRssiThresholddBm
                0x000000000800b694       0x3c contiki-stm32nucleo-spirit1.a(SPIRIT_Qi.o)
                0x000000000800b694                SpiritQiSetRssiThresholddBm
 .text.SpiritRadioInit
                0x000000000800b6d0      0x434 contiki-stm32nucleo-spirit1.a(SPIRIT_Radio.o)
                0x000000000800b6d0                SpiritRadioInit
 .text.SpiritRadioSetXtalFlag
                0x000000000800bb04       0x70 contiki-stm32nucleo-spirit1.a(SPIRIT_Radio.o)
                0x000000000800bb04                SpiritRadioSetXtalFlag
 .text.SpiritRadioSearchWCP
                0x000000000800bb74      0x134 contiki-stm32nucleo-spirit1.a(SPIRIT_Radio.o)
                0x000000000800bb74                SpiritRadioSearchWCP
 .text.SpiritRadioGetSynthWord
                0x000000000800bca8       0x4c contiki-stm32nucleo-spirit1.a(SPIRIT_Radio.o)
                0x000000000800bca8                SpiritRadioGetSynthWord
 .text.SpiritRadioGetBand
                0x000000000800bcf4       0x5c contiki-stm32nucleo-spirit1.a(SPIRIT_Radio.o)
                0x000000000800bcf4                SpiritRadioGetBand
 .text.SpiritRadioGetChannel
                0x000000000800bd50       0x30 contiki-stm32nucleo-spirit1.a(SPIRIT_Radio.o)
                0x000000000800bd50                SpiritRadioGetChannel
 .text.SpiritRadioGetChannelSpace
                0x000000000800bd80       0x40 contiki-stm32nucleo-spirit1.a(SPIRIT_Radio.o)
                0x000000000800bd80                SpiritRadioGetChannelSpace
 .text.SpiritRadioGetFrequencyOffset
                0x000000000800bdc0       0x88 contiki-stm32nucleo-spirit1.a(SPIRIT_Radio.o)
                0x000000000800bdc0                SpiritRadioGetFrequencyOffset
 .text.SpiritRadioSetFrequencyBase
                0x000000000800be48      0x238 contiki-stm32nucleo-spirit1.a(SPIRIT_Radio.o)
                0x000000000800be48                SpiritRadioSetFrequencyBase
 .text.SpiritRadioGetFrequencyBase
                0x000000000800c080       0x90 contiki-stm32nucleo-spirit1.a(SPIRIT_Radio.o)
                0x000000000800c080                SpiritRadioGetFrequencyBase
 .text.SpiritRadioSearchDatarateME
                0x000000000800c110      0x168 contiki-stm32nucleo-spirit1.a(SPIRIT_Radio.o)
                0x000000000800c110                SpiritRadioSearchDatarateME
 .text.SpiritRadioSearchChannelBwME
                0x000000000800c278      0x1d8 contiki-stm32nucleo-spirit1.a(SPIRIT_Radio.o)
                0x000000000800c278                SpiritRadioSearchChannelBwME
 .text.SpiritRadioSearchFreqDevME
                0x000000000800c450      0x180 contiki-stm32nucleo-spirit1.a(SPIRIT_Radio.o)
                0x000000000800c450                SpiritRadioSearchFreqDevME
 .text.SpiritRadioGetdBm2Reg
                0x000000000800c5d0      0x270 contiki-stm32nucleo-spirit1.a(SPIRIT_Radio.o)
                0x000000000800c5d0                SpiritRadioGetdBm2Reg
 .text.SpiritRadioSetPALeveldBm
                0x000000000800c840       0x50 contiki-stm32nucleo-spirit1.a(SPIRIT_Radio.o)
                0x000000000800c840                SpiritRadioSetPALeveldBm
 .text.SpiritRadioSetPACwc
                0x000000000800c890       0x54 contiki-stm32nucleo-spirit1.a(SPIRIT_Radio.o)
                0x000000000800c890                SpiritRadioSetPACwc
 .text.SpiritRadioSetPALevelMaxIndex
                0x000000000800c8e4       0x54 contiki-stm32nucleo-spirit1.a(SPIRIT_Radio.o)
                0x000000000800c8e4                SpiritRadioSetPALevelMaxIndex
 .text.SpiritRadioAFCFreezeOnSync
                0x000000000800c938       0x60 contiki-stm32nucleo-spirit1.a(SPIRIT_Radio.o)
                0x000000000800c938                SpiritRadioAFCFreezeOnSync
 .text.SpiritRadioPersistenRx
                0x000000000800c998       0x5c contiki-stm32nucleo-spirit1.a(SPIRIT_Radio.o)
                0x000000000800c998                SpiritRadioPersistenRx
 .text.SpiritRadioSetRefDiv
                0x000000000800c9f4       0x5c contiki-stm32nucleo-spirit1.a(SPIRIT_Radio.o)
                0x000000000800c9f4                SpiritRadioSetRefDiv
 .text.SpiritRadioGetRefDiv
                0x000000000800ca50       0x44 contiki-stm32nucleo-spirit1.a(SPIRIT_Radio.o)
                0x000000000800ca50                SpiritRadioGetRefDiv
 .text.SpiritRadioSetDigDiv
                0x000000000800ca94       0x5c contiki-stm32nucleo-spirit1.a(SPIRIT_Radio.o)
                0x000000000800ca94                SpiritRadioSetDigDiv
 .text.SpiritRadioGetDigDiv
                0x000000000800caf0       0x44 contiki-stm32nucleo-spirit1.a(SPIRIT_Radio.o)
                0x000000000800caf0                SpiritRadioGetDigDiv
 .text.SpiritRadioGetXtalFrequency
                0x000000000800cb34       0x18 contiki-stm32nucleo-spirit1.a(SPIRIT_Radio.o)
                0x000000000800cb34                SpiritRadioGetXtalFrequency
 .text.SpiritRadioSetXtalFrequency
                0x000000000800cb4c       0x1c contiki-stm32nucleo-spirit1.a(SPIRIT_Radio.o)
                0x000000000800cb4c                SpiritRadioSetXtalFrequency
 .text.SpiritTimerSetRxTimeoutMs
                0x000000000800cb68       0x44 contiki-stm32nucleo-spirit1.a(SPIRIT_Timer.o)
                0x000000000800cb68                SpiritTimerSetRxTimeoutMs
 .text.SpiritTimerSetRxTimeoutCounter
                0x000000000800cbac       0x30 contiki-stm32nucleo-spirit1.a(SPIRIT_Timer.o)
                0x000000000800cbac                SpiritTimerSetRxTimeoutCounter
 .text.SpiritTimerComputeRxTimeoutValues
                0x000000000800cbdc      0x2d8 contiki-stm32nucleo-spirit1.a(SPIRIT_Timer.o)
                0x000000000800cbdc                SpiritTimerComputeRxTimeoutValues
 .text.SpiritTimerSetRxTimeoutStopCondition
                0x000000000800ceb4       0x8c contiki-stm32nucleo-spirit1.a(SPIRIT_Timer.o)
                0x000000000800ceb4                SpiritTimerSetRxTimeoutStopCondition
 .text.SpiritRefreshStatus
                0x000000000800cf40       0x2c contiki-stm32nucleo-spirit1.a(SPIRIT_Types.o)
                0x000000000800cf40                SpiritRefreshStatus
 .text.HAL_Init
                0x000000000800cf6c       0x38 contiki-stm32nucleo-spirit1.a(stm32l1xx_hal.o)
                0x000000000800cf6c                HAL_Init
 .text.HAL_InitTick
                0x000000000800cfa4       0x38 contiki-stm32nucleo-spirit1.a(stm32l1xx_hal.o)
                0x000000000800cfa4                HAL_InitTick
 .text.HAL_IncTick
                0x000000000800cfdc       0x1c contiki-stm32nucleo-spirit1.a(stm32l1xx_hal.o)
                0x000000000800cfdc                HAL_IncTick
 .text.HAL_GetTick
                0x000000000800cff8       0x18 contiki-stm32nucleo-spirit1.a(stm32l1xx_hal.o)
                0x000000000800cff8                HAL_GetTick
 .text.HAL_Delay
                0x000000000800d010       0x2c contiki-stm32nucleo-spirit1.a(stm32l1xx_hal.o)
                0x000000000800d010                HAL_Delay
 .text.HAL_EnableDBGStopMode
                0x000000000800d03c       0x1c contiki-stm32nucleo-spirit1.a(stm32l1xx_hal.o)
                0x000000000800d03c                HAL_EnableDBGStopMode
 .text.NVIC_SetPriorityGrouping
                0x000000000800d058       0x48 contiki-stm32nucleo-spirit1.a(stm32l1xx_hal_c)
 .text.NVIC_GetPriorityGrouping
                0x000000000800d0a0       0x1c contiki-stm32nucleo-spirit1.a(stm32l1xx_hal_c)
 .text.NVIC_EnableIRQ
                0x000000000800d0bc       0x30 contiki-stm32nucleo-spirit1.a(stm32l1xx_hal_c)
 .text.NVIC_DisableIRQ
                0x000000000800d0ec       0x34 contiki-stm32nucleo-spirit1.a(stm32l1xx_hal_c)
 .text.NVIC_SetPriority
                0x000000000800d120       0x54 contiki-stm32nucleo-spirit1.a(stm32l1xx_hal_c)
 .text.NVIC_EncodePriority
                0x000000000800d174       0x64 contiki-stm32nucleo-spirit1.a(stm32l1xx_hal_c)
 .text.SysTick_Config
                0x000000000800d1d8       0x44 contiki-stm32nucleo-spirit1.a(stm32l1xx_hal_c)
 .text.HAL_NVIC_SetPriorityGrouping
                0x000000000800d21c       0x14 contiki-stm32nucleo-spirit1.a(stm32l1xx_hal_c)
                0x000000000800d21c                HAL_NVIC_SetPriorityGrouping
 .text.HAL_NVIC_SetPriority
                0x000000000800d230       0x38 contiki-stm32nucleo-spirit1.a(stm32l1xx_hal_c)
                0x000000000800d230                HAL_NVIC_SetPriority
 .text.HAL_NVIC_EnableIRQ
                0x000000000800d268       0x1c contiki-stm32nucleo-spirit1.a(stm32l1xx_hal_c)
                0x000000000800d268                HAL_NVIC_EnableIRQ
 .text.HAL_NVIC_DisableIRQ
                0x000000000800d284       0x1c contiki-stm32nucleo-spirit1.a(stm32l1xx_hal_c)
                0x000000000800d284                HAL_NVIC_DisableIRQ
 .text.HAL_SYSTICK_Config
                0x000000000800d2a0       0x18 contiki-stm32nucleo-spirit1.a(stm32l1xx_hal_c)
                0x000000000800d2a0                HAL_SYSTICK_Config
 .text.HAL_SYSTICK_CLKSourceConfig
                0x000000000800d2b8       0x38 contiki-stm32nucleo-spirit1.a(stm32l1xx_hal_c)
                0x000000000800d2b8                HAL_SYSTICK_CLKSourceConfig
 .text.HAL_GPIO_Init
                0x000000000800d2f0      0x31c contiki-stm32nucleo-spirit1.a(stm32l1xx_hal_g)
                0x000000000800d2f0                HAL_GPIO_Init
 .text.HAL_GPIO_ReadPin
                0x000000000800d60c       0x30 contiki-stm32nucleo-spirit1.a(stm32l1xx_hal_g)
                0x000000000800d60c                HAL_GPIO_ReadPin
 .text.HAL_GPIO_WritePin
                0x000000000800d63c       0x30 contiki-stm32nucleo-spirit1.a(stm32l1xx_hal_g)
                0x000000000800d63c                HAL_GPIO_WritePin
 .text.HAL_GPIO_EXTI_IRQHandler
                0x000000000800d66c       0x30 contiki-stm32nucleo-spirit1.a(stm32l1xx_hal_g)
                0x000000000800d66c                HAL_GPIO_EXTI_IRQHandler
 .text.HAL_I2C_Init
                0x000000000800d69c      0x20c contiki-stm32nucleo-spirit1.a(stm32l1xx_hal_i)
                0x000000000800d69c                HAL_I2C_Init
 .text.HAL_I2C_DeInit
                0x000000000800d8a8       0x54 contiki-stm32nucleo-spirit1.a(stm32l1xx_hal_i)
                0x000000000800d8a8                HAL_I2C_DeInit
 .text.HAL_I2C_MspInit
                0x000000000800d8fc       0x14 contiki-stm32nucleo-spirit1.a(stm32l1xx_hal_i)
                0x000000000800d8fc                HAL_I2C_MspInit
 .text.HAL_I2C_MspDeInit
                0x000000000800d910       0x14 contiki-stm32nucleo-spirit1.a(stm32l1xx_hal_i)
                0x000000000800d910                HAL_I2C_MspDeInit
 .text.HAL_I2C_Mem_Write
                0x000000000800d924      0x158 contiki-stm32nucleo-spirit1.a(stm32l1xx_hal_i)
                0x000000000800d924                HAL_I2C_Mem_Write
 .text.HAL_I2C_Mem_Read
                0x000000000800da7c      0x2e0 contiki-stm32nucleo-spirit1.a(stm32l1xx_hal_i)
                0x000000000800da7c                HAL_I2C_Mem_Read
 .text.HAL_I2C_GetState
                0x000000000800dd5c       0x1c contiki-stm32nucleo-spirit1.a(stm32l1xx_hal_i)
                0x000000000800dd5c                HAL_I2C_GetState
 .text.I2C_RequestMemoryWrite
                0x000000000800dd78       0xe8 contiki-stm32nucleo-spirit1.a(stm32l1xx_hal_i)
 .text.I2C_RequestMemoryRead
                0x000000000800de60      0x16c contiki-stm32nucleo-spirit1.a(stm32l1xx_hal_i)
 .text.I2C_WaitOnFlagUntilTimeout
                0x000000000800dfcc      0x114 contiki-stm32nucleo-spirit1.a(stm32l1xx_hal_i)
 .text.I2C_WaitOnMasterAddressFlagUntilTimeout
                0x000000000800e0e0       0xd8 contiki-stm32nucleo-spirit1.a(stm32l1xx_hal_i)
 .text.HAL_RCCEx_PeriphCLKConfig
                0x000000000800e1b8      0x1bc contiki-stm32nucleo-spirit1.a(stm32l1xx_hal_r)
                0x000000000800e1b8                HAL_RCCEx_PeriphCLKConfig
 .text.HAL_RCC_OscConfig
                0x000000000800e374     0x1010 contiki-stm32nucleo-spirit1.a(stm32l1xx_hal_r)
                0x000000000800e374                HAL_RCC_OscConfig
 .text.HAL_RCC_ClockConfig
                0x000000000800f384      0x620 contiki-stm32nucleo-spirit1.a(stm32l1xx_hal_r)
                0x000000000800f384                HAL_RCC_ClockConfig
 .text.HAL_RCC_GetSysClockFreq
                0x000000000800f9a4      0x114 contiki-stm32nucleo-spirit1.a(stm32l1xx_hal_r)
                0x000000000800f9a4                HAL_RCC_GetSysClockFreq
 .text.HAL_RCC_GetHCLKFreq
                0x000000000800fab8       0x50 contiki-stm32nucleo-spirit1.a(stm32l1xx_hal_r)
                0x000000000800fab8                HAL_RCC_GetHCLKFreq
 .text.HAL_RCC_GetPCLK1Freq
                0x000000000800fb08       0x44 contiki-stm32nucleo-spirit1.a(stm32l1xx_hal_r)
                0x000000000800fb08                HAL_RCC_GetPCLK1Freq
 .text.HAL_RCC_GetPCLK2Freq
                0x000000000800fb4c       0x44 contiki-stm32nucleo-spirit1.a(stm32l1xx_hal_r)
                0x000000000800fb4c                HAL_RCC_GetPCLK2Freq
 .text.HAL_RTC_Init
                0x000000000800fb90       0xf0 contiki-stm32nucleo-spirit1.a(stm32l1xx_hal_r)
                0x000000000800fb90                HAL_RTC_Init
 .text.HAL_RTC_SetTime
                0x000000000800fc80      0x17c contiki-stm32nucleo-spirit1.a(stm32l1xx_hal_r)
                0x000000000800fc80                HAL_RTC_SetTime
 .text.HAL_RTC_SetDate
                0x000000000800fdfc      0x15c contiki-stm32nucleo-spirit1.a(stm32l1xx_hal_r)
                0x000000000800fdfc                HAL_RTC_SetDate
 .text.RTC_EnterInitMode
                0x000000000800ff58       0x58 contiki-stm32nucleo-spirit1.a(stm32l1xx_hal_r)
                0x000000000800ff58                RTC_EnterInitMode
 .text.RTC_ByteToBcd2
                0x000000000800ffb0       0x3c contiki-stm32nucleo-spirit1.a(stm32l1xx_hal_r)
                0x000000000800ffb0                RTC_ByteToBcd2
 .text.RTC_Bcd2ToByte
                0x000000000800ffec       0x3c contiki-stm32nucleo-spirit1.a(stm32l1xx_hal_r)
                0x000000000800ffec                RTC_Bcd2ToByte
 .text.HAL_SPI_Init
                0x0000000008010028       0xc4 contiki-stm32nucleo-spirit1.a(stm32l1xx_hal_s)
                0x0000000008010028                HAL_SPI_Init
 .text.HAL_SPI_DeInit
                0x00000000080100ec       0x4c contiki-stm32nucleo-spirit1.a(stm32l1xx_hal_s)
                0x00000000080100ec                HAL_SPI_DeInit
 .text.HAL_SPI_MspDeInit
                0x0000000008010138       0x14 contiki-stm32nucleo-spirit1.a(stm32l1xx_hal_s)
                0x0000000008010138                HAL_SPI_MspDeInit
 .text.HAL_SPI_Transmit
                0x000000000801014c      0x28c contiki-stm32nucleo-spirit1.a(stm32l1xx_hal_s)
                0x000000000801014c                HAL_SPI_Transmit
 .text.HAL_SPI_TransmitReceive
                0x00000000080103d8      0x4c0 contiki-stm32nucleo-spirit1.a(stm32l1xx_hal_s)
                0x00000000080103d8                HAL_SPI_TransmitReceive
 .text.HAL_SPI_GetState
                0x0000000008010898       0x1c contiki-stm32nucleo-spirit1.a(stm32l1xx_hal_s)
                0x0000000008010898                HAL_SPI_GetState
 .text.SPI_WaitOnFlagUntilTimeout
                0x00000000080108b4      0x148 contiki-stm32nucleo-spirit1.a(stm32l1xx_hal_s)
 .text.SystemInit
                0x00000000080109fc       0x68 contiki-stm32nucleo-spirit1.a(system_stm32l1x)
                0x00000000080109fc                SystemInit
 .text.watchdog_init
                0x0000000008010a64        0xc contiki-stm32nucleo-spirit1.a(watchdog.o)
                0x0000000008010a64                watchdog_init
 .text.watchdog_start
                0x0000000008010a70        0xc contiki-stm32nucleo-spirit1.a(watchdog.o)
                0x0000000008010a70                watchdog_start
 .text.watchdog_periodic
                0x0000000008010a7c        0xc contiki-stm32nucleo-spirit1.a(watchdog.o)
                0x0000000008010a7c                watchdog_periodic
 .text.TIM2_IRQHandler
                0x0000000008010a88       0x28 contiki-stm32nucleo-spirit1.a(rtimer-arch.o)
                0x0000000008010a88                TIM2_IRQHandler
 .text.rtimer_arch_init
                0x0000000008010ab0       0xb4 contiki-stm32nucleo-spirit1.a(rtimer-arch.o)
                0x0000000008010ab0                rtimer_arch_init
 .text.rtimer_arch_now
                0x0000000008010b64       0x20 contiki-stm32nucleo-spirit1.a(rtimer-arch.o)
                0x0000000008010b64                rtimer_arch_now
 .text.SysTick_Handler
                0x0000000008010b84       0x44 contiki-stm32nucleo-spirit1.a(clock.o)
                0x0000000008010b84                SysTick_Handler
 .text.clock_init
                0x0000000008010bc8       0x20 contiki-stm32nucleo-spirit1.a(clock.o)
                0x0000000008010bc8                clock_init
 .text.clock_seconds
                0x0000000008010be8       0x18 contiki-stm32nucleo-spirit1.a(clock.o)
                0x0000000008010be8                clock_seconds
 .text.clock_time
                0x0000000008010c00       0x18 contiki-stm32nucleo-spirit1.a(clock.o)
                0x0000000008010c00                clock_time
 .text.clock_wait
                0x0000000008010c18       0x28 contiki-stm32nucleo-spirit1.a(clock.o)
                0x0000000008010c18                clock_wait
 .text.autostart_start
                0x0000000008010c40       0x3c contiki-stm32nucleo-spirit1.a(autostart.o)
                0x0000000008010c40                autostart_start
 .text.energest_init
                0x0000000008010c7c        0xc contiki-stm32nucleo-spirit1.a(energest.o)
                0x0000000008010c7c                energest_init
 .text.energest_flush
                0x0000000008010c88        0xc contiki-stm32nucleo-spirit1.a(energest.o)
                0x0000000008010c88                energest_flush
 .text.process_thread_ctimer_process
                0x0000000008010c94       0xe8 contiki-stm32nucleo-spirit1.a(ctimer.o)
 .text.ctimer_init
                0x0000000008010d7c       0x2c contiki-stm32nucleo-spirit1.a(ctimer.o)
                0x0000000008010d7c                ctimer_init
 .text.ctimer_set
                0x0000000008010da8       0x2c contiki-stm32nucleo-spirit1.a(ctimer.o)
                0x0000000008010da8                ctimer_set
 .text.ctimer_set_with_process
                0x0000000008010dd4       0x70 contiki-stm32nucleo-spirit1.a(ctimer.o)
                0x0000000008010dd4                ctimer_set_with_process
 .text.ctimer_reset
                0x0000000008010e44       0x50 contiki-stm32nucleo-spirit1.a(ctimer.o)
                0x0000000008010e44                ctimer_reset
 .text.ctimer_restart
                0x0000000008010e94       0x50 contiki-stm32nucleo-spirit1.a(ctimer.o)
                0x0000000008010e94                ctimer_restart
 .text.ctimer_stop
                0x0000000008010ee4       0x44 contiki-stm32nucleo-spirit1.a(ctimer.o)
                0x0000000008010ee4                ctimer_stop
 .text.update_time
                0x0000000008010f28       0x84 contiki-stm32nucleo-spirit1.a(etimer.o)
 .text.process_thread_etimer_process
                0x0000000008010fac      0x12c contiki-stm32nucleo-spirit1.a(etimer.o)
 .text.etimer_request_poll
                0x00000000080110d8       0x10 contiki-stm32nucleo-spirit1.a(etimer.o)
                0x00000000080110d8                etimer_request_poll
 .text.add_timer
                0x00000000080110e8       0x68 contiki-stm32nucleo-spirit1.a(etimer.o)
 .text.etimer_set
                0x0000000008011150       0x20 contiki-stm32nucleo-spirit1.a(etimer.o)
                0x0000000008011150                etimer_set
 .text.etimer_reset
                0x0000000008011170       0x1c contiki-stm32nucleo-spirit1.a(etimer.o)
                0x0000000008011170                etimer_reset
 .text.etimer_restart
                0x000000000801118c       0x1c contiki-stm32nucleo-spirit1.a(etimer.o)
                0x000000000801118c                etimer_restart
 .text.etimer_expired
                0x00000000080111a8       0x24 contiki-stm32nucleo-spirit1.a(etimer.o)
                0x00000000080111a8                etimer_expired
 .text.etimer_expiration_time
                0x00000000080111cc       0x20 contiki-stm32nucleo-spirit1.a(etimer.o)
                0x00000000080111cc                etimer_expiration_time
 .text.etimer_pending
                0x00000000080111ec       0x20 contiki-stm32nucleo-spirit1.a(etimer.o)
                0x00000000080111ec                etimer_pending
 .text.etimer_stop
                0x000000000801120c       0x68 contiki-stm32nucleo-spirit1.a(etimer.o)
                0x000000000801120c                etimer_stop
 .text.process_alloc_event
                0x0000000008011274       0x20 contiki-stm32nucleo-spirit1.a(process.o)
                0x0000000008011274                process_alloc_event
 .text.process_start
                0x0000000008011294       0x60 contiki-stm32nucleo-spirit1.a(process.o)
                0x0000000008011294                process_start
 .text.exit_process
                0x00000000080112f4       0xc4 contiki-stm32nucleo-spirit1.a(process.o)
 .text.call_process
                0x00000000080113b8       0x74 contiki-stm32nucleo-spirit1.a(process.o)
 .text.process_init
                0x000000000801142c       0x4c contiki-stm32nucleo-spirit1.a(process.o)
                0x000000000801142c                process_init
 .text.do_poll  0x0000000008011478       0x4c contiki-stm32nucleo-spirit1.a(process.o)
 .text.do_event
                0x00000000080114c4       0xe8 contiki-stm32nucleo-spirit1.a(process.o)
 .text.process_run
                0x00000000080115ac       0x30 contiki-stm32nucleo-spirit1.a(process.o)
                0x00000000080115ac                process_run
 .text.process_post
                0x00000000080115dc       0xa4 contiki-stm32nucleo-spirit1.a(process.o)
                0x00000000080115dc                process_post
 .text.process_post_synch
                0x0000000008011680       0x30 contiki-stm32nucleo-spirit1.a(process.o)
                0x0000000008011680                process_post_synch
 .text.process_poll
                0x00000000080116b0       0x38 contiki-stm32nucleo-spirit1.a(process.o)
                0x00000000080116b0                process_poll
 .text.process_is_running
                0x00000000080116e8       0x24 contiki-stm32nucleo-spirit1.a(process.o)
                0x00000000080116e8                process_is_running
 .text.rtimer_init
                0x000000000801170c        0xc contiki-stm32nucleo-spirit1.a(rtimer.o)
                0x000000000801170c                rtimer_init
 .text.timer_set
                0x0000000008011718       0x20 contiki-stm32nucleo-spirit1.a(timer.o)
                0x0000000008011718                timer_set
 .text.timer_reset
                0x0000000008011738       0x20 contiki-stm32nucleo-spirit1.a(timer.o)
                0x0000000008011738                timer_reset
 .text.timer_restart
                0x0000000008011758       0x18 contiki-stm32nucleo-spirit1.a(timer.o)
                0x0000000008011758                timer_restart
 .text.timer_expired
                0x0000000008011770       0x30 contiki-stm32nucleo-spirit1.a(timer.o)
                0x0000000008011770                timer_expired
 .text.show_leds
                0x00000000080117a0       0x48 contiki-stm32nucleo-spirit1.a(leds.o)
 .text.leds_init
                0x00000000080117e8       0x14 contiki-stm32nucleo-spirit1.a(leds.o)
                0x00000000080117e8                leds_init
 .text.leds_on  0x00000000080117fc       0x24 contiki-stm32nucleo-spirit1.a(leds.o)
                0x00000000080117fc                leds_on
 .text.leds_off
                0x0000000008011820       0x2c contiki-stm32nucleo-spirit1.a(leds.o)
                0x0000000008011820                leds_off
 .text.rxbuf_init
                0x000000000801184c       0x38 contiki-stm32nucleo-spirit1.a(slip.o)
 .text.slip_poll_handler
                0x0000000008011884      0x290 contiki-stm32nucleo-spirit1.a(slip.o)
 .text.process_thread_slip_process
                0x0000000008011b14       0x9c contiki-stm32nucleo-spirit1.a(slip.o)
 .text.slip_input_byte
                0x0000000008011bb0       0xf8 contiki-stm32nucleo-spirit1.a(slip.o)
                0x0000000008011bb0                slip_input_byte
 .text.get_sensor_index
                0x0000000008011ca8       0x48 contiki-stm32nucleo-spirit1.a(sensors.o)
 .text.sensors_changed
                0x0000000008011cf0       0x34 contiki-stm32nucleo-spirit1.a(sensors.o)
                0x0000000008011cf0                sensors_changed
 .text.process_thread_sensors_process
                0x0000000008011d24      0x150 contiki-stm32nucleo-spirit1.a(sensors.o)
 .text.list_init
                0x0000000008011e74       0x18 contiki-stm32nucleo-spirit1.a(list.o)
                0x0000000008011e74                list_init
 .text.list_head
                0x0000000008011e8c       0x18 contiki-stm32nucleo-spirit1.a(list.o)
                0x0000000008011e8c                list_head
 .text.list_tail
                0x0000000008011ea4       0x38 contiki-stm32nucleo-spirit1.a(list.o)
                0x0000000008011ea4                list_tail
 .text.list_add
                0x0000000008011edc       0x3c contiki-stm32nucleo-spirit1.a(list.o)
                0x0000000008011edc                list_add
 .text.list_push
                0x0000000008011f18       0x28 contiki-stm32nucleo-spirit1.a(list.o)
                0x0000000008011f18                list_push
 .text.list_remove
                0x0000000008011f40       0x64 contiki-stm32nucleo-spirit1.a(list.o)
                0x0000000008011f40                list_remove
 .text.list_length
                0x0000000008011fa4       0x34 contiki-stm32nucleo-spirit1.a(list.o)
                0x0000000008011fa4                list_length
 .text.list_item_next
                0x0000000008011fd8       0x24 contiki-stm32nucleo-spirit1.a(list.o)
                0x0000000008011fd8                list_item_next
 .text.random_init
                0x0000000008011ffc       0x18 contiki-stm32nucleo-spirit1.a(random.o)
                0x0000000008011ffc                random_init
 .text.random_rand
                0x0000000008012014       0x10 contiki-stm32nucleo-spirit1.a(random.o)
                0x0000000008012014                random_rand
 .text.uip_ds6_init
                0x0000000008012024      0x13c contiki-stm32nucleo-spirit1.a(uip-ds6.o)
                0x0000000008012024                uip_ds6_init
 .text.uip_ds6_periodic
                0x0000000008012160       0x70 contiki-stm32nucleo-spirit1.a(uip-ds6.o)
                0x0000000008012160                uip_ds6_periodic
 .text.uip_ds6_list_loop
                0x00000000080121d0       0x84 contiki-stm32nucleo-spirit1.a(uip-ds6.o)
                0x00000000080121d0                uip_ds6_list_loop
 .text.uip_ds6_prefix_add
                0x0000000008012254       0x90 contiki-stm32nucleo-spirit1.a(uip-ds6.o)
                0x0000000008012254                uip_ds6_prefix_add
 .text.uip_ds6_is_addr_onlink
                0x00000000080122e4       0x68 contiki-stm32nucleo-spirit1.a(uip-ds6.o)
                0x00000000080122e4                uip_ds6_is_addr_onlink
 .text.uip_ds6_addr_add
                0x000000000801234c       0xe0 contiki-stm32nucleo-spirit1.a(uip-ds6.o)
                0x000000000801234c                uip_ds6_addr_add
 .text.uip_ds6_addr_rm
                0x000000000801242c       0x88 contiki-stm32nucleo-spirit1.a(uip-ds6.o)
                0x000000000801242c                uip_ds6_addr_rm
 .text.uip_ds6_addr_lookup
                0x00000000080124b4       0x3c contiki-stm32nucleo-spirit1.a(uip-ds6.o)
                0x00000000080124b4                uip_ds6_addr_lookup
 .text.uip_ds6_get_link_local
                0x00000000080124f0       0x80 contiki-stm32nucleo-spirit1.a(uip-ds6.o)
                0x00000000080124f0                uip_ds6_get_link_local
 .text.uip_ds6_get_global
                0x0000000008012570       0x80 contiki-stm32nucleo-spirit1.a(uip-ds6.o)
                0x0000000008012570                uip_ds6_get_global
 .text.uip_ds6_maddr_add
                0x00000000080125f0       0x54 contiki-stm32nucleo-spirit1.a(uip-ds6.o)
                0x00000000080125f0                uip_ds6_maddr_add
 .text.uip_ds6_maddr_rm
                0x0000000008012644       0x20 contiki-stm32nucleo-spirit1.a(uip-ds6.o)
                0x0000000008012644                uip_ds6_maddr_rm
 .text.uip_ds6_maddr_lookup
                0x0000000008012664       0x3c contiki-stm32nucleo-spirit1.a(uip-ds6.o)
                0x0000000008012664                uip_ds6_maddr_lookup
 .text.uip_ds6_select_src
                0x00000000080126a0       0xfc contiki-stm32nucleo-spirit1.a(uip-ds6.o)
                0x00000000080126a0                uip_ds6_select_src
 .text.uip_ds6_set_addr_iid
                0x000000000801279c       0x2c contiki-stm32nucleo-spirit1.a(uip-ds6.o)
                0x000000000801279c                uip_ds6_set_addr_iid
 .text.get_match_length
                0x00000000080127c8       0x84 contiki-stm32nucleo-spirit1.a(uip-ds6.o)
                0x00000000080127c8                get_match_length
 .text.uip_ds6_compute_reachable_time
                0x000000000801284c       0x48 contiki-stm32nucleo-spirit1.a(uip-ds6.o)
                0x000000000801284c                uip_ds6_compute_reachable_time
 .text.call_route_callback
                0x0000000008012894       0x68 contiki-stm32nucleo-spirit1.a(uip-ds6-route.o)
 .text.uip_ds6_route_init
                0x00000000080128fc       0x58 contiki-stm32nucleo-spirit1.a(uip-ds6-route.o)
                0x00000000080128fc                uip_ds6_route_init
 .text.uip_ds6_route_nexthop_lladdr
                0x0000000008012954       0x30 contiki-stm32nucleo-spirit1.a(uip-ds6-route.o)
 .text.uip_ds6_route_nexthop
                0x0000000008012984       0x2c contiki-stm32nucleo-spirit1.a(uip-ds6-route.o)
                0x0000000008012984                uip_ds6_route_nexthop
 .text.uip_ds6_route_head
                0x00000000080129b0       0x18 contiki-stm32nucleo-spirit1.a(uip-ds6-route.o)
                0x00000000080129b0                uip_ds6_route_head
 .text.uip_ds6_route_next
                0x00000000080129c8       0x24 contiki-stm32nucleo-spirit1.a(uip-ds6-route.o)
                0x00000000080129c8                uip_ds6_route_next
 .text.uip_ds6_route_is_nexthop
                0x00000000080129ec       0x40 contiki-stm32nucleo-spirit1.a(uip-ds6-route.o)
                0x00000000080129ec                uip_ds6_route_is_nexthop
 .text.uip_ds6_route_num_routes
                0x0000000008012a2c       0x18 contiki-stm32nucleo-spirit1.a(uip-ds6-route.o)
                0x0000000008012a2c                uip_ds6_route_num_routes
 .text.uip_ds6_route_lookup
                0x0000000008012a44       0xa4 contiki-stm32nucleo-spirit1.a(uip-ds6-route.o)
                0x0000000008012a44                uip_ds6_route_lookup
 .text.uip_ds6_route_add
                0x0000000008012ae8      0x170 contiki-stm32nucleo-spirit1.a(uip-ds6-route.o)
                0x0000000008012ae8                uip_ds6_route_add
 .text.uip_ds6_route_rm
                0x0000000008012c58       0xdc contiki-stm32nucleo-spirit1.a(uip-ds6-route.o)
                0x0000000008012c58                uip_ds6_route_rm
 .text.rm_routelist
                0x0000000008012d34       0x58 contiki-stm32nucleo-spirit1.a(uip-ds6-route.o)
 .text.rm_routelist_callback
                0x0000000008012d8c       0x14 contiki-stm32nucleo-spirit1.a(uip-ds6-route.o)
 .text.uip_ds6_defrt_add
                0x0000000008012da0       0x84 contiki-stm32nucleo-spirit1.a(uip-ds6-route.o)
                0x0000000008012da0                uip_ds6_defrt_add
 .text.uip_ds6_defrt_rm
                0x0000000008012e24       0x64 contiki-stm32nucleo-spirit1.a(uip-ds6-route.o)
                0x0000000008012e24                uip_ds6_defrt_rm
 .text.uip_ds6_defrt_lookup
                0x0000000008012e88       0x4c contiki-stm32nucleo-spirit1.a(uip-ds6-route.o)
                0x0000000008012e88                uip_ds6_defrt_lookup
 .text.uip_ds6_defrt_choose
                0x0000000008012ed4       0x5c contiki-stm32nucleo-spirit1.a(uip-ds6-route.o)
                0x0000000008012ed4                uip_ds6_defrt_choose
 .text.uip_ds6_defrt_periodic
                0x0000000008012f30       0x58 contiki-stm32nucleo-spirit1.a(uip-ds6-route.o)
                0x0000000008012f30                uip_ds6_defrt_periodic
 .text.uip_add32
                0x0000000008012f88       0xc4 contiki-stm32nucleo-spirit1.a(uip6.o)
                0x0000000008012f88                uip_add32
 .text.chksum   0x000000000801304c       0x90 contiki-stm32nucleo-spirit1.a(uip6.o)
 .text.upper_layer_chksum
                0x00000000080130dc       0x90 contiki-stm32nucleo-spirit1.a(uip6.o)
 .text.uip_icmp6chksum
                0x000000000801316c       0x10 contiki-stm32nucleo-spirit1.a(uip6.o)
                0x000000000801316c                uip_icmp6chksum
 .text.uip_tcpchksum
                0x000000000801317c       0x10 contiki-stm32nucleo-spirit1.a(uip6.o)
                0x000000000801317c                uip_tcpchksum
 .text.uip_udpchksum
                0x000000000801318c       0x10 contiki-stm32nucleo-spirit1.a(uip6.o)
                0x000000000801318c                uip_udpchksum
 .text.uip_init
                0x000000000801319c       0x94 contiki-stm32nucleo-spirit1.a(uip6.o)
                0x000000000801319c                uip_init
 .text.uip_connect
                0x0000000008013230      0x148 contiki-stm32nucleo-spirit1.a(uip6.o)
                0x0000000008013230                uip_connect
 .text.remove_ext_hdr
                0x0000000008013378       0x90 contiki-stm32nucleo-spirit1.a(uip6.o)
                0x0000000008013378                remove_ext_hdr
 .text.uip_unlisten
                0x0000000008013408       0x44 contiki-stm32nucleo-spirit1.a(uip6.o)
                0x0000000008013408                uip_unlisten
 .text.uip_add_rcv_nxt
                0x000000000801344c       0x54 contiki-stm32nucleo-spirit1.a(uip6.o)
 .text.ext_hdr_options_process
                0x00000000080134a0      0x144 contiki-stm32nucleo-spirit1.a(uip6.o)
 .text.uip_process
                0x00000000080135e4     0x15e0 contiki-stm32nucleo-spirit1.a(uip6.o)
                0x00000000080135e4                uip_process
 .text.uip_htons
                0x0000000008014bc4       0x2c contiki-stm32nucleo-spirit1.a(uip6.o)
                0x0000000008014bc4                uip_htons
 .text.uip_htonl
                0x0000000008014bf0       0x4c contiki-stm32nucleo-spirit1.a(uip6.o)
                0x0000000008014bf0                uip_htonl
 .text.uip_send
                0x0000000008014c3c       0x88 contiki-stm32nucleo-spirit1.a(uip6.o)
                0x0000000008014c3c                uip_send
 .text.uip_ds6_neighbors_init
                0x0000000008014cc4       0x20 contiki-stm32nucleo-spirit1.a(uip-ds6-nbr.o)
                0x0000000008014cc4                uip_ds6_neighbors_init
 .text.uip_ds6_nbr_add
                0x0000000008014ce4       0x64 contiki-stm32nucleo-spirit1.a(uip-ds6-nbr.o)
                0x0000000008014ce4                uip_ds6_nbr_add
 .text.uip_ds6_nbr_rm
                0x0000000008014d48       0x34 contiki-stm32nucleo-spirit1.a(uip-ds6-nbr.o)
                0x0000000008014d48                uip_ds6_nbr_rm
 .text.uip_ds6_nbr_get_ll
                0x0000000008014d7c       0x24 contiki-stm32nucleo-spirit1.a(uip-ds6-nbr.o)
                0x0000000008014d7c                uip_ds6_nbr_get_ll
 .text.uip_ds6_nbr_lookup
                0x0000000008014da0       0x54 contiki-stm32nucleo-spirit1.a(uip-ds6-nbr.o)
                0x0000000008014da0                uip_ds6_nbr_lookup
 .text.uip_ds6_nbr_ll_lookup
                0x0000000008014df4       0x24 contiki-stm32nucleo-spirit1.a(uip-ds6-nbr.o)
                0x0000000008014df4                uip_ds6_nbr_ll_lookup
 .text.uip_ds6_nbr_ipaddr_from_lladdr
                0x0000000008014e18       0x24 contiki-stm32nucleo-spirit1.a(uip-ds6-nbr.o)
                0x0000000008014e18                uip_ds6_nbr_ipaddr_from_lladdr
 .text.uip_ds6_nbr_lladdr_from_ipaddr
                0x0000000008014e3c       0x2c contiki-stm32nucleo-spirit1.a(uip-ds6-nbr.o)
                0x0000000008014e3c                uip_ds6_nbr_lladdr_from_ipaddr
 .text.uip_ds6_link_neighbor_callback
                0x0000000008014e68       0x40 contiki-stm32nucleo-spirit1.a(uip-ds6-nbr.o)
                0x0000000008014e68                uip_ds6_link_neighbor_callback
 .text.extract_lladdr_from_llao_aligned
                0x0000000008014ea8       0x38 contiki-stm32nucleo-spirit1.a(uip-nd6.o)
 .text.create_llao
                0x0000000008014ee0       0x48 contiki-stm32nucleo-spirit1.a(uip-nd6.o)
 .text.ns_input
                0x0000000008014f28      0x3d4 contiki-stm32nucleo-spirit1.a(uip-nd6.o)
 .text.uip_nd6_init
                0x00000000080152fc       0x10 contiki-stm32nucleo-spirit1.a(uip-nd6.o)
                0x00000000080152fc                uip_nd6_init
 .text.uip_debug_ipaddr_print
                0x000000000801530c       0xf8 contiki-stm32nucleo-spirit1.a(uip-debug.o)
                0x000000000801530c                uip_debug_ipaddr_print
 .text.call_event
                0x0000000008015404       0x30 contiki-stm32nucleo-spirit1.a(tcp-socket.o)
 .text.senddata
                0x0000000008015434       0x54 contiki-stm32nucleo-spirit1.a(tcp-socket.o)
 .text.acked    0x0000000008015488       0xa0 contiki-stm32nucleo-spirit1.a(tcp-socket.o)
 .text.newdata  0x0000000008015528       0x7c contiki-stm32nucleo-spirit1.a(tcp-socket.o)
 .text.relisten
                0x00000000080155a4       0x34 contiki-stm32nucleo-spirit1.a(tcp-socket.o)
 .text.appcall  0x00000000080155d8      0x22c contiki-stm32nucleo-spirit1.a(tcp-socket.o)
 .text.process_thread_tcp_socket_process
                0x0000000008015804       0x60 contiki-stm32nucleo-spirit1.a(tcp-socket.o)
 .text.init     0x0000000008015864       0x34 contiki-stm32nucleo-spirit1.a(tcp-socket.o)
 .text.tcp_socket_register
                0x0000000008015898       0x7c contiki-stm32nucleo-spirit1.a(tcp-socket.o)
                0x0000000008015898                tcp_socket_register
 .text.tcp_socket_connect
                0x0000000008015914       0x7c contiki-stm32nucleo-spirit1.a(tcp-socket.o)
                0x0000000008015914                tcp_socket_connect
 .text.tcp_socket_unlisten
                0x0000000008015990       0x64 contiki-stm32nucleo-spirit1.a(tcp-socket.o)
                0x0000000008015990                tcp_socket_unlisten
 .text.tcp_socket_send
                0x00000000080159f4       0x78 contiki-stm32nucleo-spirit1.a(tcp-socket.o)
                0x00000000080159f4                tcp_socket_send
 .text.tcp_socket_close
                0x0000000008015a6c       0x34 contiki-stm32nucleo-spirit1.a(tcp-socket.o)
                0x0000000008015a6c                tcp_socket_close
 .text.tcp_socket_unregister
                0x0000000008015aa0       0x48 contiki-stm32nucleo-spirit1.a(tcp-socket.o)
                0x0000000008015aa0                tcp_socket_unregister
 .text.tcpip_output
                0x0000000008015ae8       0x30 contiki-stm32nucleo-spirit1.a(tcpip.o)
                0x0000000008015ae8                tcpip_output
 .text.tcpip_set_outputfunc
                0x0000000008015b18       0x1c contiki-stm32nucleo-spirit1.a(tcpip.o)
                0x0000000008015b18                tcpip_set_outputfunc
 .text.start_periodic_tcp_timer
                0x0000000008015b34       0x1c contiki-stm32nucleo-spirit1.a(tcpip.o)
 .text.check_for_tcp_syn
                0x0000000008015b50       0x24 contiki-stm32nucleo-spirit1.a(tcpip.o)
 .text.packet_input
                0x0000000008015b74       0x28 contiki-stm32nucleo-spirit1.a(tcpip.o)
 .text.tcp_connect
                0x0000000008015b9c       0x48 contiki-stm32nucleo-spirit1.a(tcpip.o)
                0x0000000008015b9c                tcp_connect
 .text.tcp_unlisten
                0x0000000008015be4       0x5c contiki-stm32nucleo-spirit1.a(tcpip.o)
                0x0000000008015be4                tcp_unlisten
 .text.tcp_attach
                0x0000000008015c40       0x2c contiki-stm32nucleo-spirit1.a(tcpip.o)
                0x0000000008015c40                tcp_attach
 .text.eventhandler
                0x0000000008015c6c      0x19c contiki-stm32nucleo-spirit1.a(tcpip.o)
 .text.tcpip_input
                0x0000000008015e08       0x28 contiki-stm32nucleo-spirit1.a(tcpip.o)
                0x0000000008015e08                tcpip_input
 .text.tcpip_ipv6_output
                0x0000000008015e30      0x170 contiki-stm32nucleo-spirit1.a(tcpip.o)
                0x0000000008015e30                tcpip_ipv6_output
 .text.tcpip_poll_tcp