Archive member included to satisfy reference by file (symbol)

contiki-stm32nucleo-spirit1.a(button-sensor.o)
                              border-router.co (button_sensor)
contiki-stm32nucleo-spirit1.a(radio-sensor.o)
                              obj_stm32nucleo-spirit1/contiki-spirit1-main.o (radio_sensor)
contiki-stm32nucleo-spirit1.a(uart-msg.o)
                              obj_stm32nucleo-spirit1/slip-bridge.o (slip_arch_init)
contiki-stm32nucleo-spirit1.a(spirit1.o)
                              obj_stm32nucleo-spirit1/contiki-spirit1-main.o (spirit_radio_driver)
contiki-stm32nucleo-spirit1.a(node-id.o)
                              obj_stm32nucleo-spirit1/contiki-spirit1-main.o (node_id)
contiki-stm32nucleo-spirit1.a(spirit1_appli.o)
                              contiki-stm32nucleo-spirit1.a(spirit1.o) (rx_timeout)
contiki-stm32nucleo-spirit1.a(stm32l1xx_hal_m)
                              contiki-stm32nucleo-spirit1.a(uart-msg.o) (UartHandle)
contiki-stm32nucleo-spirit1.a(stm32l1xx_it.o)
                              obj_stm32nucleo-spirit1/startup_stm32l152xe.o (EXTI9_5_IRQHandler)
contiki-stm32nucleo-spirit1.a(stm32cube_hal_i)
                              contiki-stm32nucleo-spirit1.a(stm32l1xx_it.o) (I2cHandle)
contiki-stm32nucleo-spirit1.a(stm32l1xx_nucle)
                              contiki-stm32nucleo-spirit1.a(button-sensor.o) (BSP_PB_Init)
contiki-stm32nucleo-spirit1.a(radio_gpio.o)
                              contiki-stm32nucleo-spirit1.a(spirit1.o) (RadioGpioInit)
contiki-stm32nucleo-spirit1.a(radio_shield_co)
                              contiki-stm32nucleo-spirit1.a(spirit1_appli.o) (RadioShieldLedInit)
contiki-stm32nucleo-spirit1.a(radio_spi.o)
                              contiki-stm32nucleo-spirit1.a(spirit1.o) (SdkEvalSpiInit)
contiki-stm32nucleo-spirit1.a(SPIRIT1_Util.o)
                              contiki-stm32nucleo-spirit1.a(spirit1_appli.o) (Spirit1InterfaceInit)
contiki-stm32nucleo-spirit1.a(SPIRIT_Commands)
                              contiki-stm32nucleo-spirit1.a(spirit1.o) (SpiritCmdStrobeCommand)
contiki-stm32nucleo-spirit1.a(SPIRIT_General.)
                              contiki-stm32nucleo-spirit1.a(SPIRIT1_Util.o) (SpiritGeneralSetExtRef)
contiki-stm32nucleo-spirit1.a(SPIRIT_Gpio.o)
                              contiki-stm32nucleo-spirit1.a(spirit1.o) (SpiritGpioInit)
contiki-stm32nucleo-spirit1.a(SPIRIT_Irq.o)
                              contiki-stm32nucleo-spirit1.a(spirit1.o) (SpiritIrqDeInit)
contiki-stm32nucleo-spirit1.a(SPIRIT_LinearFi)
                              contiki-stm32nucleo-spirit1.a(spirit1.o) (SpiritLinearFifoReadNumElementsRxFifo)
contiki-stm32nucleo-spirit1.a(SPIRIT_Manageme)
                              contiki-stm32nucleo-spirit1.a(spirit1.o) (SpiritManagementSetFrequencyBase)
contiki-stm32nucleo-spirit1.a(SPIRIT_PktBasic)
                              contiki-stm32nucleo-spirit1.a(spirit1.o) (SpiritPktBasicInit)
contiki-stm32nucleo-spirit1.a(SPIRIT_PktCommo)
                              contiki-stm32nucleo-spirit1.a(SPIRIT_PktBasic) (SpiritPktCommonGetControlLength)
contiki-stm32nucleo-spirit1.a(SPIRIT_Qi.o)
                              contiki-stm32nucleo-spirit1.a(spirit1.o) (SpiritQiSqiCheck)
contiki-stm32nucleo-spirit1.a(SPIRIT_Radio.o)
                              contiki-stm32nucleo-spirit1.a(spirit1.o) (SpiritRadioInit)
contiki-stm32nucleo-spirit1.a(SPIRIT_Timer.o)
                              contiki-stm32nucleo-spirit1.a(SPIRIT1_Util.o) (SpiritTimerSetRxTimeoutMs)
contiki-stm32nucleo-spirit1.a(SPIRIT_Types.o)
                              contiki-stm32nucleo-spirit1.a(spirit1.o) (g_xStatus)
contiki-stm32nucleo-spirit1.a(stm32l1xx_hal.o)
                              contiki-stm32nucleo-spirit1.a(stm32cube_hal_i) (HAL_Init)
contiki-stm32nucleo-spirit1.a(stm32l1xx_hal_a)
                              contiki-stm32nucleo-spirit1.a(stm32l1xx_nucle) (HAL_ADC_Init)
contiki-stm32nucleo-spirit1.a(stm32l1xx_hal_c)
                              contiki-stm32nucleo-spirit1.a(stm32l1xx_hal.o) (HAL_NVIC_SetPriorityGrouping)
contiki-stm32nucleo-spirit1.a(stm32l1xx_hal_d)
                              contiki-stm32nucleo-spirit1.a(stm32l1xx_hal_a) (HAL_DMA_Start_IT)
contiki-stm32nucleo-spirit1.a(stm32l1xx_hal_g)
                              contiki-stm32nucleo-spirit1.a(stm32l1xx_hal_m) (HAL_GPIO_Init)
contiki-stm32nucleo-spirit1.a(stm32l1xx_hal_i)
                              contiki-stm32nucleo-spirit1.a(stm32l1xx_it.o) (HAL_I2C_EV_IRQHandler)
contiki-stm32nucleo-spirit1.a(stm32l1xx_hal_p)
                              contiki-stm32nucleo-spirit1.a(spirit1_appli.o) (HAL_PWR_EnterSLEEPMode)
contiki-stm32nucleo-spirit1.a(stm32l1xx_hal_r)
                              contiki-stm32nucleo-spirit1.a(stm32cube_hal_i) (HAL_RCCEx_PeriphCLKConfig)
contiki-stm32nucleo-spirit1.a(stm32l1xx_hal_r)
                              contiki-stm32nucleo-spirit1.a(stm32cube_hal_i) (HAL_RCC_OscConfig)
[...]
Memory Configuration

Name             Origin             Length             Attributes
FLASH            0x0000000008000000 0x0000000000080000 xr
RAM              0x0000000020000000 0x0000000000014000 xrw
*default*        0x0000000000000000 0xffffffffffffffff

Linker script and memory map

LOAD /usr/lib/gcc/arm-none-eabi/4.9.3/armv7-m/crti.o
LOAD /usr/lib/gcc/arm-none-eabi/4.9.3/armv7-m/crtbegin.o
LOAD /usr/lib/gcc/arm-none-eabi/4.9.3/../../../arm-none-eabi/lib/armv7-m/crt0.o
LOAD /usr/lib/gcc/arm-none-eabi/4.9.3/../../../arm-none-eabi/lib/armv7-m/libm.a
LOAD /home/diego/Documentos/NuevoProyecto/contiki/cpu/arm/stm32l152/lib/smallprintf_thumb2.a
LOAD border-router.co
LOAD obj_stm32nucleo-spirit1/slip-bridge.o
LOAD obj_stm32nucleo-spirit1/httpd-simple.o
LOAD obj_stm32nucleo-spirit1/contiki-spirit1-main.o
LOAD obj_stm32nucleo-spirit1/startup_stm32l152xe.o
LOAD obj_stm32nucleo-spirit1/symbols.o
START GROUP
LOAD contiki-stm32nucleo-spirit1.a
END GROUP
LOAD obj_stm32nucleo-spirit1/syscalls.o
LOAD obj_stm32nucleo-spirit1/console.o
LOAD obj_stm32nucleo-spirit1/crt.o
LOAD obj_stm32nucleo-spirit1/uart.o
START GROUP
LOAD /usr/lib/gcc/arm-none-eabi/4.9.3/armv7-m/libgcc.a
LOAD /usr/lib/gcc/arm-none-eabi/4.9.3/../../../arm-none-eabi/lib/armv7-m/libc.a
END GROUP
LOAD /usr/lib/gcc/arm-none-eabi/4.9.3/armv7-m/crtend.o
LOAD /usr/lib/gcc/arm-none-eabi/4.9.3/armv7-m/crtn.o
                0x0000000020014000                _estack = 0x20014000
                0x0000000000000000                _Min_Heap_Size = 0x0
                0x0000000000000000                _Min_Stack_Size = 0x0

.isr_vector     0x0000000008000000      0x13c
                0x0000000008000000                . = ALIGN (0x4)
 *(.isr_vector)
 .isr_vector    0x0000000008000000      0x13c obj_stm32nucleo-spirit1/startup_stm32l152xe.o
                0x0000000008000000                g_pfnVectors
                0x000000000800013c                . = ALIGN (0x4)

.text           0x0000000008000140    0x1eeb4
                0x0000000008000140                . = ALIGN (0x4)
 *(.text)
 .text          0x0000000008000140       0xa4 /usr/lib/gcc/arm-none-eabi/4.9.3/armv7-m/crtbegin.o
 .text          0x00000000080001e4      0x370 /usr/lib/gcc/arm-none-eabi/4.9.3/armv7-m/libgcc.a(_arm_addsubdf3.o)
                0x00000000080001e4                __aeabi_drsub
                0x00000000080001ec                __aeabi_dsub
                0x00000000080001ec                __subdf3
                0x00000000080001f0                __adddf3
                0x00000000080001f0                __aeabi_dadd
                0x0000000008000468                __aeabi_ui2d
                0x0000000008000468                __floatunsidf
                0x0000000008000488                __floatsidf
                0x0000000008000488                __aeabi_i2d
                0x00000000080004ac                __extendsfdf2
                0x00000000080004ac                __aeabi_f2d
                0x00000000080004e8                __aeabi_ul2d
                0x00000000080004e8                __floatundidf
                0x00000000080004f8                __floatdidf
                0x00000000080004f8                __aeabi_l2d
 .text          0x0000000008000554      0x424 /usr/lib/gcc/arm-none-eabi/4.9.3/armv7-m/libgcc.a(_arm_muldivdf3.o)
                0x0000000008000554                __aeabi_dmul
                0x0000000008000554                __muldf3
                0x00000000080007a8                __aeabi_ddiv
                0x00000000080007a8                __divdf3
 .text          0x0000000008000978      0x110 /usr/lib/gcc/arm-none-eabi/4.9.3/armv7-m/libgcc.a(_arm_cmpdf2.o)
                0x0000000008000978                __gtdf2
                0x0000000008000978                __gedf2
                0x0000000008000980                __ltdf2
                0x0000000008000980                __ledf2
                0x0000000008000988                __cmpdf2
                0x0000000008000988                __eqdf2
                0x0000000008000988                __nedf2
                0x0000000008000a04                __aeabi_cdrcmple
                0x0000000008000a14                __aeabi_cdcmple
                0x0000000008000a14                __aeabi_cdcmpeq
                0x0000000008000a24                __aeabi_dcmpeq
                0x0000000008000a38                __aeabi_dcmplt
                0x0000000008000a4c                __aeabi_dcmple
                0x0000000008000a60                __aeabi_dcmpge
                0x0000000008000a74                __aeabi_dcmpgt
 .text          0x0000000008000a88       0x50 /usr/lib/gcc/arm-none-eabi/4.9.3/armv7-m/libgcc.a(_arm_fixdfsi.o)
                0x0000000008000a88                __fixdfsi
                0x0000000008000a88                __aeabi_d2iz
 .text          0x0000000008000ad8       0x40 /usr/lib/gcc/arm-none-eabi/4.9.3/armv7-m/libgcc.a(_arm_fixunsdfsi.o)
                0x0000000008000ad8                __fixunsdfsi
                0x0000000008000ad8                __aeabi_d2uiz
 .text          0x0000000008000b18       0xa0 /usr/lib/gcc/arm-none-eabi/4.9.3/armv7-m/libgcc.a(_arm_truncdfsf2.o)
                0x0000000008000b18                __aeabi_d2f
                0x0000000008000b18                __truncdfsf2
 .text          0x0000000008000bb8      0x21c /usr/lib/gcc/arm-none-eabi/4.9.3/armv7-m/libgcc.a(_arm_addsubsf3.o)
                0x0000000008000bb8                __aeabi_frsub
                0x0000000008000bc0                __subsf3
                0x0000000008000bc0                __aeabi_fsub
                0x0000000008000bc4                __aeabi_fadd
                0x0000000008000bc4                __addsf3
                0x0000000008000d24                __aeabi_ui2f
                0x0000000008000d24                __floatunsisf
                0x0000000008000d2c                __aeabi_i2f
                0x0000000008000d2c                __floatsisf
                0x0000000008000d48                __floatundisf
                0x0000000008000d48                __aeabi_ul2f
                0x0000000008000d58                __floatdisf
                0x0000000008000d58                __aeabi_l2f
 .text          0x0000000008000dd4      0x2a0 /usr/lib/gcc/arm-none-eabi/4.9.3/armv7-m/libgcc.a(_arm_muldivsf3.o)
                0x0000000008000dd4                __mulsf3
                0x0000000008000dd4                __aeabi_fmul
                0x0000000008000f3c                __divsf3
                0x0000000008000f3c                __aeabi_fdiv
 .text          0x0000000008001074       0xec /usr/lib/gcc/arm-none-eabi/4.9.3/armv7-m/libgcc.a(_arm_cmpsf2.o)
                0x0000000008001074                __gtsf2
                0x0000000008001074                __gesf2
                0x000000000800107c                __lesf2
                0x000000000800107c                __ltsf2
                0x0000000008001084                __nesf2
                0x0000000008001084                __eqsf2
                0x0000000008001084                __cmpsf2
                0x00000000080010e4                __aeabi_cfrcmple
                0x00000000080010ec                __aeabi_cfcmple
                0x00000000080010ec                __aeabi_cfcmpeq
                0x00000000080010fc                __aeabi_fcmpeq
                0x0000000008001110                __aeabi_fcmplt
                0x0000000008001124                __aeabi_fcmple
                0x0000000008001138                __aeabi_fcmpge
                0x000000000800114c                __aeabi_fcmpgt
 .text          0x0000000008001160       0x4c /usr/lib/gcc/arm-none-eabi/4.9.3/armv7-m/libgcc.a(_arm_fixsfsi.o)
                0x0000000008001160                __fixsfsi
                0x0000000008001160                __aeabi_f2iz
 .text          0x00000000080011ac       0x40 /usr/lib/gcc/arm-none-eabi/4.9.3/armv7-m/libgcc.a(_arm_fixunssfsi.o)
                0x00000000080011ac                __aeabi_f2uiz
                0x00000000080011ac                __fixunssfsi
 .text          0x00000000080011ec       0xec /usr/lib/gcc/arm-none-eabi/4.9.3/../../../arm-none-eabi/lib/armv7-m/libc.a(lib_a-memcpy.o)
                0x00000000080011ec                memcpy
 .text          0x00000000080012d8       0x30 /usr/lib/gcc/arm-none-eabi/4.9.3/armv7-m/libgcc.a(_aeabi_uldivmod.o)
                0x00000000080012d8                __aeabi_uldivmod
 .text          0x0000000008001308       0x60 /usr/lib/gcc/arm-none-eabi/4.9.3/armv7-m/libgcc.a(bpabi.o)
                0x0000000008001308                __gnu_ldivmod_helper
                0x0000000008001338                __gnu_uldivmod_helper
 .text          0x0000000008001368        0x4 /usr/lib/gcc/arm-none-eabi/4.9.3/armv7-m/libgcc.a(_dvmd_tls.o)
                0x0000000008001368                __aeabi_ldiv0
                0x0000000008001368                __aeabi_idiv0
 .text          0x000000000800136c      0x2ac /usr/lib/gcc/arm-none-eabi/4.9.3/armv7-m/libgcc.a(_divdi3.o)
                0x000000000800136c                __divdi3
 .text          0x0000000008001618      0x270 /usr/lib/gcc/arm-none-eabi/4.9.3/armv7-m/libgcc.a(_udivdi3.o)
                0x0000000008001618                __udivdi3
 *(.text*)
 .text.process_thread_webserver_nogui_process
                0x0000000008001888       0x64 border-router.co
 .text.ipaddr_add
                0x00000000080018ec       0xf8 border-router.co
 .text.generate_routes
                0x00000000080019e4      0x31c border-router.co
 .text.httpd_simple_get_script
                0x0000000008001d00       0x1c border-router.co
                0x0000000008001d00                httpd_simple_get_script
 .text.print_local_addresses
                0x0000000008001d1c       0x74 border-router.co
 .text.request_prefix
                0x0000000008001d90       0x34 border-router.co
                0x0000000008001d90                request_prefix
 .text.set_prefix_64
                0x0000000008001dc4       0x70 border-router.co
                0x0000000008001dc4                set_prefix_64
 .text.process_thread_border_router_process
                0x0000000008001e34      0x120 border-router.co
 .text.slip_input_callback
                0x0000000008001f54      0x134 obj_stm32nucleo-spirit1/slip-bridge.o
 .text.init     0x0000000008002088       0x24 obj_stm32nucleo-spirit1/slip-bridge.o
 .text.output   0x00000000080020ac       0x54 obj_stm32nucleo-spirit1/slip-bridge.o
 .text.send_string
                0x0000000008002100       0x58 obj_stm32nucleo-spirit1/httpd-simple.o
 .text.send_headers
                0x0000000008002158       0x7c obj_stm32nucleo-spirit1/httpd-simple.o
 .text.handle_output
                0x00000000080021d4      0x114 obj_stm32nucleo-spirit1/httpd-simple.o
 .text.handle_input
                0x00000000080022e8      0x130 obj_stm32nucleo-spirit1/httpd-simple.o
 .text.handle_connection
                0x0000000008002418       0x24 obj_stm32nucleo-spirit1/httpd-simple.o
 .text.httpd_appcall
                0x000000000800243c      0x128 obj_stm32nucleo-spirit1/httpd-simple.o
                0x000000000800243c                httpd_appcall
 .text.httpd_init
                0x0000000008002564       0x18 obj_stm32nucleo-spirit1/httpd-simple.o
                0x0000000008002564                httpd_init
 .text.main     0x000000000800257c       0xec obj_stm32nucleo-spirit1/contiki-spirit1-main.o
                0x000000000800257c                main
 .text.set_rime_addr
                0x0000000008002668       0x34 obj_stm32nucleo-spirit1/contiki-spirit1-main.o
 .text.Reset_Handler
                0x000000000800269c       0x48 obj_stm32nucleo-spirit1/startup_stm32l152xe.o
                0x000000000800269c                Reset_Handler
 .text.Default_Handler
                0x00000000080026e4        0x2 obj_stm32nucleo-spirit1/startup_stm32l152xe.o
                0x00000000080026e4                RTC_Alarm_IRQHandler
                0x00000000080026e4                COMP_ACQ_IRQHandler
                0x00000000080026e4                TIM10_IRQHandler
                0x00000000080026e4                USB_HP_IRQHandler
                0x00000000080026e4                TIM6_IRQHandler
                0x00000000080026e4                PVD_IRQHandler
                0x00000000080026e4                I2C2_EV_IRQHandler
                0x00000000080026e4                SPI1_IRQHandler
                0x00000000080026e4                USB_FS_WKUP_IRQHandler
                0x00000000080026e4                DMA2_Channel2_IRQHandler
                0x00000000080026e4                DMA1_Channel4_IRQHandler
                0x00000000080026e4                ADC1_IRQHandler
                0x00000000080026e4                USART3_IRQHandler
                0x00000000080026e4                DMA1_Channel7_IRQHandler
                0x00000000080026e4                LCD_IRQHandler
                0x00000000080026e4                UART5_IRQHandler
                0x00000000080026e4                TIM4_IRQHandler
                0x00000000080026e4                DMA2_Channel1_IRQHandler
                0x00000000080026e4                I2C1_EV_IRQHandler
                0x00000000080026e4                DMA1_Channel6_IRQHandler
                0x00000000080026e4                UART4_IRQHandler
                0x00000000080026e4                DMA2_Channel4_IRQHandler
                0x00000000080026e4                TIM3_IRQHandler
                0x00000000080026e4                RCC_IRQHandler
                0x00000000080026e4                DMA1_Channel1_IRQHandler
                0x00000000080026e4                Default_Handler
                0x00000000080026e4                TIM7_IRQHandler
                0x00000000080026e4                TIM5_IRQHandler
                0x00000000080026e4                TIM9_IRQHandler
                0x00000000080026e4                TAMPER_STAMP_IRQHandler
                0x00000000080026e4                RTC_WKUP_IRQHandler
                0x00000000080026e4                SPI2_IRQHandler
                0x00000000080026e4                DMA2_Channel5_IRQHandler
                0x00000000080026e4                DMA1_Channel5_IRQHandler
                0x00000000080026e4                USB_LP_IRQHandler
                0x00000000080026e4                EXTI4_IRQHandler
                0x00000000080026e4                DMA1_Channel3_IRQHandler
                0x00000000080026e4                COMP_IRQHandler
                0x00000000080026e4                DAC_IRQHandler
                0x00000000080026e4                TIM11_IRQHandler
                0x00000000080026e4                I2C2_ER_IRQHandler
                0x00000000080026e4                DMA1_Channel2_IRQHandler
                0x00000000080026e4                FLASH_IRQHandler
                0x00000000080026e4                USART1_IRQHandler
                0x00000000080026e4                SPI3_IRQHandler
                0x00000000080026e4                I2C1_ER_IRQHandler
                0x00000000080026e4                DMA2_Channel3_IRQHandler
 *fill*         0x00000000080026e6        0x2 
 .text.init     0x00000000080026e8       0x10 contiki-stm32nucleo-spirit1.a(button-sensor.o)
 .text.activate
                0x00000000080026f8       0x18 contiki-stm32nucleo-spirit1.a(button-sensor.o)
 .text.deactivate
                0x0000000008002710       0x18 contiki-stm32nucleo-spirit1.a(button-sensor.o)
 .text.active   0x0000000008002728       0x14 contiki-stm32nucleo-spirit1.a(button-sensor.o)
 .text.value    0x000000000800273c       0x18 contiki-stm32nucleo-spirit1.a(button-sensor.o)
 .text.configure
                0x0000000008002754       0x3c contiki-stm32nucleo-spirit1.a(button-sensor.o)
 .text.status   0x0000000008002790       0x20 contiki-stm32nucleo-spirit1.a(button-sensor.o)
 .text.init     0x00000000080027b0        0xc contiki-stm32nucleo-spirit1.a(radio-sensor.o)
 .text.activate
                0x00000000080027bc       0x18 contiki-stm32nucleo-spirit1.a(radio-sensor.o)
 .text.deactivate
                0x00000000080027d4       0x18 contiki-stm32nucleo-spirit1.a(radio-sensor.o)
 .text.active   0x00000000080027ec       0x18 contiki-stm32nucleo-spirit1.a(radio-sensor.o)
 .text.value    0x0000000008002804       0x6c contiki-stm32nucleo-spirit1.a(radio-sensor.o)
 .text.configure
                0x0000000008002870       0x3c contiki-stm32nucleo-spirit1.a(radio-sensor.o)
 .text.status   0x00000000080028ac       0x20 contiki-stm32nucleo-spirit1.a(radio-sensor.o)
 .text.slip_arch_init
                0x00000000080028cc       0x28 contiki-stm32nucleo-spirit1.a(uart-msg.o)
                0x00000000080028cc                slip_arch_init
 .text.slip_arch_writeb
                0x00000000080028f4       0x18 contiki-stm32nucleo-spirit1.a(uart-msg.o)
                0x00000000080028f4                slip_arch_writeb
 .text.uart_send_msg
                0x000000000800290c       0x20 contiki-stm32nucleo-spirit1.a(uart-msg.o)
                0x000000000800290c                uart_send_msg
 .text.spirit1_strobe
                0x000000000800292c       0x18 contiki-stm32nucleo-spirit1.a(spirit1.o)
 .text.spirit_set_ready_state
                0x0000000008002944       0x50 contiki-stm32nucleo-spirit1.a(spirit1.o)
                0x0000000008002944                spirit_set_ready_state
 .text.spirit_radio_init
                0x0000000008002994      0x180 contiki-stm32nucleo-spirit1.a(spirit1.o)
 .text.spirit_radio_prepare
                0x0000000008002b14       0x64 contiki-stm32nucleo-spirit1.a(spirit1.o)
 .text.spirit_radio_transmit
                0x0000000008002b78      0x19c contiki-stm32nucleo-spirit1.a(spirit1.o)
 .text.spirit_radio_send
                0x0000000008002d14       0x34 contiki-stm32nucleo-spirit1.a(spirit1.o)
 .text.spirit_radio_read
                0x0000000008002d48      0x134 contiki-stm32nucleo-spirit1.a(spirit1.o)
 .text.spirit_radio_channel_clear
                0x0000000008002e7c      0x120 contiki-stm32nucleo-spirit1.a(spirit1.o)
 .text.spirit_radio_receiving_packet
                0x0000000008002f9c       0x18 contiki-stm32nucleo-spirit1.a(spirit1.o)
 .text.spirit_radio_pending_packet
                0x0000000008002fb4       0x20 contiki-stm32nucleo-spirit1.a(spirit1.o)
 .text.spirit_radio_off
                0x0000000008002fd4       0xe0 contiki-stm32nucleo-spirit1.a(spirit1.o)
 .text.spirit_radio_on
                0x00000000080030b4       0xfc contiki-stm32nucleo-spirit1.a(spirit1.o)
 .text.process_thread_spirit_radio_process
                0x00000000080031b0       0xf4 contiki-stm32nucleo-spirit1.a(spirit1.o)
 .text.spirit1_interrupt_callback
                0x00000000080032a4      0x168 contiki-stm32nucleo-spirit1.a(spirit1.o)
                0x00000000080032a4                spirit1_interrupt_callback
 .text.node_id_restore
                0x000000000800340c       0x60 contiki-stm32nucleo-spirit1.a(node-id.o)
                0x000000000800340c                node_id_restore
 .text.HAL_Spirit1_Init
                0x000000000800346c       0x1c contiki-stm32nucleo-spirit1.a(spirit1_appli.o)
                0x000000000800346c                HAL_Spirit1_Init
 .text.SPIRIT1_Init
                0x0000000008003488       0x5c contiki-stm32nucleo-spirit1.a(spirit1_appli.o)
                0x0000000008003488                SPIRIT1_Init
 .text.BasicProtocolInit
                0x00000000080034e4       0x1c contiki-stm32nucleo-spirit1.a(spirit1_appli.o)
                0x00000000080034e4                BasicProtocolInit
 .text.HAL_GPIO_EXTI_Callback
                0x0000000008003500       0x28 contiki-stm32nucleo-spirit1.a(spirit1_appli.o)
                0x0000000008003500                HAL_GPIO_EXTI_Callback
 .text.HAL_MspInit
                0x0000000008003528       0xb0 contiki-stm32nucleo-spirit1.a(stm32l1xx_hal_m)
                0x0000000008003528                HAL_MspInit
 .text.HAL_TIM_Base_MspInit
                0x00000000080035d8       0x38 contiki-stm32nucleo-spirit1.a(stm32l1xx_hal_m)
                0x00000000080035d8                HAL_TIM_Base_MspInit
 .text.HAL_UART_MspInit
                0x0000000008003610       0x80 contiki-stm32nucleo-spirit1.a(stm32l1xx_hal_m)
                0x0000000008003610                HAL_UART_MspInit
 .text.USARTConfig
                0x0000000008003690       0xd4 contiki-stm32nucleo-spirit1.a(stm32l1xx_hal_m)
                0x0000000008003690                USARTConfig
 .text.NMI_Handler
                0x0000000008003764        0xc contiki-stm32nucleo-spirit1.a(stm32l1xx_it.o)
                0x0000000008003764                NMI_Handler
 .text.WWDG_IRQHandler
                0x0000000008003770        0x8 contiki-stm32nucleo-spirit1.a(stm32l1xx_it.o)
                0x0000000008003770                WWDG_IRQHandler
 .text.HardFault_Handler
                0x0000000008003778        0x8 contiki-stm32nucleo-spirit1.a(stm32l1xx_it.o)
                0x0000000008003778                HardFault_Handler
 .text.MemManage_Handler
                0x0000000008003780        0x8 contiki-stm32nucleo-spirit1.a(stm32l1xx_it.o)
                0x0000000008003780                MemManage_Handler
 .text.BusFault_Handler
                0x0000000008003788        0x8 contiki-stm32nucleo-spirit1.a(stm32l1xx_it.o)
                0x0000000008003788                BusFault_Handler
 .text.UsageFault_Handler
                0x0000000008003790        0x8 contiki-stm32nucleo-spirit1.a(stm32l1xx_it.o)
                0x0000000008003790                UsageFault_Handler
 .text.SVC_Handler
                0x0000000008003798        0xc contiki-stm32nucleo-spirit1.a(stm32l1xx_it.o)
                0x0000000008003798                SVC_Handler
 .text.DebugMon_Handler
                0x00000000080037a4        0xc contiki-stm32nucleo-spirit1.a(stm32l1xx_it.o)
                0x00000000080037a4                DebugMon_Handler
 .text.PendSV_Handler
                0x00000000080037b0        0xc contiki-stm32nucleo-spirit1.a(stm32l1xx_it.o)
                0x00000000080037b0                PendSV_Handler
 .text.EXTI0_IRQHandler
                0x00000000080037bc       0x1c contiki-stm32nucleo-spirit1.a(stm32l1xx_it.o)
                0x00000000080037bc                EXTI0_IRQHandler
 .text.EXTI1_IRQHandler
                0x00000000080037d8       0x1c contiki-stm32nucleo-spirit1.a(stm32l1xx_it.o)
                0x00000000080037d8                EXTI1_IRQHandler
 .text.EXTI2_IRQHandler
                0x00000000080037f4       0x1c contiki-stm32nucleo-spirit1.a(stm32l1xx_it.o)
                0x00000000080037f4                EXTI2_IRQHandler
 .text.EXTI3_IRQHandler
                0x0000000008003810       0x1c contiki-stm32nucleo-spirit1.a(stm32l1xx_it.o)
                0x0000000008003810                EXTI3_IRQHandler
 .text.EXTI9_5_IRQHandler
                0x000000000800382c       0x48 contiki-stm32nucleo-spirit1.a(stm32l1xx_it.o)
                0x000000000800382c                EXTI9_5_IRQHandler
 .text.EXTI15_10_IRQHandler
                0x0000000008003874       0x10 contiki-stm32nucleo-spirit1.a(stm32l1xx_it.o)
                0x0000000008003874                EXTI15_10_IRQHandler
 .text.USART2_IRQHandler
                0x0000000008003884       0x9c contiki-stm32nucleo-spirit1.a(stm32l1xx_it.o)
                0x0000000008003884                USART2_IRQHandler
 .text.stm32cube_hal_init
                0x0000000008003920       0x2c contiki-stm32nucleo-spirit1.a(stm32cube_hal_i)
                0x0000000008003920                stm32cube_hal_init
 .text.RTC_Config
                0x000000000800394c       0x4c contiki-stm32nucleo-spirit1.a(stm32cube_hal_i)
 .text.RTC_TimeStampConfig
                0x0000000008003998       0x68 contiki-stm32nucleo-spirit1.a(stm32cube_hal_i)
 .text.SystemClock_Config
                0x0000000008003a00      0x110 contiki-stm32nucleo-spirit1.a(stm32cube_hal_i)
 .text.Error_Handler
                0x0000000008003b10        0x8 contiki-stm32nucleo-spirit1.a(stm32cube_hal_i)
 .text.HAL_RTC_MspInit
                0x0000000008003b18       0x88 contiki-stm32nucleo-spirit1.a(stm32cube_hal_i)
                0x0000000008003b18                HAL_RTC_MspInit
 .text.MX_GPIO_Init
                0x0000000008003ba0       0x34 contiki-stm32nucleo-spirit1.a(stm32cube_hal_i)
 .text.BSP_LED_Init
                0x0000000008003bd4       0x90 contiki-stm32nucleo-spirit1.a(stm32l1xx_nucle)
                0x0000000008003bd4                BSP_LED_Init
 .text.BSP_LED_Off
                0x0000000008003c64       0x34 contiki-stm32nucleo-spirit1.a(stm32l1xx_nucle)
                0x0000000008003c64                BSP_LED_Off
 .text.BSP_PB_Init
                0x0000000008003c98       0xc4 contiki-stm32nucleo-spirit1.a(stm32l1xx_nucle)
                0x0000000008003c98                BSP_PB_Init
 .text.BSP_PB_GetState
                0x0000000008003d5c       0x2c contiki-stm32nucleo-spirit1.a(stm32l1xx_nucle)
                0x0000000008003d5c                BSP_PB_GetState
 .text.RadioGpioInit
                0x0000000008003d88       0xd8 contiki-stm32nucleo-spirit1.a(radio_gpio.o)
                0x0000000008003d88                RadioGpioInit
 .text.RadioGpioInterruptCmd
                0x0000000008003e60       0x68 contiki-stm32nucleo-spirit1.a(radio_gpio.o)
                0x0000000008003e60                RadioGpioInterruptCmd
 .text.RadioGpioSetLevel
                0x0000000008003ec8       0x3c contiki-stm32nucleo-spirit1.a(radio_gpio.o)
                0x0000000008003ec8                RadioGpioSetLevel
 .text.SdkEvalEnterShutdown
                0x0000000008003f04       0x10 contiki-stm32nucleo-spirit1.a(radio_gpio.o)
                0x0000000008003f04                SdkEvalEnterShutdown
 .text.SdkEvalExitShutdown
                0x0000000008003f14       0x28 contiki-stm32nucleo-spirit1.a(radio_gpio.o)
                0x0000000008003f14                SdkEvalExitShutdown
 .text.RadioShieldLedInit
                0x0000000008003f3c       0x48 contiki-stm32nucleo-spirit1.a(radio_shield_co)
                0x0000000008003f3c                RadioShieldLedInit
 .text.RadioShieldLedOff
                0x0000000008003f84       0x28 contiki-stm32nucleo-spirit1.a(radio_shield_co)
                0x0000000008003f84                RadioShieldLedOff
 .text.SdkEvalSpiInit
                0x0000000008003fac       0x74 contiki-stm32nucleo-spirit1.a(radio_spi.o)
                0x0000000008003fac                SdkEvalSpiInit
 .text.HAL_SPI_MspInit
                0x0000000008004020       0xd0 contiki-stm32nucleo-spirit1.a(radio_spi.o)
                0x0000000008004020                HAL_SPI_MspInit
 .text.SPI_Write
                0x00000000080040f0       0x4c contiki-stm32nucleo-spirit1.a(radio_spi.o)
 .text.SPI_Error
                0x000000000800413c       0x14 contiki-stm32nucleo-spirit1.a(radio_spi.o)
 .text.SdkEvalSpiWriteRegisters
                0x0000000008004150      0x104 contiki-stm32nucleo-spirit1.a(radio_spi.o)
                0x0000000008004150                SdkEvalSpiWriteRegisters
 .text.SdkEvalSpiReadRegisters
                0x0000000008004254      0x114 contiki-stm32nucleo-spirit1.a(radio_spi.o)
                0x0000000008004254                SdkEvalSpiReadRegisters
 .text.SdkEvalSpiCommandStrobes
                0x0000000008004368       0xdc contiki-stm32nucleo-spirit1.a(radio_spi.o)
                0x0000000008004368                SdkEvalSpiCommandStrobes
 .text.SdkEvalSpiWriteFifo
                0x0000000008004444      0x100 contiki-stm32nucleo-spirit1.a(radio_spi.o)
                0x0000000008004444                SdkEvalSpiWriteFifo
 .text.SdkEvalSpiReadFifo
                0x0000000008004544      0x10c contiki-stm32nucleo-spirit1.a(radio_spi.o)
                0x0000000008004544                SdkEvalSpiReadFifo
 .text.Spirit1InterfaceInit
                0x0000000008004650       0x44 contiki-stm32nucleo-spirit1.a(SPIRIT1_Util.o)
                0x0000000008004650                Spirit1InterfaceInit
 .text.SpiritManagementIdentificationRFBoard
                0x0000000008004694       0x44 contiki-stm32nucleo-spirit1.a(SPIRIT1_Util.o)
                0x0000000008004694                SpiritManagementIdentificationRFBoard
 .text.SpiritManagementRangeExtInit
                0x00000000080046d8       0xe8 contiki-stm32nucleo-spirit1.a(SPIRIT1_Util.o)
                0x00000000080046d8                SpiritManagementRangeExtInit
 .text.SpiritManagementGetRangeExtender
                0x00000000080047c0       0x18 contiki-stm32nucleo-spirit1.a(SPIRIT1_Util.o)
                0x00000000080047c0                SpiritManagementGetRangeExtender
 .text.Spirit1GpioIrqInit
                0x00000000080047d8       0x14 contiki-stm32nucleo-spirit1.a(SPIRIT1_Util.o)
                0x00000000080047d8                Spirit1GpioIrqInit
 .text.Spirit1RadioInit
                0x00000000080047ec       0x14 contiki-stm32nucleo-spirit1.a(SPIRIT1_Util.o)
                0x00000000080047ec                Spirit1RadioInit
 .text.Spirit1SetPower
                0x0000000008004800       0x24 contiki-stm32nucleo-spirit1.a(SPIRIT1_Util.o)
                0x0000000008004800                Spirit1SetPower
 .text.Spirit1PacketConfig
                0x0000000008004824        0xc contiki-stm32nucleo-spirit1.a(SPIRIT1_Util.o)
                0x0000000008004824                Spirit1PacketConfig
 .text.Spirit1SetPayloadlength
                0x0000000008004830       0x14 contiki-stm32nucleo-spirit1.a(SPIRIT1_Util.o)
                0x0000000008004830                Spirit1SetPayloadlength
 .text.Spirit1SetDestinationAddress
                0x0000000008004844       0x14 contiki-stm32nucleo-spirit1.a(SPIRIT1_Util.o)
                0x0000000008004844                Spirit1SetDestinationAddress
 .text.Spirit1EnableTxIrq
                0x0000000008004858       0x10 contiki-stm32nucleo-spirit1.a(SPIRIT1_Util.o)
                0x0000000008004858                Spirit1EnableTxIrq
 .text.Spirit1EnableRxIrq
                0x0000000008004868       0x20 contiki-stm32nucleo-spirit1.a(SPIRIT1_Util.o)
                0x0000000008004868                Spirit1EnableRxIrq
 .text.Spirit1DisableIrq
                0x0000000008004888        0xc contiki-stm32nucleo-spirit1.a(SPIRIT1_Util.o)
                0x0000000008004888                Spirit1DisableIrq
 .text.Spirit1SetRxTimeout
                0x0000000008004894       0x3c contiki-stm32nucleo-spirit1.a(SPIRIT1_Util.o)
                0x0000000008004894                Spirit1SetRxTimeout
 .text.Spirit1SetRssiTH
                0x00000000080048d0       0x14 contiki-stm32nucleo-spirit1.a(SPIRIT1_Util.o)
                0x00000000080048d0                Spirit1SetRssiTH
 .text.Spirit1EnableSQI
                0x00000000080048e4       0x14 contiki-stm32nucleo-spirit1.a(SPIRIT1_Util.o)
                0x00000000080048e4                Spirit1EnableSQI
 .text.Spirit1StartRx
                0x00000000080048f8       0x10 contiki-stm32nucleo-spirit1.a(SPIRIT1_Util.o)
                0x00000000080048f8                Spirit1StartRx
 .text.Spirit1GetRxPacket
                0x0000000008004908       0x2c contiki-stm32nucleo-spirit1.a(SPIRIT1_Util.o)
                0x0000000008004908                Spirit1GetRxPacket
 .text.Spirit1StartTx
                0x0000000008004934       0x2c contiki-stm32nucleo-spirit1.a(SPIRIT1_Util.o)
                0x0000000008004934                Spirit1StartTx
 .text.Spirit1ClearIRQ
                0x0000000008004960        0xc contiki-stm32nucleo-spirit1.a(SPIRIT1_Util.o)
                0x0000000008004960                Spirit1ClearIRQ
 .text.SpiritCmdStrobeCommand
                0x000000000800496c       0x2c contiki-stm32nucleo-spirit1.a(SPIRIT_Commands)
                0x000000000800496c                SpiritCmdStrobeCommand
 .text.SpiritGeneralSetExtRef
                0x0000000008004998       0x5c contiki-stm32nucleo-spirit1.a(SPIRIT_General.)
                0x0000000008004998                SpiritGeneralSetExtRef
 .text.SpiritGpioInit
                0x00000000080049f4       0x48 contiki-stm32nucleo-spirit1.a(SPIRIT_Gpio.o)
                0x00000000080049f4                SpiritGpioInit
 .text.SpiritIrqDeInit
                0x0000000008004a3c       0x60 contiki-stm32nucleo-spirit1.a(SPIRIT_Irq.o)
                0x0000000008004a3c                SpiritIrqDeInit
 .text.SpiritIrq
                0x0000000008004a9c       0xd0 contiki-stm32nucleo-spirit1.a(SPIRIT_Irq.o)
                0x0000000008004a9c                SpiritIrq
 .text.SpiritIrqGetStatus
                0x0000000008004b6c       0x60 contiki-stm32nucleo-spirit1.a(SPIRIT_Irq.o)
                0x0000000008004b6c                SpiritIrqGetStatus
 .text.SpiritIrqClearStatus
                0x0000000008004bcc       0x2c contiki-stm32nucleo-spirit1.a(SPIRIT_Irq.o)
                0x0000000008004bcc                SpiritIrqClearStatus
 .text.SpiritLinearFifoReadNumElementsRxFifo
                0x0000000008004bf8       0x38 contiki-stm32nucleo-spirit1.a(SPIRIT_LinearFi)
                0x0000000008004bf8                SpiritLinearFifoReadNumElementsRxFifo
 .text.SpiritManagementSetFrequencyBase
                0x0000000008004c30      0x218 contiki-stm32nucleo-spirit1.a(SPIRIT_Manageme)
                0x0000000008004c30                SpiritManagementSetFrequencyBase
 .text.SpiritManagementWaVcoCalibration
                0x0000000008004e48      0x194 contiki-stm32nucleo-spirit1.a(SPIRIT_Manageme)
                0x0000000008004e48                SpiritManagementWaVcoCalibration
 .text.SpiritManagementWaCmdStrobeTx
                0x0000000008004fdc       0x74 contiki-stm32nucleo-spirit1.a(SPIRIT_Manageme)
                0x0000000008004fdc                SpiritManagementWaCmdStrobeTx
 .text.SpiritManagementWaCmdStrobeRx
                0x0000000008005050       0x38 contiki-stm32nucleo-spirit1.a(SPIRIT_Manageme)
                0x0000000008005050                SpiritManagementWaCmdStrobeRx
 .text.SpiritManagementWaTRxFcMem
                0x0000000008005088       0x28 contiki-stm32nucleo-spirit1.a(SPIRIT_Manageme)
                0x0000000008005088                SpiritManagementWaTRxFcMem
 .text.SpiritPktBasicInit
                0x00000000080050b0      0x1b0 contiki-stm32nucleo-spirit1.a(SPIRIT_PktBasic)
                0x00000000080050b0                SpiritPktBasicInit
 .text.SpiritPktBasicAddressesInit
                0x0000000008005260       0xd8 contiki-stm32nucleo-spirit1.a(SPIRIT_PktBasic)
                0x0000000008005260                SpiritPktBasicAddressesInit
 .text.SpiritPktBasicGetAddressField
                0x0000000008005338       0x40 contiki-stm32nucleo-spirit1.a(SPIRIT_PktBasic)
                0x0000000008005338                SpiritPktBasicGetAddressField
 .text.SpiritPktBasicSetPayloadLength
                0x0000000008005378       0x6c contiki-stm32nucleo-spirit1.a(SPIRIT_PktBasic)
                0x0000000008005378                SpiritPktBasicSetPayloadLength
 .text.SpiritPktBasicGetReceivedPktLength
                0x00000000080053e4       0x64 contiki-stm32nucleo-spirit1.a(SPIRIT_PktBasic)
                0x00000000080053e4                SpiritPktBasicGetReceivedPktLength
 .text.SpiritPktCommonGetControlLength
                0x0000000008005448       0x38 contiki-stm32nucleo-spirit1.a(SPIRIT_PktCommo)
                0x0000000008005448                SpiritPktCommonGetControlLength
 .text.SpiritPktCommonFilterOnCrc
                0x0000000008005480       0x6c contiki-stm32nucleo-spirit1.a(SPIRIT_PktCommo)
                0x0000000008005480                SpiritPktCommonFilterOnCrc
 .text.SpiritQiSqiCheck
                0x00000000080054ec       0x6c contiki-stm32nucleo-spirit1.a(SPIRIT_Qi.o)
                0x00000000080054ec                SpiritQiSqiCheck
 .text.SpiritQiSetSqiThreshold
                0x0000000008005558       0x64 contiki-stm32nucleo-spirit1.a(SPIRIT_Qi.o)
                0x0000000008005558                SpiritQiSetSqiThreshold
 .text.SpiritQiGetLqi
                0x00000000080055bc       0x34 contiki-stm32nucleo-spirit1.a(SPIRIT_Qi.o)
                0x00000000080055bc                SpiritQiGetLqi
 .text.SpiritQiGetRssi
                0x00000000080055f0       0x30 contiki-stm32nucleo-spirit1.a(SPIRIT_Qi.o)
                0x00000000080055f0                SpiritQiGetRssi
 .text.SpiritQiSetRssiThresholddBm
                0x0000000008005620       0x3c contiki-stm32nucleo-spirit1.a(SPIRIT_Qi.o)
                0x0000000008005620                SpiritQiSetRssiThresholddBm
 *fill*         0x000000000800565c        0x4 
 .text.SpiritRadioInit
                0x0000000008005660      0x434 contiki-stm32nucleo-spirit1.a(SPIRIT_Radio.o)
                0x0000000008005660                SpiritRadioInit
 .text.SpiritRadioSetXtalFlag
                0x0000000008005a94       0x70 contiki-stm32nucleo-spirit1.a(SPIRIT_Radio.o)
                0x0000000008005a94                SpiritRadioSetXtalFlag
 .text.SpiritRadioSearchWCP
                0x0000000008005b04      0x134 contiki-stm32nucleo-spirit1.a(SPIRIT_Radio.o)
                0x0000000008005b04                SpiritRadioSearchWCP
 .text.SpiritRadioGetSynthWord
                0x0000000008005c38       0x4c contiki-stm32nucleo-spirit1.a(SPIRIT_Radio.o)
                0x0000000008005c38                SpiritRadioGetSynthWord
 .text.SpiritRadioGetBand
                0x0000000008005c84       0x5c contiki-stm32nucleo-spirit1.a(SPIRIT_Radio.o)
                0x0000000008005c84                SpiritRadioGetBand
 .text.SpiritRadioGetChannel
                0x0000000008005ce0       0x30 contiki-stm32nucleo-spirit1.a(SPIRIT_Radio.o)
                0x0000000008005ce0                SpiritRadioGetChannel
 .text.SpiritRadioGetChannelSpace
                0x0000000008005d10       0x40 contiki-stm32nucleo-spirit1.a(SPIRIT_Radio.o)
                0x0000000008005d10                SpiritRadioGetChannelSpace
 .text.SpiritRadioGetFrequencyOffset
                0x0000000008005d50       0x88 contiki-stm32nucleo-spirit1.a(SPIRIT_Radio.o)
                0x0000000008005d50                SpiritRadioGetFrequencyOffset
 .text.SpiritRadioSetFrequencyBase
                0x0000000008005dd8      0x238 contiki-stm32nucleo-spirit1.a(SPIRIT_Radio.o)
                0x0000000008005dd8                SpiritRadioSetFrequencyBase
 .text.SpiritRadioGetFrequencyBase
                0x0000000008006010       0x90 contiki-stm32nucleo-spirit1.a(SPIRIT_Radio.o)
                0x0000000008006010                SpiritRadioGetFrequencyBase
 .text.SpiritRadioSearchDatarateME
                0x00000000080060a0      0x168 contiki-stm32nucleo-spirit1.a(SPIRIT_Radio.o)
                0x00000000080060a0                SpiritRadioSearchDatarateME
 .text.SpiritRadioSearchChannelBwME
                0x0000000008006208      0x1d8 contiki-stm32nucleo-spirit1.a(SPIRIT_Radio.o)
                0x0000000008006208                SpiritRadioSearchChannelBwME
 .text.SpiritRadioSearchFreqDevME
                0x00000000080063e0      0x180 contiki-stm32nucleo-spirit1.a(SPIRIT_Radio.o)
                0x00000000080063e0                SpiritRadioSearchFreqDevME
 .text.SpiritRadioGetdBm2Reg
                0x0000000008006560      0x270 contiki-stm32nucleo-spirit1.a(SPIRIT_Radio.o)
                0x0000000008006560                SpiritRadioGetdBm2Reg
 .text.SpiritRadioSetPALeveldBm
                0x00000000080067d0       0x50 contiki-stm32nucleo-spirit1.a(SPIRIT_Radio.o)
                0x00000000080067d0                SpiritRadioSetPALeveldBm
 .text.SpiritRadioSetPACwc
                0x0000000008006820       0x54 contiki-stm32nucleo-spirit1.a(SPIRIT_Radio.o)
                0x0000000008006820                SpiritRadioSetPACwc
 .text.SpiritRadioSetPALevelMaxIndex
                0x0000000008006874       0x54 contiki-stm32nucleo-spirit1.a(SPIRIT_Radio.o)
                0x0000000008006874                SpiritRadioSetPALevelMaxIndex
 .text.SpiritRadioAFCFreezeOnSync
                0x00000000080068c8       0x60 contiki-stm32nucleo-spirit1.a(SPIRIT_Radio.o)
                0x00000000080068c8                SpiritRadioAFCFreezeOnSync
 .text.SpiritRadioPersistenRx
                0x0000000008006928       0x5c contiki-stm32nucleo-spirit1.a(SPIRIT_Radio.o)
                0x0000000008006928                SpiritRadioPersistenRx
 .text.SpiritRadioSetRefDiv
                0x0000000008006984       0x5c contiki-stm32nucleo-spirit1.a(SPIRIT_Radio.o)
                0x0000000008006984                SpiritRadioSetRefDiv
 .text.SpiritRadioGetRefDiv
                0x00000000080069e0       0x44 contiki-stm32nucleo-spirit1.a(SPIRIT_Radio.o)
                0x00000000080069e0                SpiritRadioGetRefDiv
 .text.SpiritRadioSetDigDiv
                0x0000000008006a24       0x5c contiki-stm32nucleo-spirit1.a(SPIRIT_Radio.o)
                0x0000000008006a24                SpiritRadioSetDigDiv
 .text.SpiritRadioGetDigDiv
                0x0000000008006a80       0x44 contiki-stm32nucleo-spirit1.a(SPIRIT_Radio.o)
                0x0000000008006a80                SpiritRadioGetDigDiv
 .text.SpiritRadioGetXtalFrequency
                0x0000000008006ac4       0x18 contiki-stm32nucleo-spirit1.a(SPIRIT_Radio.o)
                0x0000000008006ac4                SpiritRadioGetXtalFrequency
 .text.SpiritRadioSetXtalFrequency
                0x0000000008006adc       0x1c contiki-stm32nucleo-spirit1.a(SPIRIT_Radio.o)
                0x0000000008006adc                SpiritRadioSetXtalFrequency
 .text.SpiritTimerSetRxTimeoutMs
                0x0000000008006af8       0x44 contiki-stm32nucleo-spirit1.a(SPIRIT_Timer.o)
                0x0000000008006af8                SpiritTimerSetRxTimeoutMs
 .text.SpiritTimerSetRxTimeoutCounter
                0x0000000008006b3c       0x30 contiki-stm32nucleo-spirit1.a(SPIRIT_Timer.o)
                0x0000000008006b3c                SpiritTimerSetRxTimeoutCounter
 .text.SpiritTimerComputeRxTimeoutValues
                0x0000000008006b6c      0x2d8 contiki-stm32nucleo-spirit1.a(SPIRIT_Timer.o)
                0x0000000008006b6c                SpiritTimerComputeRxTimeoutValues
 .text.SpiritTimerSetRxTimeoutStopCondition
                0x0000000008006e44       0x8c contiki-stm32nucleo-spirit1.a(SPIRIT_Timer.o)
                0x0000000008006e44                SpiritTimerSetRxTimeoutStopCondition
 .text.SpiritRefreshStatus
                0x0000000008006ed0       0x2c contiki-stm32nucleo-spirit1.a(SPIRIT_Types.o)
                0x0000000008006ed0                SpiritRefreshStatus
 .text.HAL_Init
                0x0000000008006efc       0x38 contiki-stm32nucleo-spirit1.a(stm32l1xx_hal.o)
                0x0000000008006efc                HAL_Init
 .text.HAL_InitTick
                0x0000000008006f34       0x38 contiki-stm32nucleo-spirit1.a(stm32l1xx_hal.o)
                0x0000000008006f34                HAL_InitTick
 .text.HAL_IncTick
                0x0000000008006f6c       0x1c contiki-stm32nucleo-spirit1.a(stm32l1xx_hal.o)
                0x0000000008006f6c                HAL_IncTick
 .text.HAL_GetTick
                0x0000000008006f88       0x18 contiki-stm32nucleo-spirit1.a(stm32l1xx_hal.o)
                0x0000000008006f88                HAL_GetTick
 .text.HAL_EnableDBGStopMode
                0x0000000008006fa0       0x1c contiki-stm32nucleo-spirit1.a(stm32l1xx_hal.o)
                0x0000000008006fa0                HAL_EnableDBGStopMode
 .text.NVIC_SetPriorityGrouping
                0x0000000008006fbc       0x48 contiki-stm32nucleo-spirit1.a(stm32l1xx_hal_c)
 .text.NVIC_GetPriorityGrouping
                0x0000000008007004       0x1c contiki-stm32nucleo-spirit1.a(stm32l1xx_hal_c)
 .text.NVIC_EnableIRQ
                0x0000000008007020       0x30 contiki-stm32nucleo-spirit1.a(stm32l1xx_hal_c)
 .text.NVIC_DisableIRQ
                0x0000000008007050       0x34 contiki-stm32nucleo-spirit1.a(stm32l1xx_hal_c)
 .text.NVIC_SetPriority
                0x0000000008007084       0x54 contiki-stm32nucleo-spirit1.a(stm32l1xx_hal_c)
 .text.NVIC_EncodePriority
                0x00000000080070d8       0x64 contiki-stm32nucleo-spirit1.a(stm32l1xx_hal_c)
 .text.SysTick_Config
                0x000000000800713c       0x44 contiki-stm32nucleo-spirit1.a(stm32l1xx_hal_c)
 .text.HAL_NVIC_SetPriorityGrouping
                0x0000000008007180       0x14 contiki-stm32nucleo-spirit1.a(stm32l1xx_hal_c)
                0x0000000008007180                HAL_NVIC_SetPriorityGrouping
 .text.HAL_NVIC_SetPriority
                0x0000000008007194       0x38 contiki-stm32nucleo-spirit1.a(stm32l1xx_hal_c)
                0x0000000008007194                HAL_NVIC_SetPriority
 .text.HAL_NVIC_EnableIRQ
                0x00000000080071cc       0x1c contiki-stm32nucleo-spirit1.a(stm32l1xx_hal_c)
                0x00000000080071cc                HAL_NVIC_EnableIRQ
 .text.HAL_NVIC_DisableIRQ
                0x00000000080071e8       0x1c contiki-stm32nucleo-spirit1.a(stm32l1xx_hal_c)
                0x00000000080071e8                HAL_NVIC_DisableIRQ
 .text.HAL_SYSTICK_Config
                0x0000000008007204       0x18 contiki-stm32nucleo-spirit1.a(stm32l1xx_hal_c)
                0x0000000008007204                HAL_SYSTICK_Config
 .text.HAL_SYSTICK_CLKSourceConfig
                0x000000000800721c       0x38 contiki-stm32nucleo-spirit1.a(stm32l1xx_hal_c)
                0x000000000800721c                HAL_SYSTICK_CLKSourceConfig
 .text.HAL_GPIO_Init
                0x0000000008007254      0x31c contiki-stm32nucleo-spirit1.a(stm32l1xx_hal_g)
                0x0000000008007254                HAL_GPIO_Init
 .text.HAL_GPIO_ReadPin
                0x0000000008007570       0x30 contiki-stm32nucleo-spirit1.a(stm32l1xx_hal_g)
                0x0000000008007570                HAL_GPIO_ReadPin
 .text.HAL_GPIO_WritePin
                0x00000000080075a0       0x30 contiki-stm32nucleo-spirit1.a(stm32l1xx_hal_g)
                0x00000000080075a0                HAL_GPIO_WritePin
 .text.HAL_GPIO_EXTI_IRQHandler
                0x00000000080075d0       0x30 contiki-stm32nucleo-spirit1.a(stm32l1xx_hal_g)
                0x00000000080075d0                HAL_GPIO_EXTI_IRQHandler
 .text.HAL_RCCEx_PeriphCLKConfig
                0x0000000008007600      0x1bc contiki-stm32nucleo-spirit1.a(stm32l1xx_hal_r)
                0x0000000008007600                HAL_RCCEx_PeriphCLKConfig
 .text.HAL_RCC_OscConfig
                0x00000000080077bc     0x1010 contiki-stm32nucleo-spirit1.a(stm32l1xx_hal_r)
                0x00000000080077bc                HAL_RCC_OscConfig
 .text.HAL_RCC_ClockConfig
                0x00000000080087cc      0x620 contiki-stm32nucleo-spirit1.a(stm32l1xx_hal_r)
                0x00000000080087cc                HAL_RCC_ClockConfig
 .text.HAL_RCC_GetSysClockFreq
                0x0000000008008dec      0x114 contiki-stm32nucleo-spirit1.a(stm32l1xx_hal_r)
                0x0000000008008dec                HAL_RCC_GetSysClockFreq
 .text.HAL_RCC_GetHCLKFreq
                0x0000000008008f00       0x50 contiki-stm32nucleo-spirit1.a(stm32l1xx_hal_r)
                0x0000000008008f00                HAL_RCC_GetHCLKFreq
 .text.HAL_RCC_GetPCLK1Freq
                0x0000000008008f50       0x44 contiki-stm32nucleo-spirit1.a(stm32l1xx_hal_r)
                0x0000000008008f50                HAL_RCC_GetPCLK1Freq
 .text.HAL_RCC_GetPCLK2Freq
                0x0000000008008f94       0x44 contiki-stm32nucleo-spirit1.a(stm32l1xx_hal_r)
                0x0000000008008f94                HAL_RCC_GetPCLK2Freq
 .text.HAL_RTC_Init
                0x0000000008008fd8       0xf0 contiki-stm32nucleo-spirit1.a(stm32l1xx_hal_r)
                0x0000000008008fd8                HAL_RTC_Init
 .text.HAL_RTC_SetTime
                0x00000000080090c8      0x17c contiki-stm32nucleo-spirit1.a(stm32l1xx_hal_r)
                0x00000000080090c8                HAL_RTC_SetTime
 .text.HAL_RTC_SetDate
                0x0000000008009244      0x15c contiki-stm32nucleo-spirit1.a(stm32l1xx_hal_r)
                0x0000000008009244                HAL_RTC_SetDate
 .text.RTC_EnterInitMode
                0x00000000080093a0       0x58 contiki-stm32nucleo-spirit1.a(stm32l1xx_hal_r)
                0x00000000080093a0                RTC_EnterInitMode
 .text.RTC_ByteToBcd2
                0x00000000080093f8       0x3c contiki-stm32nucleo-spirit1.a(stm32l1xx_hal_r)
                0x00000000080093f8                RTC_ByteToBcd2
 .text.RTC_Bcd2ToByte
                0x0000000008009434       0x3c contiki-stm32nucleo-spirit1.a(stm32l1xx_hal_r)
                0x0000000008009434                RTC_Bcd2ToByte
 .text.HAL_SPI_Init
                0x0000000008009470       0xc4 contiki-stm32nucleo-spirit1.a(stm32l1xx_hal_s)
                0x0000000008009470                HAL_SPI_Init
 .text.HAL_SPI_DeInit
                0x0000000008009534       0x4c contiki-stm32nucleo-spirit1.a(stm32l1xx_hal_s)
                0x0000000008009534                HAL_SPI_DeInit
 .text.HAL_SPI_MspDeInit
                0x0000000008009580       0x14 contiki-stm32nucleo-spirit1.a(stm32l1xx_hal_s)
                0x0000000008009580                HAL_SPI_MspDeInit
 .text.HAL_SPI_Transmit
                0x0000000008009594      0x28c contiki-stm32nucleo-spirit1.a(stm32l1xx_hal_s)
                0x0000000008009594                HAL_SPI_Transmit
 .text.HAL_SPI_TransmitReceive
                0x0000000008009820      0x4c0 contiki-stm32nucleo-spirit1.a(stm32l1xx_hal_s)
                0x0000000008009820                HAL_SPI_TransmitReceive
 .text.HAL_SPI_GetState
                0x0000000008009ce0       0x1c contiki-stm32nucleo-spirit1.a(stm32l1xx_hal_s)
                0x0000000008009ce0                HAL_SPI_GetState
 .text.SPI_WaitOnFlagUntilTimeout
                0x0000000008009cfc      0x148 contiki-stm32nucleo-spirit1.a(stm32l1xx_hal_s)
 .text.HAL_UART_Init
                0x0000000008009e44       0x8c contiki-stm32nucleo-spirit1.a(stm32l1xx_hal_u)
                0x0000000008009e44                HAL_UART_Init
 .text.HAL_UART_Transmit
                0x0000000008009ed0      0x154 contiki-stm32nucleo-spirit1.a(stm32l1xx_hal_u)
                0x0000000008009ed0                HAL_UART_Transmit
 .text.HAL_UART_Receive
                0x000000000800a024      0x174 contiki-stm32nucleo-spirit1.a(stm32l1xx_hal_u)
                0x000000000800a024                HAL_UART_Receive
 .text.UART_WaitOnFlagUntilTimeout
                0x000000000800a198      0x134 contiki-stm32nucleo-spirit1.a(stm32l1xx_hal_u)
 .text.UART_SetConfig
                0x000000000800a2cc      0x29c contiki-stm32nucleo-spirit1.a(stm32l1xx_hal_u)
 .text.SystemInit
                0x000000000800a568       0x68 contiki-stm32nucleo-spirit1.a(system_stm32l1x)
                0x000000000800a568                SystemInit
 .text.watchdog_init
                0x000000000800a5d0        0xc contiki-stm32nucleo-spirit1.a(watchdog.o)
                0x000000000800a5d0                watchdog_init
 .text.watchdog_start
                0x000000000800a5dc        0xc contiki-stm32nucleo-spirit1.a(watchdog.o)
                0x000000000800a5dc                watchdog_start
 .text.watchdog_periodic
                0x000000000800a5e8        0xc contiki-stm32nucleo-spirit1.a(watchdog.o)
                0x000000000800a5e8                watchdog_periodic
 .text.TIM2_IRQHandler
                0x000000000800a5f4       0x28 contiki-stm32nucleo-spirit1.a(rtimer-arch.o)
                0x000000000800a5f4                TIM2_IRQHandler
 .text.rtimer_arch_init
                0x000000000800a61c       0xb4 contiki-stm32nucleo-spirit1.a(rtimer-arch.o)
                0x000000000800a61c                rtimer_arch_init
 .text.rtimer_arch_now
                0x000000000800a6d0       0x20 contiki-stm32nucleo-spirit1.a(rtimer-arch.o)
                0x000000000800a6d0                rtimer_arch_now
 .text.SysTick_Handler
                0x000000000800a6f0       0x44 contiki-stm32nucleo-spirit1.a(clock.o)
                0x000000000800a6f0                SysTick_Handler
 .text.clock_init
                0x000000000800a734       0x20 contiki-stm32nucleo-spirit1.a(clock.o)
                0x000000000800a734                clock_init
 .text.clock_seconds
                0x000000000800a754       0x18 contiki-stm32nucleo-spirit1.a(clock.o)
                0x000000000800a754                clock_seconds
 .text.clock_time
                0x000000000800a76c       0x18 contiki-stm32nucleo-spirit1.a(clock.o)
                0x000000000800a76c                clock_time
 .text.clock_wait
                0x000000000800a784       0x28 contiki-stm32nucleo-spirit1.a(clock.o)
                0x000000000800a784                clock_wait
 .text.autostart_start
                0x000000000800a7ac       0x3c contiki-stm32nucleo-spirit1.a(autostart.o)
                0x000000000800a7ac                autostart_start
 .text.energest_init
                0x000000000800a7e8        0xc contiki-stm32nucleo-spirit1.a(energest.o)
                0x000000000800a7e8                energest_init
 .text.energest_flush
                0x000000000800a7f4        0xc contiki-stm32nucleo-spirit1.a(energest.o)
                0x000000000800a7f4                energest_flush
 .text.process_thread_ctimer_process
                0x000000000800a800       0xe8 contiki-stm32nucleo-spirit1.a(ctimer.o)
 .text.ctimer_init
                0x000000000800a8e8       0x2c contiki-stm32nucleo-spirit1.a(ctimer.o)
                0x000000000800a8e8                ctimer_init
 .text.ctimer_set
                0x000000000800a914       0x2c contiki-stm32nucleo-spirit1.a(ctimer.o)
                0x000000000800a914                ctimer_set
 .text.ctimer_set_with_process
                0x000000000800a940       0x70 contiki-stm32nucleo-spirit1.a(ctimer.o)
                0x000000000800a940                ctimer_set_with_process
 .text.ctimer_reset
                0x000000000800a9b0       0x50 contiki-stm32nucleo-spirit1.a(ctimer.o)
                0x000000000800a9b0                ctimer_reset
 .text.ctimer_restart
                0x000000000800aa00       0x50 contiki-stm32nucleo-spirit1.a(ctimer.o)
                0x000000000800aa00                ctimer_restart
 .text.ctimer_stop
                0x000000000800aa50       0x44 contiki-stm32nucleo-spirit1.a(ctimer.o)
                0x000000000800aa50                ctimer_stop
 .text.update_time
                0x000000000800aa94       0x84 contiki-stm32nucleo-spirit1.a(etimer.o)
 .text.process_thread_etimer_process
                0x000000000800ab18      0x12c contiki-stm32nucleo-spirit1.a(etimer.o)
 .text.etimer_request_poll
                0x000000000800ac44       0x10 contiki-stm32nucleo-spirit1.a(etimer.o)
                0x000000000800ac44                etimer_request_poll
 .text.add_timer
                0x000000000800ac54       0x68 contiki-stm32nucleo-spirit1.a(etimer.o)
 .text.etimer_set
                0x000000000800acbc       0x20 contiki-stm32nucleo-spirit1.a(etimer.o)
                0x000000000800acbc                etimer_set
 .text.etimer_reset
                0x000000000800acdc       0x1c contiki-stm32nucleo-spirit1.a(etimer.o)
                0x000000000800acdc                etimer_reset
 .text.etimer_restart
                0x000000000800acf8       0x1c contiki-stm32nucleo-spirit1.a(etimer.o)
                0x000000000800acf8                etimer_restart
 .text.etimer_expired
                0x000000000800ad14       0x24 contiki-stm32nucleo-spirit1.a(etimer.o)
                0x000000000800ad14                etimer_expired
 .text.etimer_expiration_time
                0x000000000800ad38       0x20 contiki-stm32nucleo-spirit1.a(etimer.o)
                0x000000000800ad38                etimer_expiration_time
 .text.etimer_pending
                0x000000000800ad58       0x20 contiki-stm32nucleo-spirit1.a(etimer.o)
                0x000000000800ad58                etimer_pending
 .text.etimer_stop
                0x000000000800ad78       0x68 contiki-stm32nucleo-spirit1.a(etimer.o)
                0x000000000800ad78                etimer_stop
 .text.process_alloc_event
                0x000000000800ade0       0x20 contiki-stm32nucleo-spirit1.a(process.o)
                0x000000000800ade0                process_alloc_event
 .text.process_start
                0x000000000800ae00       0x60 contiki-stm32nucleo-spirit1.a(process.o)
                0x000000000800ae00                process_start
 .text.exit_process
                0x000000000800ae60       0xc4 contiki-stm32nucleo-spirit1.a(process.o)
 .text.call_process
                0x000000000800af24       0x74 contiki-stm32nucleo-spirit1.a(process.o)
 .text.process_init
                0x000000000800af98       0x4c contiki-stm32nucleo-spirit1.a(process.o)
                0x000000000800af98                process_init
 .text.do_poll  0x000000000800afe4       0x4c contiki-stm32nucleo-spirit1.a(process.o)
 .text.do_event
                0x000000000800b030       0xe8 contiki-stm32nucleo-spirit1.a(process.o)
 .text.process_run
                0x000000000800b118       0x30 contiki-stm32nucleo-spirit1.a(process.o)
                0x000000000800b118                process_run
 .text.process_post
                0x000000000800b148       0xa4 contiki-stm32nucleo-spirit1.a(process.o)
                0x000000000800b148                process_post
 .text.process_post_synch
                0x000000000800b1ec       0x30 contiki-stm32nucleo-spirit1.a(process.o)
                0x000000000800b1ec                process_post_synch
 .text.process_poll
                0x000000000800b21c       0x38 contiki-stm32nucleo-spirit1.a(process.o)
                0x000000000800b21c                process_poll
 .text.process_is_running
                0x000000000800b254       0x24 contiki-stm32nucleo-spirit1.a(process.o)
                0x000000000800b254                process_is_running
 .text.rtimer_init
                0x000000000800b278        0xc contiki-stm32nucleo-spirit1.a(rtimer.o)
                0x000000000800b278                rtimer_init
 .text.timer_set
                0x000000000800b284       0x20 contiki-stm32nucleo-spirit1.a(timer.o)
                0x000000000800b284                timer_set
 .text.timer_reset
                0x000000000800b2a4       0x20 contiki-stm32nucleo-spirit1.a(timer.o)
                0x000000000800b2a4                timer_reset
 .text.timer_restart
                0x000000000800b2c4       0x18 contiki-stm32nucleo-spirit1.a(timer.o)
                0x000000000800b2c4                timer_restart
 .text.timer_expired
                0x000000000800b2dc       0x30 contiki-stm32nucleo-spirit1.a(timer.o)
                0x000000000800b2dc                timer_expired
 .text.leds_init
                0x000000000800b30c       0x14 contiki-stm32nucleo-spirit1.a(leds.o)
                0x000000000800b30c                leds_init
 .text.slip_set_input_callback
                0x000000000800b320       0x1c contiki-stm32nucleo-spirit1.a(slip.o)
                0x000000000800b320                slip_set_input_callback
 .text.slip_send
                0x000000000800b33c       0x74 contiki-stm32nucleo-spirit1.a(slip.o)
                0x000000000800b33c                slip_send
 .text.rxbuf_init
                0x000000000800b3b0       0x38 contiki-stm32nucleo-spirit1.a(slip.o)
 .text.slip_poll_handler
                0x000000000800b3e8      0x290 contiki-stm32nucleo-spirit1.a(slip.o)
 .text.process_thread_slip_process
                0x000000000800b678       0x9c contiki-stm32nucleo-spirit1.a(slip.o)
 .text.slip_input_byte
                0x000000000800b714       0xf8 contiki-stm32nucleo-spirit1.a(slip.o)
                0x000000000800b714                slip_input_byte
 .text.get_sensor_index
                0x000000000800b80c       0x48 contiki-stm32nucleo-spirit1.a(sensors.o)
 .text.sensors_changed
                0x000000000800b854       0x34 contiki-stm32nucleo-spirit1.a(sensors.o)
                0x000000000800b854                sensors_changed
 .text.process_thread_sensors_process
                0x000000000800b888      0x150 contiki-stm32nucleo-spirit1.a(sensors.o)
 .text.list_init
                0x000000000800b9d8       0x18 contiki-stm32nucleo-spirit1.a(list.o)
                0x000000000800b9d8                list_init
 .text.list_head
                0x000000000800b9f0       0x18 contiki-stm32nucleo-spirit1.a(list.o)
                0x000000000800b9f0                list_head
 .text.list_tail
                0x000000000800ba08       0x38 contiki-stm32nucleo-spirit1.a(list.o)
                0x000000000800ba08                list_tail
 .text.list_add
                0x000000000800ba40       0x3c contiki-stm32nucleo-spirit1.a(list.o)
                0x000000000800ba40                list_add
 .text.list_push
                0x000000000800ba7c       0x28 contiki-stm32nucleo-spirit1.a(list.o)
                0x000000000800ba7c                list_push
 .text.list_remove
                0x000000000800baa4       0x64 contiki-stm32nucleo-spirit1.a(list.o)
                0x000000000800baa4                list_remove
 .text.list_length
                0x000000000800bb08       0x34 contiki-stm32nucleo-spirit1.a(list.o)
                0x000000000800bb08                list_length
 .text.list_item_next
                0x000000000800bb3c       0x24 contiki-stm32nucleo-spirit1.a(list.o)
                0x000000000800bb3c                list_item_next
 .text.memb_init
                0x000000000800bb60       0x3c contiki-stm32nucleo-spirit1.a(memb.o)
                0x000000000800bb60                memb_init
 .text.memb_alloc
                0x000000000800bb9c       0x60 contiki-stm32nucleo-spirit1.a(memb.o)
                0x000000000800bb9c                memb_alloc
 .text.memb_free
                0x000000000800bbfc       0x74 contiki-stm32nucleo-spirit1.a(memb.o)
                0x000000000800bbfc                memb_free
 .text.memb_inmemb
                0x000000000800bc70       0x40 contiki-stm32nucleo-spirit1.a(memb.o)
                0x000000000800bc70                memb_inmemb
 .text.memb_numfree
                0x000000000800bcb0       0x48 contiki-stm32nucleo-spirit1.a(memb.o)
                0x000000000800bcb0                memb_numfree
 .text.random_init
                0x000000000800bcf8       0x18 contiki-stm32nucleo-spirit1.a(random.o)
                0x000000000800bcf8                random_init
 .text.random_rand
                0x000000000800bd10       0x10 contiki-stm32nucleo-spirit1.a(random.o)
                0x000000000800bd10                random_rand
 .text.uip_ds6_init
                0x000000000800bd20      0x13c contiki-stm32nucleo-spirit1.a(uip-ds6.o)
                0x000000000800bd20                uip_ds6_init
 .text.uip_ds6_periodic
                0x000000000800be5c       0x70 contiki-stm32nucleo-spirit1.a(uip-ds6.o)
                0x000000000800be5c                uip_ds6_periodic
 .text.uip_ds6_list_loop
                0x000000000800becc       0x84 contiki-stm32nucleo-spirit1.a(uip-ds6.o)
                0x000000000800becc                uip_ds6_list_loop
 .text.uip_ds6_prefix_add
                0x000000000800bf50       0x90 contiki-stm32nucleo-spirit1.a(uip-ds6.o)
                0x000000000800bf50                uip_ds6_prefix_add
 .text.uip_ds6_is_addr_onlink
                0x000000000800bfe0       0x68 contiki-stm32nucleo-spirit1.a(uip-ds6.o)
                0x000000000800bfe0                uip_ds6_is_addr_onlink
 .text.uip_ds6_addr_add
                0x000000000800c048       0xe0 contiki-stm32nucleo-spirit1.a(uip-ds6.o)
                0x000000000800c048                uip_ds6_addr_add
 .text.uip_ds6_addr_rm
                0x000000000800c128       0x88 contiki-stm32nucleo-spirit1.a(uip-ds6.o)
                0x000000000800c128                uip_ds6_addr_rm
 .text.uip_ds6_addr_lookup
                0x000000000800c1b0       0x3c contiki-stm32nucleo-spirit1.a(uip-ds6.o)
                0x000000000800c1b0                uip_ds6_addr_lookup
 .text.uip_ds6_get_link_local
                0x000000000800c1ec       0x80 contiki-stm32nucleo-spirit1.a(uip-ds6.o)
                0x000000000800c1ec                uip_ds6_get_link_local
 .text.uip_ds6_maddr_add
                0x000000000800c26c       0x54 contiki-stm32nucleo-spirit1.a(uip-ds6.o)
                0x000000000800c26c                uip_ds6_maddr_add
 .text.uip_ds6_maddr_rm
                0x000000000800c2c0       0x20 contiki-stm32nucleo-spirit1.a(uip-ds6.o)
                0x000000000800c2c0                uip_ds6_maddr_rm
 .text.uip_ds6_maddr_lookup
                0x000000000800c2e0       0x3c contiki-stm32nucleo-spirit1.a(uip-ds6.o)
                0x000000000800c2e0                uip_ds6_maddr_lookup
 .text.uip_ds6_select_src
                0x000000000800c31c       0xfc contiki-stm32nucleo-spirit1.a(uip-ds6.o)
                0x000000000800c31c                uip_ds6_select_src
 .text.uip_ds6_set_addr_iid
                0x000000000800c418       0x2c contiki-stm32nucleo-spirit1.a(uip-ds6.o)
                0x000000000800c418                uip_ds6_set_addr_iid
 .text.get_match_length
                0x000000000800c444       0x84 contiki-stm32nucleo-spirit1.a(uip-ds6.o)
                0x000000000800c444                get_match_length
 .text.uip_ds6_compute_reachable_time
                0x000000000800c4c8       0x48 contiki-stm32nucleo-spirit1.a(uip-ds6.o)
                0x000000000800c4c8                uip_ds6_compute_reachable_time
 .text.call_route_callback
                0x000000000800c510       0x68 contiki-stm32nucleo-spirit1.a(uip-ds6-route.o)
 .text.uip_ds6_route_init
                0x000000000800c578       0x58 contiki-stm32nucleo-spirit1.a(uip-ds6-route.o)
                0x000000000800c578                uip_ds6_route_init
 .text.uip_ds6_route_nexthop_lladdr
                0x000000000800c5d0       0x30 contiki-stm32nucleo-spirit1.a(uip-ds6-route.o)
 .text.uip_ds6_route_nexthop
                0x000000000800c600       0x2c contiki-stm32nucleo-spirit1.a(uip-ds6-route.o)
                0x000000000800c600                uip_ds6_route_nexthop
 .text.uip_ds6_route_head
                0x000000000800c62c       0x18 contiki-stm32nucleo-spirit1.a(uip-ds6-route.o)
                0x000000000800c62c                uip_ds6_route_head
 .text.uip_ds6_route_next
                0x000000000800c644       0x24 contiki-stm32nucleo-spirit1.a(uip-ds6-route.o)
                0x000000000800c644                uip_ds6_route_next
 .text.uip_ds6_route_is_nexthop
                0x000000000800c668       0x40 contiki-stm32nucleo-spirit1.a(uip-ds6-route.o)
                0x000000000800c668                uip_ds6_route_is_nexthop
 .text.uip_ds6_route_num_routes
                0x000000000800c6a8       0x18 contiki-stm32nucleo-spirit1.a(uip-ds6-route.o)
                0x000000000800c6a8                uip_ds6_route_num_routes
 .text.uip_ds6_route_lookup
                0x000000000800c6c0       0xa4 contiki-stm32nucleo-spirit1.a(uip-ds6-route.o)
                0x000000000800c6c0                uip_ds6_route_lookup
 .text.uip_ds6_route_add
                0x000000000800c764      0x170 contiki-stm32nucleo-spirit1.a(uip-ds6-route.o)
                0x000000000800c764                uip_ds6_route_add
 .text.uip_ds6_route_rm
                0x000000000800c8d4       0xdc contiki-stm32nucleo-spirit1.a(uip-ds6-route.o)
                0x000000000800c8d4                uip_ds6_route_rm
 .text.rm_routelist
                0x000000000800c9b0       0x58 contiki-stm32nucleo-spirit1.a(uip-ds6-route.o)
 .text.rm_routelist_callback
                0x000000000800ca08       0x14 contiki-stm32nucleo-spirit1.a(uip-ds6-route.o)
 .text.uip_ds6_defrt_add
                0x000000000800ca1c       0x84 contiki-stm32nucleo-spirit1.a(uip-ds6-route.o)
                0x000000000800ca1c                uip_ds6_defrt_add
 .text.uip_ds6_defrt_rm
                0x000000000800caa0       0x64 contiki-stm32nucleo-spirit1.a(uip-ds6-route.o)
                0x000000000800caa0                uip_ds6_defrt_rm
 .text.uip_ds6_defrt_lookup
                0x000000000800cb04       0x4c contiki-stm32nucleo-spirit1.a(uip-ds6-route.o)
                0x000000000800cb04                uip_ds6_defrt_lookup
 .text.uip_ds6_defrt_choose
                0x000000000800cb50       0x5c contiki-stm32nucleo-spirit1.a(uip-ds6-route.o)
                0x000000000800cb50                uip_ds6_defrt_choose
 .text.uip_ds6_defrt_periodic
                0x000000000800cbac       0x58 contiki-stm32nucleo-spirit1.a(uip-ds6-route.o)
                0x000000000800cbac                uip_ds6_defrt_periodic
 .text.uip_add32
                0x000000000800cc04       0xc4 contiki-stm32nucleo-spirit1.a(uip6.o)
                0x000000000800cc04                uip_add32
 .text.chksum   0x000000000800ccc8       0x90 contiki-stm32nucleo-spirit1.a(uip6.o)
 .text.upper_layer_chksum
                0x000000000800cd58       0x90 contiki-stm32nucleo-spirit1.a(uip6.o)
 .text.uip_icmp6chksum
                0x000000000800cde8       0x10 contiki-stm32nucleo-spirit1.a(uip6.o)
                0x000000000800cde8                uip_icmp6chksum
 .text.uip_tcpchksum
                0x000000000800cdf8       0x10 contiki-stm32nucleo-spirit1.a(uip6.o)
                0x000000000800cdf8                uip_tcpchksum
 .text.uip_udpchksum
                0x000000000800ce08       0x10 contiki-stm32nucleo-spirit1.a(uip6.o)
                0x000000000800ce08                uip_udpchksum
 .text.uip_init
                0x000000000800ce18       0x94 contiki-stm32nucleo-spirit1.a(uip6.o)
                0x000000000800ce18                uip_init
 .text.remove_ext_hdr
                0x000000000800ceac       0x90 contiki-stm32nucleo-spirit1.a(uip6.o)
                0x000000000800ceac                remove_ext_hdr
 .text.uip_unlisten
                0x000000000800cf3c       0x44 contiki-stm32nucleo-spirit1.a(uip6.o)
                0x000000000800cf3c                uip_unlisten
 .text.uip_listen
                0x000000000800cf80       0x44 contiki-stm32nucleo-spirit1.a(uip6.o)
                0x000000000800cf80                uip_listen
 .text.uip_add_rcv_nxt
                0x000000000800cfc4       0x54 contiki-stm32nucleo-spirit1.a(uip6.o)
 .text.ext_hdr_options_process
                0x000000000800d018      0x144 contiki-stm32nucleo-spirit1.a(uip6.o)
 .text.uip_process
                0x000000000800d15c     0x15e0 contiki-stm32nucleo-spirit1.a(uip6.o)
                0x000000000800d15c                uip_process
 .text.uip_htons
                0x000000000800e73c       0x2c contiki-stm32nucleo-spirit1.a(uip6.o)
                0x000000000800e73c                uip_htons
 .text.uip_htonl
                0x000000000800e768       0x4c contiki-stm32nucleo-spirit1.a(uip6.o)
                0x000000000800e768                uip_htonl
 .text.uip_send
                0x000000000800e7b4       0x88 contiki-stm32nucleo-spirit1.a(uip6.o)
                0x000000000800e7b4                uip_send
 .text.uip_ds6_neighbors_init
                0x000000000800e83c       0x20 contiki-stm32nucleo-spirit1.a(uip-ds6-nbr.o)
                0x000000000800e83c                uip_ds6_neighbors_init
 .text.uip_ds6_nbr_add
                0x000000000800e85c       0x64 contiki-stm32nucleo-spirit1.a(uip-ds6-nbr.o)
                0x000000000800e85c                uip_ds6_nbr_add
 .text.uip_ds6_nbr_rm
                0x000000000800e8c0       0x34 contiki-stm32nucleo-spirit1.a(uip-ds6-nbr.o)
                0x000000000800e8c0                uip_ds6_nbr_rm
 .text.uip_ds6_nbr_get_ll
                0x000000000800e8f4       0x24 contiki-stm32nucleo-spirit1.a(uip-ds6-nbr.o)
                0x000000000800e8f4                uip_ds6_nbr_get_ll
 .text.uip_ds6_nbr_lookup
                0x000000000800e918       0x54 contiki-stm32nucleo-spirit1.a(uip-ds6-nbr.o)
                0x000000000800e918                uip_ds6_nbr_lookup
 .text.uip_ds6_nbr_ll_lookup
                0x000000000800e96c       0x24 contiki-stm32nucleo-spirit1.a(uip-ds6-nbr.o)
                0x000000000800e96c                uip_ds6_nbr_ll_lookup
 .text.uip_ds6_nbr_ipaddr_from_lladdr
                0x000000000800e990       0x24 contiki-stm32nucleo-spirit1.a(uip-ds6-nbr.o)
                0x000000000800e990                uip_ds6_nbr_ipaddr_from_lladdr
 .text.uip_ds6_nbr_lladdr_from_ipaddr
                0x000000000800e9b4       0x2c contiki-stm32nucleo-spirit1.a(uip-ds6-nbr.o)
                0x000000000800e9b4                uip_ds6_nbr_lladdr_from_ipaddr
 .text.uip_ds6_link_neighbor_callback
                0x000000000800e9e0       0x40 contiki-stm32nucleo-spirit1.a(uip-ds6-nbr.o)
                0x000000000800e9e0                uip_ds6_link_neighbor_callback
 .text.extract_lladdr_from_llao_aligned
                0x000000000800ea20       0x38 contiki-stm32nucleo-spirit1.a(uip-nd6.o)
 .text.create_llao
                0x000000000800ea58       0x48 contiki-stm32nucleo-spirit1.a(uip-nd6.o)
 .text.ns_input
                0x000000000800eaa0      0x3d4 contiki-stm32nucleo-spirit1.a(uip-nd6.o)
 .text.uip_nd6_init
                0x000000000800ee74       0x10 contiki-stm32nucleo-spirit1.a(uip-nd6.o)
                0x000000000800ee74                uip_nd6_init
 .text.uip_debug_ipaddr_print
                0x000000000800ee84       0xf8 contiki-stm32nucleo-spirit1.a(uip-debug.o)
                0x000000000800ee84                uip_debug_ipaddr_print
 .text.buf_setup
                0x000000000800ef7c       0x24 contiki-stm32nucleo-spirit1.a(psock.o)
 .text.buf_bufto
                0x000000000800efa0       0x84 contiki-stm32nucleo-spirit1.a(psock.o)
 .text.data_is_sent_and_acked
                0x000000000800f024       0xd8 contiki-stm32nucleo-spirit1.a(psock.o)
 .text.psock_send
                0x000000000800f0fc       0x80 contiki-stm32nucleo-spirit1.a(psock.o)
                0x000000000800f0fc                psock_send
 .text.psock_datalen
                0x000000000800f17c       0x24 contiki-stm32nucleo-spirit1.a(psock.o)
                0x000000000800f17c                psock_datalen
 .text.psock_newdata
                0x000000000800f1a0       0x4c contiki-stm32nucleo-spirit1.a(psock.o)
                0x000000000800f1a0                psock_newdata
 .text.psock_readto
                0x000000000800f1ec       0xc8 contiki-stm32nucleo-spirit1.a(psock.o)
                0x000000000800f1ec                psock_readto
 .text.psock_init
                0x000000000800f2b4       0x4c contiki-stm32nucleo-spirit1.a(psock.o)
                0x000000000800f2b4                psock_init
 .text.tcpip_output
                0x000000000800f300       0x30 contiki-stm32nucleo-spirit1.a(tcpip.o)
                0x000000000800f300                tcpip_output
 .text.tcpip_set_outputfunc
                0x000000000800f330       0x1c contiki-stm32nucleo-spirit1.a(tcpip.o)
                0x000000000800f330                tcpip_set_outputfunc
 .text.start_periodic_tcp_timer
                0x000000000800f34c       0x1c contiki-stm32nucleo-spirit1.a(tcpip.o)
 .text.check_for_tcp_syn
                0x000000000800f368       0x24 contiki-stm32nucleo-spirit1.a(tcpip.o)
 .text.packet_input
                0x000000000800f38c       0x28 contiki-stm32nucleo-spirit1.a(tcpip.o)
 .text.tcp_listen
                0x000000000800f3b4       0x54 contiki-stm32nucleo-spirit1.a(tcpip.o)
                0x000000000800f3b4                tcp_listen
 .text.tcp_attach
                0x000000000800f408       0x2c contiki-stm32nucleo-spirit1.a(tcpip.o)
                0x000000000800f408                tcp_attach
 .text.eventhandler
                0x000000000800f434      0x19c contiki-stm32nucleo-spirit1.a(tcpip.o)
 .text.tcpip_input
                0x000000000800f5d0       0x28 contiki-stm32nucleo-spirit1.a(tcpip.o)
                0x000000000800f5d0                tcpip_input
 .text.tcpip_ipv6_output
                0x000000000800f5f8      0x1b8 contiki-stm32nucleo-spirit1.a(tcpip.o)
                0x000000000800f5f8                tcpip_ipv6_output
 .text.tcpip_uipcall
                0x000000000800f7b0       0xac contiki-stm32nucleo-spirit1.a(tcpip.o)
                0x000000000800f7b0                tcpip_uipcall
 .text.process_thread_tcpip_process
                0x000000000800f85c       0xb4 contiki-stm32nucleo-spirit1.a(tcpip.o)
 .text.nbr_callback
                0x000000000800f910       0x14 contiki-stm32nucleo-spirit1.a(rpl-dag.o)
 .text.rpl_dag_init
                0x000000000800f924       0x1c contiki-stm32nucleo-spirit1.a(rpl-dag.o)
                0x000000000800f924                rpl_dag_init
 .text.rpl_get_parent
                0x000000000800f940       0x24 contiki-stm32nucleo-spirit1.a(rpl-dag.o)
                0x000000000800f940                rpl_get_parent
 .text.rpl_rank_via_parent
                0x000000000800f964       0x50 contiki-stm32nucleo-spirit1.a(rpl-dag.o)
                0x000000000800f964                rpl_rank_via_parent
 .text.rpl_get_parent_lladdr
                0x000000000800f9b4       0x24 contiki-stm32nucleo-spirit1.a(rpl-dag.o)
                0x000000000800f9b4                rpl_get_parent_lladdr
 .text.rpl_get_parent_ipaddr
                0x000000000800f9d8       0x20 contiki-stm32nucleo-spirit1.a(rpl-dag.o)
                0x000000000800f9d8                rpl_get_parent_ipaddr
 .text.rpl_get_parent_link_stats
                0x000000000800f9f8       0x20 contiki-stm32nucleo-spirit1.a(rpl-dag.o)
                0x000000000800f9f8                rpl_get_parent_link_stats
 .text.rpl_parent_is_fresh
                0x000000000800fa18       0x20 contiki-stm32nucleo-spirit1.a(rpl-dag.o)
                0x000000000800fa18                rpl_parent_is_fresh
 .text.rpl_parent_is_reachable
                0x000000000800fa38       0x60 contiki-stm32nucleo-spirit1.a(rpl-dag.o)
                0x000000000800fa38                rpl_parent_is_reachable
 .text.rpl_set_preferred_parent
                0x000000000800fa98       0x48 contiki-stm32nucleo-spirit1.a(rpl-dag.o)
 .text.lollipop_greater_than
                0x000000000800fae0       0x64 contiki-stm32nucleo-spirit1.a(rpl-dag.o)
 .text.remove_parents
                0x000000000800fb44       0x54 contiki-stm32nucleo-spirit1.a(rpl-dag.o)
 .text.nullify_parents
                0x000000000800fb98       0x54 contiki-stm32nucleo-spirit1.a(rpl-dag.o)
 .text.should_refresh_routes
                0x000000000800fbec       0x50 contiki-stm32nucleo-spirit1.a(rpl-dag.o)
 .text.acceptable_rank
                0x000000000800fc3c       0x68 contiki-stm32nucleo-spirit1.a(rpl-dag.o)
 .text.get_dag  0x000000000800fca4       0x68 contiki-stm32nucleo-spirit1.a(rpl-dag.o)
 .text.rpl_set_root
                0x000000000800fd0c      0x1b0 contiki-stm32nucleo-spirit1.a(rpl-dag.o)
                0x000000000800fd0c                rpl_set_root
 .text.rpl_repair_root
                0x000000000800febc       0xac contiki-stm32nucleo-spirit1.a(rpl-dag.o)
                0x000000000800febc                rpl_repair_root
 .text.set_ip_from_prefix
                0x000000000800ff68       0x40 contiki-stm32nucleo-spirit1.a(rpl-dag.o)
 .text.check_prefix
                0x000000000800ffa8       0xac contiki-stm32nucleo-spirit1.a(rpl-dag.o)
 .text.rpl_set_prefix
                0x0000000008010054       0xa4 contiki-stm32nucleo-spirit1.a(rpl-dag.o)
                0x0000000008010054                rpl_set_prefix
 .text.rpl_set_default_route
                0x00000000080100f8       0x58 contiki-stm32nucleo-spirit1.a(rpl-dag.o)
                0x00000000080100f8                rpl_set_default_route
 .text.rpl_alloc_instance
                0x0000000008010150       0x70 contiki-stm32nucleo-spirit1.a(rpl-dag.o)
                0x0000000008010150                rpl_alloc_instance
 .text.rpl_alloc_dag
                0x00000000080101c0       0x88 contiki-stm32nucleo-spirit1.a(rpl-dag.o)
                0x00000000080101c0                rpl_alloc_dag
 .text.rpl_free_dag
                0x0000000008010248       0x60 contiki-stm32nucleo-spirit1.a(rpl-dag.o)
                0x0000000008010248                rpl_free_dag
 .text.rpl_add_parent
                0x00000000080102a8       0x5c contiki-stm32nucleo-spirit1.a(rpl-dag.o)
                0x00000000080102a8                rpl_add_parent
 .text.find_parent_any_dag_any_instance
                0x0000000008010304       0x34 contiki-stm32nucleo-spirit1.a(rpl-dag.o)
 .text.rpl_find_parent
                0x0000000008010338       0x30 contiki-stm32nucleo-spirit1.a(rpl-dag.o)
                0x0000000008010338                rpl_find_parent
 .text.find_parent_dag
                0x0000000008010368       0x28 contiki-stm32nucleo-spirit1.a(rpl-dag.o)
 .text.rpl_find_parent_any_dag
                0x0000000008010390       0x3c contiki-stm32nucleo-spirit1.a(rpl-dag.o)
                0x0000000008010390                rpl_find_parent_any_dag
 .text.rpl_select_dag
                0x00000000080103cc      0x240 contiki-stm32nucleo-spirit1.a(rpl-dag.o)
                0x00000000080103cc                rpl_select_dag
 .text.best_parent
                0x000000000801060c       0xac contiki-stm32nucleo-spirit1.a(rpl-dag.o)
 .text.rpl_select_parent
                0x00000000080106b8       0x8c contiki-stm32nucleo-spirit1.a(rpl-dag.o)
                0x00000000080106b8                rpl_select_parent
 .text.rpl_remove_parent
                0x0000000008010744       0x24 contiki-stm32nucleo-spirit1.a(rpl-dag.o)
                0x0000000008010744                rpl_remove_parent
 .text.rpl_nullify_parent
                0x0000000008010768       0x88 contiki-stm32nucleo-spirit1.a(rpl-dag.o)
                0x0000000008010768                rpl_nullify_parent
 .text.rpl_move_parent
                0x00000000080107f0       0x8c contiki-stm32nucleo-spirit1.a(rpl-dag.o)
                0x00000000080107f0                rpl_move_parent
 .text.rpl_get_dag
                0x000000000801087c       0xc8 contiki-stm32nucleo-spirit1.a(rpl-dag.o)
                0x000000000801087c                rpl_get_dag
 .text.rpl_get_any_dag
                0x0000000008010944       0x6c contiki-stm32nucleo-spirit1.a(rpl-dag.o)
                0x0000000008010944                rpl_get_any_dag
 .text.rpl_get_instance
                0x00000000080109b0       0x6c contiki-stm32nucleo-spirit1.a(rpl-dag.o)
                0x00000000080109b0                rpl_get_instance
 .text.rpl_find_of
                0x0000000008010a1c       0x3c contiki-stm32nucleo-spirit1.a(rpl-dag.o)
                0x0000000008010a1c                rpl_find_of
 .text.rpl_join_instance
                0x0000000008010a58      0x1d0 contiki-stm32nucleo-spirit1.a(rpl-dag.o)
                0x0000000008010a58                rpl_join_instance
 .text.rpl_add_dag
                0x0000000008010c28      0x188 contiki-stm32nucleo-spirit1.a(rpl-dag.o)
                0x0000000008010c28                rpl_add_dag
 .text.global_repair
                0x0000000008010db0       0xf0 contiki-stm32nucleo-spirit1.a(rpl-dag.o)
 .text.rpl_local_repair
                0x0000000008010ea0       0xb0 contiki-stm32nucleo-spirit1.a(rpl-dag.o)
                0x0000000008010ea0                rpl_local_repair
 .text.rpl_recalculate_ranks
                0x0000000008010f50       0x6c contiki-stm32nucleo-spirit1.a(rpl-dag.o)
                0x0000000008010f50                rpl_recalculate_ranks
 .text.rpl_process_parent_event
                0x0000000008010fbc       0xbc contiki-stm32nucleo-spirit1.a(rpl-dag.o)
                0x0000000008010fbc                rpl_process_parent_event
 .text.add_nbr_from_dio
                0x0000000008011078       0x28 contiki-stm32nucleo-spirit1.a(rpl-dag.o)
 .text.rpl_process_dio
                0x00000000080110a0      0x330 contiki-stm32nucleo-spirit1.a(rpl-dag.o)
                0x00000000080110a0                rpl_process_dio
 .text.handle_periodic_timer
                0x00000000080113d0       0x70 contiki-stm32nucleo-spirit1.a(rpl-timers.o)
 .text.new_dio_interval
                0x0000000008011440       0x8c contiki-stm32nucleo-spirit1.a(rpl-timers.o)
 .text.handle_dio_timer
                0x00000000080114cc       0xc8 contiki-stm32nucleo-spirit1.a(rpl-timers.o)
 .text.rpl_reset_periodic_timer
                0x0000000008011594       0x48 contiki-stm32nucleo-spirit1.a(rpl-timers.o)
                0x0000000008011594                rpl_reset_periodic_timer
 .text.rpl_reset_dio_timer
                0x00000000080115dc       0x38 contiki-stm32nucleo-spirit1.a(rpl-timers.o)
                0x00000000080115dc                rpl_reset_dio_timer
 .text.set_dao_lifetime_timer
                0x0000000008011614       0x70 contiki-stm32nucleo-spirit1.a(rpl-timers.o)
 .text.handle_dao_timer
                0x0000000008011684       0x80 contiki-stm32nucleo-spirit1.a(rpl-timers.o)
 .text.schedule_dao
                0x0000000008011704       0x7c contiki-stm32nucleo-spirit1.a(rpl-timers.o)
 .text.rpl_schedule_dao
                0x0000000008011780       0x18 contiki-stm32nucleo-spirit1.a(rpl-timers.o)
                0x0000000008011780                rpl_schedule_dao
 .text.handle_unicast_dio_timer
                0x0000000008011798       0x30 contiki-stm32nucleo-spirit1.a(rpl-timers.o)
 .text.rpl_schedule_unicast_dio_immediately
                0x00000000080117c8       0x24 contiki-stm32nucleo-spirit1.a(rpl-timers.o)
                0x00000000080117c8                rpl_schedule_unicast_dio_immediately
 .text.get_probing_delay
                0x00000000080117ec       0x70 contiki-stm32nucleo-spirit1.a(rpl-timers.o)
                0x00000000080117ec                get_probing_delay
 .text.get_probing_target
                0x000000000801185c      0x13c contiki-stm32nucleo-spirit1.a(rpl-timers.o)
                0x000000000801185c                get_probing_target
 .text.handle_probing_timer
                0x0000000008011998       0x4c contiki-stm32nucleo-spirit1.a(rpl-timers.o)
 .text.rpl_schedule_probing
                0x00000000080119e4       0x30 contiki-stm32nucleo-spirit1.a(rpl-timers.o)
                0x00000000080119e4                rpl_schedule_probing
 .text.rpl_verify_hbh_header
                0x0000000008011a14      0x208 contiki-stm32nucleo-spirit1.a(rpl-ext-header.)
                0x0000000008011a14                rpl_verify_hbh_header
 .text.update_hbh_header
                0x0000000008011c1c      0x1ec contiki-stm32nucleo-spirit1.a(rpl-ext-header.)
 .text.insert_hbh_header
                0x0000000008011e08      0x168 contiki-stm32nucleo-spirit1.a(rpl-ext-header.)
 .text.rpl_remove_header
                0x0000000008011f70       0xf8 contiki-stm32nucleo-spirit1.a(rpl-ext-header.)
                0x0000000008011f70                rpl_remove_header
 .text.rpl_update_header
                0x0000000008012068       0xac contiki-stm32nucleo-spirit1.a(rpl-ext-header.)
                0x0000000008012068                rpl_update_header
 .text.rpl_get_mode
                0x0000000008012114       0x18 contiki-stm32nucleo-spirit1.a(rpl.o)
                0x0000000008012114                rpl_get_mode
 .text.rpl_purge_routes
                0x000000000801212c       0xa4 contiki-stm32nucleo-spirit1.a(rpl.o)
                0x000000000801212c                rpl_purge_routes
 .text.rpl_remove_routes
                0x00000000080121d0       0x3c contiki-stm32nucleo-spirit1.a(rpl.o)
                0x00000000080121d0                rpl_remove_routes
 .text.rpl_remove_routes_by_nexthop
                0x000000000801220c       0x50 contiki-stm32nucleo-spirit1.a(rpl.o)
                0x000000000801220c                rpl_remove_routes_by_nexthop
 .text.rpl_add_route
                0x000000000801225c       0x78 contiki-stm32nucleo-spirit1.a(rpl.o)
                0x000000000801225c                rpl_add_route
 .text.rpl_link_neighbor_callback
                0x00000000080122d4       0x90 contiki-stm32nucleo-spirit1.a(rpl.o)
                0x00000000080122d4                rpl_link_neighbor_callback
 .text.rpl_ipv6_neighbor_callback
                0x0000000008012364       0x64 contiki-stm32nucleo-spirit1.a(rpl.o)
                0x0000000008012364                rpl_ipv6_neighbor_callback
 .text.rpl_purge_dags
                0x00000000080123c8       0xa8 contiki-stm32nucleo-spirit1.a(rpl.o)
                0x00000000080123c8                rpl_purge_dags
 .text.rpl_init
                0x0000000008012470       0x50 contiki-stm32nucleo-spirit1.a(rpl.o)
                0x0000000008012470                rpl_init
 .text.reset    0x00000000080124c0       0x14 contiki-stm32nucleo-spirit1.a(rpl-mrhof.o)
 .text.parent_link_metric
                0x00000000080124d4       0x28 contiki-stm32nucleo-spirit1.a(rpl-mrhof.o)
 .text.parent_path_cost
                0x00000000080124fc       0x60 contiki-stm32nucleo-spirit1.a(rpl-mrhof.o)
 .text.rank_via_parent
                0x000000000801255c       0x64 contiki-stm32nucleo-spirit1.a(rpl-mrhof.o)
 .text.parent_is_acceptable
                0x00000000080125c0       0x3c contiki-stm32nucleo-spirit1.a(rpl-mrhof.o)
 .text.parent_has_usable_link
                0x00000000080125fc       0x28 contiki-stm32nucleo-spirit1.a(rpl-mrhof.o)
 .text.best_parent
                0x0000000008012624       0xc8 contiki-stm32nucleo-spirit1.a(rpl-mrhof.o)
 .text.best_dag
                0x00000000080126ec       0x68 contiki-stm32nucleo-spirit1.a(rpl-mrhof.o)
 .text.update_metric_container
                0x0000000008012754       0x18 contiki-stm32nucleo-spirit1.a(rpl-mrhof.o)
 .text.queuebuf_load_to_ram
                0x000000000801276c       0x18 contiki-stm32nucleo-spirit1.a(queuebuf.o)
 .text.queuebuf_init
                0x0000000008012784       0x1c contiki-stm32nucleo-spirit1.a(queuebuf.o)
                0x0000000008012784                queuebuf_init
 .text.queuebuf_numfree
                0x00000000080127a0       0x14 contiki-stm32nucleo-spirit1.a(queuebuf.o)
                0x00000000080127a0                queuebuf_numfree
 .text.queuebuf_new_from_packetbuf
                0x00000000080127b4       0x70 contiki-stm32nucleo-spirit1.a(queuebuf.o)
                0x00000000080127b4                queuebuf_new_from_packetbuf
 .text.queuebuf_update_attr_from_packetbuf
                0x0000000008012824       0x28 contiki-stm32nucleo-spirit1.a(queuebuf.o)
                0x0000000008012824                queuebuf_update_attr_from_packetbuf
 .text.queuebuf_free
                0x000000000801284c       0x38 contiki-stm32nucleo-spirit1.a(queuebuf.o)
                0x000000000801284c                queuebuf_free
 .text.queuebuf_to_packetbuf
                0x0000000008012884       0x4c contiki-stm32nucleo-spirit1.a(queuebuf.o)
                0x0000000008012884                queuebuf_to_packetbuf
 .text.queuebuf_attr
                0x00000000080128d0       0x28 contiki-stm32nucleo-spirit1.a(queuebuf.o)
                0x00000000080128d0                queuebuf_attr
 .text.key_from_index
                0x00000000080128f8       0x34 contiki-stm32nucleo-spirit1.a(nbr-table.o)
 .text.item_from_index
                0x000000000801292c       0x38 contiki-stm32nucleo-spirit1.a(nbr-table.o)
 .text.index_from_key
                0x0000000008012964       0x38 contiki-stm32nucleo-spirit1.a(nbr-table.o)
 .text.index_from_item
                0x000000000801299c       0x38 contiki-stm32nucleo-spirit1.a(nbr-table.o)
 .text.item_from_key
                0x00000000080129d4       0x24 contiki-stm32nucleo-spirit1.a(nbr-table.o)
 .text.key_from_item
                0x00000000080129f8       0x24 contiki-stm32nucleo-spirit1.a(nbr-table.o)
 .text.index_from_lladdr
                0x0000000008012a1c       0x64 contiki-stm32nucleo-spirit1.a(nbr-table.o)
 .text.nbr_get_bit
                0x0000000008012a80       0x50 contiki-stm32nucleo-spirit1.a(nbr-table.o)
 .text.nbr_set_bit
                0x0000000008012ad0       0x8c contiki-stm32nucleo-spirit1.a(nbr-table.o)
 .text.remove_key
                0x0000000008012b5c       0x98 contiki-stm32nucleo-spirit1.a(nbr-table.o)
 .text.nbr_table_allocate
                0x0000000008012bf4      0x128 contiki-stm32nucleo-spirit1.a(nbr-table.o)
 .text.nbr_table_register
                0x0000000008012d1c       0x50 contiki-stm32nucleo-spirit1.a(nbr-table.o)
                0x0000000008012d1c                nbr_table_register
 .text.nbr_table_head
                0x0000000008012d6c       0x4c contiki-stm32nucleo-spirit1.a(nbr-table.o)
                0x0000000008012d6c                nbr_table_head
 .text.nbr_table_next
                0x0000000008012db8       0x4c contiki-stm32nucleo-spirit1.a(nbr-table.o)
                0x0000000008012db8                nbr_table_next
 .text.nbr_table_add_lladdr
                0x0000000008012e04       0x9c contiki-stm32nucleo-spirit1.a(nbr-table.o)
                0x0000000008012e04                nbr_table_add_lladdr
 .text.nbr_table_get_from_lladdr
                0x0000000008012ea0       0x40 contiki-stm32nucleo-spirit1.a(nbr-table.o)
                0x0000000008012ea0                nbr_table_get_from_lladdr
 .text.nbr_table_remove
                0x0000000008012ee0       0x38 contiki-stm32nucleo-spirit1.a(nbr-table.o)
                0x0000000008012ee0                nbr_table_remove
 .text.nbr_table_lock
                0x0000000008012f18       0x24 contiki-stm32nucleo-spirit1.a(nbr-table.o)
                0x0000000008012f18                nbr_table_lock
 .text.nbr_table_unlock
                0x0000000008012f3c       0x24 contiki-stm32nucleo-spirit1.a(nbr-table.o)
                0x0000000008012f3c                nbr_table_unlock
 .text.nbr_table_get_lladdr
                0x0000000008012f60       0x2c contiki-stm32nucleo-spirit1.a(nbr-table.o)
                0x0000000008012f60                nbr_table_get_lladdr
 .text.nbr_table_update_lladdr
                0x0000000008012f8c       0x74 contiki-stm32nucleo-spirit1.a(nbr-table.o)
                0x0000000008012f8c                nbr_table_update_lladdr
 .text.packetbuf_clear
                0x0000000008013000       0x2c contiki-stm32nucleo-spirit1.a(packetbuf.o)
                0x0000000008013000                packetbuf_clear
 .text.packetbuf_copyfrom
                0x000000000801302c       0x44 contiki-stm32nucleo-spirit1.a(packetbuf.o)
                0x000000000801302c                packetbuf_copyfrom
 .text.packetbuf_copyto
                0x0000000008013070       0x6c contiki-stm32nucleo-spirit1.a(packetbuf.o)