
   text	   data	    bss	    dec	    hex	filename
 161280	   3424	  12360	 177064	  2b3a8	sensor-demoestesi.stm32nucleo-spirit1

   text	   data	    bss	    dec	    hex	filename
 161264	   3424	  12360	 177048	  2b398	sensor-demoestesi.stm32nucleo-spirit1

   text	   data	    bss	    dec	    hex	filename
 161264	   3424	  12360	 177048	  2b398	sensor-demoestesi.stm32nucleo-spirit1

   text	   data	    bss	    dec	    hex	filename
 161264	   3424	  12360	 177048	  2b398	sensor-demoestesi.stm32nucleo-spirit1

   text	   data	    bss	    dec	    hex	filename
 161264	   3424	  12360	 177048	  2b398	sensor-demoestesi.stm32nucleo-spirit1

   text	   data	    bss	    dec	    hex	filename
 161256	   3424	  12360	 177040	  2b390	sensor-demoestesi.stm32nucleo-spirit1

   text	   data	    bss	    dec	    hex	filename
 161264	   3424	  12360	 177048	  2b398	sensor-demoestesi.stm32nucleo-spirit1

   text	   data	    bss	    dec	    hex	filename
 161264	   3424	  12360	 177048	  2b398	sensor-demoestesi.stm32nucleo-spirit1

   text	   data	    bss	    dec	    hex	filename
 161360	   3424	  12360	 177144	  2b3f8	sensor-demoestesi.stm32nucleo-spirit1

   text	   data	    bss	    dec	    hex	filename
 161360	   3424	  12360	 177144	  2b3f8	sensor-demoestesi.stm32nucleo-spirit1

   text	   data	    bss	    dec	    hex	filename
 161360	   3424	  12360	 177144	  2b3f8	sensor-demoestesi.stm32nucleo-spirit1
